Archive member included to satisfy reference by file (symbol)

/Applications/STM32CubeIDE.app/Contents/Eclipse/plugins/com.st.stm32cube.ide.mcu.externaltools.gnu-tools-for-stm32.10.3-2021.10.macos64_1.0.0.202111181127/tools/bin/../lib/gcc/arm-none-eabi/10.3.1/../../../../arm-none-eabi/lib/thumb/v7e-m+fp/hard/libc_nano.a(lib_a-errno.o)
                              ./Core/Src/syscalls.o (__errno)
/Applications/STM32CubeIDE.app/Contents/Eclipse/plugins/com.st.stm32cube.ide.mcu.externaltools.gnu-tools-for-stm32.10.3-2021.10.macos64_1.0.0.202111181127/tools/bin/../lib/gcc/arm-none-eabi/10.3.1/../../../../arm-none-eabi/lib/thumb/v7e-m+fp/hard/libc_nano.a(lib_a-exit.o)
                              /Applications/STM32CubeIDE.app/Contents/Eclipse/plugins/com.st.stm32cube.ide.mcu.externaltools.gnu-tools-for-stm32.10.3-2021.10.macos64_1.0.0.202111181127/tools/bin/../lib/gcc/arm-none-eabi/10.3.1/../../../../arm-none-eabi/lib/thumb/v7e-m+fp/hard/crt0.o (exit)
/Applications/STM32CubeIDE.app/Contents/Eclipse/plugins/com.st.stm32cube.ide.mcu.externaltools.gnu-tools-for-stm32.10.3-2021.10.macos64_1.0.0.202111181127/tools/bin/../lib/gcc/arm-none-eabi/10.3.1/../../../../arm-none-eabi/lib/thumb/v7e-m+fp/hard/libc_nano.a(lib_a-impure.o)
                              /Applications/STM32CubeIDE.app/Contents/Eclipse/plugins/com.st.stm32cube.ide.mcu.externaltools.gnu-tools-for-stm32.10.3-2021.10.macos64_1.0.0.202111181127/tools/bin/../lib/gcc/arm-none-eabi/10.3.1/../../../../arm-none-eabi/lib/thumb/v7e-m+fp/hard/libc_nano.a(lib_a-exit.o) (_global_impure_ptr)
/Applications/STM32CubeIDE.app/Contents/Eclipse/plugins/com.st.stm32cube.ide.mcu.externaltools.gnu-tools-for-stm32.10.3-2021.10.macos64_1.0.0.202111181127/tools/bin/../lib/gcc/arm-none-eabi/10.3.1/../../../../arm-none-eabi/lib/thumb/v7e-m+fp/hard/libc_nano.a(lib_a-init.o)
                              /Applications/STM32CubeIDE.app/Contents/Eclipse/plugins/com.st.stm32cube.ide.mcu.externaltools.gnu-tools-for-stm32.10.3-2021.10.macos64_1.0.0.202111181127/tools/bin/../lib/gcc/arm-none-eabi/10.3.1/../../../../arm-none-eabi/lib/thumb/v7e-m+fp/hard/crt0.o (__libc_init_array)
/Applications/STM32CubeIDE.app/Contents/Eclipse/plugins/com.st.stm32cube.ide.mcu.externaltools.gnu-tools-for-stm32.10.3-2021.10.macos64_1.0.0.202111181127/tools/bin/../lib/gcc/arm-none-eabi/10.3.1/../../../../arm-none-eabi/lib/thumb/v7e-m+fp/hard/libc_nano.a(lib_a-itoa.o)
                              ./Core/Src/main.o (itoa)
/Applications/STM32CubeIDE.app/Contents/Eclipse/plugins/com.st.stm32cube.ide.mcu.externaltools.gnu-tools-for-stm32.10.3-2021.10.macos64_1.0.0.202111181127/tools/bin/../lib/gcc/arm-none-eabi/10.3.1/../../../../arm-none-eabi/lib/thumb/v7e-m+fp/hard/libc_nano.a(lib_a-malloc.o)
                              ./Core/Src/File_Handling.o (malloc)
/Applications/STM32CubeIDE.app/Contents/Eclipse/plugins/com.st.stm32cube.ide.mcu.externaltools.gnu-tools-for-stm32.10.3-2021.10.macos64_1.0.0.202111181127/tools/bin/../lib/gcc/arm-none-eabi/10.3.1/../../../../arm-none-eabi/lib/thumb/v7e-m+fp/hard/libc_nano.a(lib_a-memcpy-stub.o)
                              ./Middlewares/ST/STM32_USB_Host_Library/Class/MSC/Src/usbh_msc.o (memcpy)
/Applications/STM32CubeIDE.app/Contents/Eclipse/plugins/com.st.stm32cube.ide.mcu.externaltools.gnu-tools-for-stm32.10.3-2021.10.macos64_1.0.0.202111181127/tools/bin/../lib/gcc/arm-none-eabi/10.3.1/../../../../arm-none-eabi/lib/thumb/v7e-m+fp/hard/libc_nano.a(lib_a-memset.o)
                              /Applications/STM32CubeIDE.app/Contents/Eclipse/plugins/com.st.stm32cube.ide.mcu.externaltools.gnu-tools-for-stm32.10.3-2021.10.macos64_1.0.0.202111181127/tools/bin/../lib/gcc/arm-none-eabi/10.3.1/../../../../arm-none-eabi/lib/thumb/v7e-m+fp/hard/crt0.o (memset)
/Applications/STM32CubeIDE.app/Contents/Eclipse/plugins/com.st.stm32cube.ide.mcu.externaltools.gnu-tools-for-stm32.10.3-2021.10.macos64_1.0.0.202111181127/tools/bin/../lib/gcc/arm-none-eabi/10.3.1/../../../../arm-none-eabi/lib/thumb/v7e-m+fp/hard/libc_nano.a(lib_a-nano-freer.o)
                              /Applications/STM32CubeIDE.app/Contents/Eclipse/plugins/com.st.stm32cube.ide.mcu.externaltools.gnu-tools-for-stm32.10.3-2021.10.macos64_1.0.0.202111181127/tools/bin/../lib/gcc/arm-none-eabi/10.3.1/../../../../arm-none-eabi/lib/thumb/v7e-m+fp/hard/libc_nano.a(lib_a-malloc.o) (_free_r)
/Applications/STM32CubeIDE.app/Contents/Eclipse/plugins/com.st.stm32cube.ide.mcu.externaltools.gnu-tools-for-stm32.10.3-2021.10.macos64_1.0.0.202111181127/tools/bin/../lib/gcc/arm-none-eabi/10.3.1/../../../../arm-none-eabi/lib/thumb/v7e-m+fp/hard/libc_nano.a(lib_a-nano-mallocr.o)
                              /Applications/STM32CubeIDE.app/Contents/Eclipse/plugins/com.st.stm32cube.ide.mcu.externaltools.gnu-tools-for-stm32.10.3-2021.10.macos64_1.0.0.202111181127/tools/bin/../lib/gcc/arm-none-eabi/10.3.1/../../../../arm-none-eabi/lib/thumb/v7e-m+fp/hard/libc_nano.a(lib_a-malloc.o) (_malloc_r)
[...]
Memory Configuration

Name             Origin             Length             Attributes
RAM              0x0000000020000000 0x0000000000050000 xrw
RAM2             0x0000000010000000 0x0000000000010000 xrw
FLASH            0x0000000008000000 0x0000000000100000 xr
*default*        0x0000000000000000 0xffffffffffffffff

Linker script and memory map

LOAD /Applications/STM32CubeIDE.app/Contents/Eclipse/plugins/com.st.stm32cube.ide.mcu.externaltools.gnu-tools-for-stm32.10.3-2021.10.macos64_1.0.0.202111181127/tools/bin/../lib/gcc/arm-none-eabi/10.3.1/thumb/v7e-m+fp/hard/crti.o
LOAD /Applications/STM32CubeIDE.app/Contents/Eclipse/plugins/com.st.stm32cube.ide.mcu.externaltools.gnu-tools-for-stm32.10.3-2021.10.macos64_1.0.0.202111181127/tools/bin/../lib/gcc/arm-none-eabi/10.3.1/thumb/v7e-m+fp/hard/crtbegin.o
LOAD /Applications/STM32CubeIDE.app/Contents/Eclipse/plugins/com.st.stm32cube.ide.mcu.externaltools.gnu-tools-for-stm32.10.3-2021.10.macos64_1.0.0.202111181127/tools/bin/../lib/gcc/arm-none-eabi/10.3.1/../../../../arm-none-eabi/lib/thumb/v7e-m+fp/hard/crt0.o
LOAD ./Core/Src/File_Handling.o
LOAD ./Core/Src/main.o
LOAD ./Core/Src/stm32l4xx_hal_msp.o
LOAD ./Core/Src/stm32l4xx_it.o
LOAD ./Core/Src/syscalls.o
LOAD ./Core/Src/sysmem.o
LOAD ./Core/Src/system_stm32l4xx.o
LOAD ./Core/Startup/startup_stm32l496zgtxp.o
LOAD ./Drivers/STM32L4xx_HAL_Driver/Src/stm32l4xx_hal.o
LOAD ./Drivers/STM32L4xx_HAL_Driver/Src/stm32l4xx_hal_adc.o
LOAD ./Drivers/STM32L4xx_HAL_Driver/Src/stm32l4xx_hal_adc_ex.o
LOAD ./Drivers/STM32L4xx_HAL_Driver/Src/stm32l4xx_hal_cortex.o
LOAD ./Drivers/STM32L4xx_HAL_Driver/Src/stm32l4xx_hal_dma.o
LOAD ./Drivers/STM32L4xx_HAL_Driver/Src/stm32l4xx_hal_dma_ex.o
LOAD ./Drivers/STM32L4xx_HAL_Driver/Src/stm32l4xx_hal_exti.o
LOAD ./Drivers/STM32L4xx_HAL_Driver/Src/stm32l4xx_hal_flash.o
LOAD ./Drivers/STM32L4xx_HAL_Driver/Src/stm32l4xx_hal_flash_ex.o
LOAD ./Drivers/STM32L4xx_HAL_Driver/Src/stm32l4xx_hal_flash_ramfunc.o
LOAD ./Drivers/STM32L4xx_HAL_Driver/Src/stm32l4xx_hal_gpio.o
LOAD ./Drivers/STM32L4xx_HAL_Driver/Src/stm32l4xx_hal_hcd.o
LOAD ./Drivers/STM32L4xx_HAL_Driver/Src/stm32l4xx_hal_i2c.o
LOAD ./Drivers/STM32L4xx_HAL_Driver/Src/stm32l4xx_hal_i2c_ex.o
LOAD ./Drivers/STM32L4xx_HAL_Driver/Src/stm32l4xx_hal_pwr.o
LOAD ./Drivers/STM32L4xx_HAL_Driver/Src/stm32l4xx_hal_pwr_ex.o
LOAD ./Drivers/STM32L4xx_HAL_Driver/Src/stm32l4xx_hal_rcc.o
LOAD ./Drivers/STM32L4xx_HAL_Driver/Src/stm32l4xx_hal_rcc_ex.o
LOAD ./Drivers/STM32L4xx_HAL_Driver/Src/stm32l4xx_hal_tim.o
LOAD ./Drivers/STM32L4xx_HAL_Driver/Src/stm32l4xx_hal_tim_ex.o
LOAD ./Drivers/STM32L4xx_HAL_Driver/Src/stm32l4xx_hal_uart.o
LOAD ./Drivers/STM32L4xx_HAL_Driver/Src/stm32l4xx_hal_uart_ex.o
LOAD ./Drivers/STM32L4xx_HAL_Driver/Src/stm32l4xx_ll_usb.o
LOAD ./FATFS/App/fatfs.o
LOAD ./FATFS/Target/usbh_diskio.o
LOAD ./Middlewares/ST/STM32_USB_Host_Library/Class/MSC/Src/usbh_msc.o
LOAD ./Middlewares/ST/STM32_USB_Host_Library/Class/MSC/Src/usbh_msc_bot.o
LOAD ./Middlewares/ST/STM32_USB_Host_Library/Class/MSC/Src/usbh_msc_scsi.o
LOAD ./Middlewares/ST/STM32_USB_Host_Library/Core/Src/usbh_core.o
LOAD ./Middlewares/ST/STM32_USB_Host_Library/Core/Src/usbh_ctlreq.o
LOAD ./Middlewares/ST/STM32_USB_Host_Library/Core/Src/usbh_ioreq.o
LOAD ./Middlewares/ST/STM32_USB_Host_Library/Core/Src/usbh_pipes.o
LOAD ./Middlewares/Third_Party/FatFs/src/diskio.o
LOAD ./Middlewares/Third_Party/FatFs/src/ff.o
LOAD ./Middlewares/Third_Party/FatFs/src/ff_gen_drv.o
LOAD ./Middlewares/Third_Party/FatFs/src/option/ccsbcs.o
LOAD ./Middlewares/Third_Party/FatFs/src/option/syscall.o
LOAD ./USB_HOST/App/usb_host.o
LOAD ./USB_HOST/Target/usbh_conf.o
LOAD ./USB_HOST/Target/usbh_platform.o
START GROUP
LOAD /Applications/STM32CubeIDE.app/Contents/Eclipse/plugins/com.st.stm32cube.ide.mcu.externaltools.gnu-tools-for-stm32.10.3-2021.10.macos64_1.0.0.202111181127/tools/bin/../lib/gcc/arm-none-eabi/10.3.1/../../../../arm-none-eabi/lib/thumb/v7e-m+fp/hard/libc_nano.a
LOAD /Applications/STM32CubeIDE.app/Contents/Eclipse/plugins/com.st.stm32cube.ide.mcu.externaltools.gnu-tools-for-stm32.10.3-2021.10.macos64_1.0.0.202111181127/tools/bin/../lib/gcc/arm-none-eabi/10.3.1/../../../../arm-none-eabi/lib/thumb/v7e-m+fp/hard/libm.a
END GROUP
START GROUP
LOAD /Applications/STM32CubeIDE.app/Contents/Eclipse/plugins/com.st.stm32cube.ide.mcu.externaltools.gnu-tools-for-stm32.10.3-2021.10.macos64_1.0.0.202111181127/tools/bin/../lib/gcc/arm-none-eabi/10.3.1/thumb/v7e-m+fp/hard/libgcc.a
LOAD /Applications/STM32CubeIDE.app/Contents/Eclipse/plugins/com.st.stm32cube.ide.mcu.externaltools.gnu-tools-for-stm32.10.3-2021.10.macos64_1.0.0.202111181127/tools/bin/../lib/gcc/arm-none-eabi/10.3.1/../../../../arm-none-eabi/lib/thumb/v7e-m+fp/hard/libc_nano.a
END GROUP
START GROUP
LOAD /Applications/STM32CubeIDE.app/Contents/Eclipse/plugins/com.st.stm32cube.ide.mcu.externaltools.gnu-tools-for-stm32.10.3-2021.10.macos64_1.0.0.202111181127/tools/bin/../lib/gcc/arm-none-eabi/10.3.1/thumb/v7e-m+fp/hard/libgcc.a
LOAD /Applications/STM32CubeIDE.app/Contents/Eclipse/plugins/com.st.stm32cube.ide.mcu.externaltools.gnu-tools-for-stm32.10.3-2021.10.macos64_1.0.0.202111181127/tools/bin/../lib/gcc/arm-none-eabi/10.3.1/../../../../arm-none-eabi/lib/thumb/v7e-m+fp/hard/libc_nano.a
LOAD /Applications/STM32CubeIDE.app/Contents/Eclipse/plugins/com.st.stm32cube.ide.mcu.externaltools.gnu-tools-for-stm32.10.3-2021.10.macos64_1.0.0.202111181127/tools/bin/../lib/gcc/arm-none-eabi/10.3.1/../../../../arm-none-eabi/lib/thumb/v7e-m+fp/hard/libnosys.a
END GROUP
START GROUP
LOAD /Applications/STM32CubeIDE.app/Contents/Eclipse/plugins/com.st.stm32cube.ide.mcu.externaltools.gnu-tools-for-stm32.10.3-2021.10.macos64_1.0.0.202111181127/tools/bin/../lib/gcc/arm-none-eabi/10.3.1/thumb/v7e-m+fp/hard/libgcc.a
LOAD /Applications/STM32CubeIDE.app/Contents/Eclipse/plugins/com.st.stm32cube.ide.mcu.externaltools.gnu-tools-for-stm32.10.3-2021.10.macos64_1.0.0.202111181127/tools/bin/../lib/gcc/arm-none-eabi/10.3.1/../../../../arm-none-eabi/lib/thumb/v7e-m+fp/hard/libc_nano.a
LOAD /Applications/STM32CubeIDE.app/Contents/Eclipse/plugins/com.st.stm32cube.ide.mcu.externaltools.gnu-tools-for-stm32.10.3-2021.10.macos64_1.0.0.202111181127/tools/bin/../lib/gcc/arm-none-eabi/10.3.1/../../../../arm-none-eabi/lib/thumb/v7e-m+fp/hard/libnosys.a
END GROUP
LOAD /Applications/STM32CubeIDE.app/Contents/Eclipse/plugins/com.st.stm32cube.ide.mcu.externaltools.gnu-tools-for-stm32.10.3-2021.10.macos64_1.0.0.202111181127/tools/bin/../lib/gcc/arm-none-eabi/10.3.1/thumb/v7e-m+fp/hard/crtend.o
LOAD /Applications/STM32CubeIDE.app/Contents/Eclipse/plugins/com.st.stm32cube.ide.mcu.externaltools.gnu-tools-for-stm32.10.3-2021.10.macos64_1.0.0.202111181127/tools/bin/../lib/gcc/arm-none-eabi/10.3.1/thumb/v7e-m+fp/hard/crtn.o
                0x0000000020050000                _estack = (ORIGIN (RAM) + LENGTH (RAM))
                0x0000000000000200                _Min_Heap_Size = 0x200
                0x0000000000000400                _Min_Stack_Size = 0x400

.isr_vector     0x0000000008000000      0x1ac
                0x0000000008000000                . = ALIGN (0x4)
 *(.isr_vector)
 .isr_vector    0x0000000008000000      0x1ac ./Core/Startup/startup_stm32l496zgtxp.o
                0x0000000008000000                g_pfnVectors
                0x00000000080001ac                . = ALIGN (0x4)

.text           0x00000000080001b0    0x10d0c
                0x00000000080001b0                . = ALIGN (0x4)
 *(.text)
 .text          0x00000000080001b0       0x40 /Applications/STM32CubeIDE.app/Contents/Eclipse/plugins/com.st.stm32cube.ide.mcu.externaltools.gnu-tools-for-stm32.10.3-2021.10.macos64_1.0.0.202111181127/tools/bin/../lib/gcc/arm-none-eabi/10.3.1/thumb/v7e-m+fp/hard/crtbegin.o
 .text          0x00000000080001f0       0x14 /Applications/STM32CubeIDE.app/Contents/Eclipse/plugins/com.st.stm32cube.ide.mcu.externaltools.gnu-tools-for-stm32.10.3-2021.10.macos64_1.0.0.202111181127/tools/bin/../lib/gcc/arm-none-eabi/10.3.1/../../../../arm-none-eabi/lib/thumb/v7e-m+fp/hard/libc_nano.a(lib_a-strcmp.o)
                0x00000000080001f0                strcmp
 .text          0x0000000008000204       0x10 /Applications/STM32CubeIDE.app/Contents/Eclipse/plugins/com.st.stm32cube.ide.mcu.externaltools.gnu-tools-for-stm32.10.3-2021.10.macos64_1.0.0.202111181127/tools/bin/../lib/gcc/arm-none-eabi/10.3.1/../../../../arm-none-eabi/lib/thumb/v7e-m+fp/hard/libc_nano.a(lib_a-strlen.o)
                0x0000000008000204                strlen
 *fill*         0x0000000008000214        0xc 
 .text          0x0000000008000220       0xa0 /Applications/STM32CubeIDE.app/Contents/Eclipse/plugins/com.st.stm32cube.ide.mcu.externaltools.gnu-tools-for-stm32.10.3-2021.10.macos64_1.0.0.202111181127/tools/bin/../lib/gcc/arm-none-eabi/10.3.1/../../../../arm-none-eabi/lib/thumb/v7e-m+fp/hard/libc_nano.a(lib_a-memchr.o)
                0x0000000008000220                memchr
 .text          0x00000000080002c0      0x254 /Applications/STM32CubeIDE.app/Contents/Eclipse/plugins/com.st.stm32cube.ide.mcu.externaltools.gnu-tools-for-stm32.10.3-2021.10.macos64_1.0.0.202111181127/tools/bin/../lib/gcc/arm-none-eabi/10.3.1/thumb/v7e-m+fp/hard/libgcc.a(_arm_muldf3.o)
                0x00000000080002c0                __aeabi_dmul
                0x00000000080002c0                __muldf3
 .text          0x0000000008000514      0x378 /Applications/STM32CubeIDE.app/Contents/Eclipse/plugins/com.st.stm32cube.ide.mcu.externaltools.gnu-tools-for-stm32.10.3-2021.10.macos64_1.0.0.202111181127/tools/bin/../lib/gcc/arm-none-eabi/10.3.1/thumb/v7e-m+fp/hard/libgcc.a(_arm_addsubdf3.o)
                0x0000000008000514                __aeabi_drsub
                0x000000000800051c                __subdf3
                0x000000000800051c                __aeabi_dsub
                0x0000000008000520                __aeabi_dadd
                0x0000000008000520                __adddf3
                0x0000000008000798                __aeabi_ui2d
                0x0000000008000798                __floatunsidf
                0x00000000080007b8                __floatsidf
                0x00000000080007b8                __aeabi_i2d
                0x00000000080007dc                __extendsfdf2
                0x00000000080007dc                __aeabi_f2d
                0x0000000008000820                __aeabi_ul2d
                0x0000000008000820                __floatundidf
                0x0000000008000830                __aeabi_l2d
                0x0000000008000830                __floatdidf
 .text          0x000000000800088c       0x40 /Applications/STM32CubeIDE.app/Contents/Eclipse/plugins/com.st.stm32cube.ide.mcu.externaltools.gnu-tools-for-stm32.10.3-2021.10.macos64_1.0.0.202111181127/tools/bin/../lib/gcc/arm-none-eabi/10.3.1/thumb/v7e-m+fp/hard/libgcc.a(_arm_fixunsdfsi.o)
                0x000000000800088c                __fixunsdfsi
                0x000000000800088c                __aeabi_d2uiz
 .text          0x00000000080008cc       0x30 /Applications/STM32CubeIDE.app/Contents/Eclipse/plugins/com.st.stm32cube.ide.mcu.externaltools.gnu-tools-for-stm32.10.3-2021.10.macos64_1.0.0.202111181127/tools/bin/../lib/gcc/arm-none-eabi/10.3.1/thumb/v7e-m+fp/hard/libgcc.a(_aeabi_uldivmod.o)
                0x00000000080008cc                __aeabi_uldivmod
 .text          0x00000000080008fc      0x2d0 /Applications/STM32CubeIDE.app/Contents/Eclipse/plugins/com.st.stm32cube.ide.mcu.externaltools.gnu-tools-for-stm32.10.3-2021.10.macos64_1.0.0.202111181127/tools/bin/../lib/gcc/arm-none-eabi/10.3.1/thumb/v7e-m+fp/hard/libgcc.a(_udivmoddi4.o)
                0x00000000080008fc                __udivmoddi4
 .text          0x0000000008000bcc        0x4 /Applications/STM32CubeIDE.app/Contents/Eclipse/plugins/com.st.stm32cube.ide.mcu.externaltools.gnu-tools-for-stm32.10.3-2021.10.macos64_1.0.0.202111181127/tools/bin/../lib/gcc/arm-none-eabi/10.3.1/thumb/v7e-m+fp/hard/libgcc.a(_dvmd_tls.o)
                0x0000000008000bcc                __aeabi_ldiv0
                0x0000000008000bcc                __aeabi_idiv0
 *(.text*)
 .text.Send_Uart
                0x0000000008000bd0       0x2c ./Core/Src/File_Handling.o
                0x0000000008000bd0                Send_Uart
 .text.Mount_USB
                0x0000000008000bfc       0x58 ./Core/Src/File_Handling.o
                0x0000000008000bfc                Mount_USB
 .text.Unmount_USB
                0x0000000008000c54       0x40 ./Core/Src/File_Handling.o
                0x0000000008000c54                Unmount_USB
 .text.Scan_USB
                0x0000000008000c94      0x14c ./Core/Src/File_Handling.o
                0x0000000008000c94                Scan_USB
 .text.Write_File
                0x0000000008000de0      0x188 ./Core/Src/File_Handling.o
                0x0000000008000de0                Write_File
 .text.Create_File
                0x0000000008000f68      0x138 ./Core/Src/File_Handling.o
                0x0000000008000f68                Create_File
 .text.Create_Dir
                0x00000000080010a0       0x80 ./Core/Src/File_Handling.o
                0x00000000080010a0                Create_Dir
 .text.Check_USB_Details
                0x0000000008001120       0xe8 ./Core/Src/File_Handling.o
                0x0000000008001120                Check_USB_Details
 .text.main     0x0000000008001208       0x78 ./Core/Src/main.o
                0x0000000008001208                main
 .text.SystemClock_Config
                0x0000000008001280       0xc4 ./Core/Src/main.o
                0x0000000008001280                SystemClock_Config
 .text.PeriphCommonClock_Config
                0x0000000008001344       0x5e ./Core/Src/main.o
                0x0000000008001344                PeriphCommonClock_Config
 *fill*         0x00000000080013a2        0x2 
 .text.MX_ADC1_Init
                0x00000000080013a4       0xf0 ./Core/Src/main.o
 .text.MX_LPUART1_UART_Init
                0x0000000008001494       0x58 ./Core/Src/main.o
 .text.MX_GPIO_Init
                0x00000000080014ec       0x98 ./Core/Src/main.o
 .text.Error_Handler
                0x0000000008001584        0xa ./Core/Src/main.o
                0x0000000008001584                Error_Handler
 *fill*         0x000000000800158e        0x2 
 .text.HAL_MspInit
                0x0000000008001590       0x48 ./Core/Src/stm32l4xx_hal_msp.o
                0x0000000008001590                HAL_MspInit
 .text.HAL_ADC_MspInit
                0x00000000080015d8       0x7c ./Core/Src/stm32l4xx_hal_msp.o
                0x00000000080015d8                HAL_ADC_MspInit
 .text.HAL_UART_MspInit
                0x0000000008001654       0xd0 ./Core/Src/stm32l4xx_hal_msp.o
                0x0000000008001654                HAL_UART_MspInit
 .text.NMI_Handler
                0x0000000008001724        0x6 ./Core/Src/stm32l4xx_it.o
                0x0000000008001724                NMI_Handler
 .text.HardFault_Handler
                0x000000000800172a        0x6 ./Core/Src/stm32l4xx_it.o
                0x000000000800172a                HardFault_Handler
 .text.MemManage_Handler
                0x0000000008001730        0x6 ./Core/Src/stm32l4xx_it.o
                0x0000000008001730                MemManage_Handler
 .text.BusFault_Handler
                0x0000000008001736        0x6 ./Core/Src/stm32l4xx_it.o
                0x0000000008001736                BusFault_Handler
 .text.UsageFault_Handler
                0x000000000800173c        0x6 ./Core/Src/stm32l4xx_it.o
                0x000000000800173c                UsageFault_Handler
 .text.SVC_Handler
                0x0000000008001742        0xe ./Core/Src/stm32l4xx_it.o
                0x0000000008001742                SVC_Handler
 .text.DebugMon_Handler
                0x0000000008001750        0xe ./Core/Src/stm32l4xx_it.o
                0x0000000008001750                DebugMon_Handler
 .text.PendSV_Handler
                0x000000000800175e        0xe ./Core/Src/stm32l4xx_it.o
                0x000000000800175e                PendSV_Handler
 .text.SysTick_Handler
                0x000000000800176c        0xc ./Core/Src/stm32l4xx_it.o
                0x000000000800176c                SysTick_Handler
 .text.OTG_FS_IRQHandler
                0x0000000008001778       0x14 ./Core/Src/stm32l4xx_it.o
                0x0000000008001778                OTG_FS_IRQHandler
 .text.LPUART1_IRQHandler
                0x000000000800178c       0x14 ./Core/Src/stm32l4xx_it.o
                0x000000000800178c                LPUART1_IRQHandler
 .text._read    0x00000000080017a0       0x3a ./Core/Src/syscalls.o
                0x00000000080017a0                _read
 .text._write   0x00000000080017da       0x38 ./Core/Src/syscalls.o
                0x00000000080017da                _write
 .text._close   0x0000000008001812       0x18 ./Core/Src/syscalls.o
                0x0000000008001812                _close
 .text._fstat   0x000000000800182a       0x20 ./Core/Src/syscalls.o
                0x000000000800182a                _fstat
 .text._isatty  0x000000000800184a       0x16 ./Core/Src/syscalls.o
                0x000000000800184a                _isatty
 .text._lseek   0x0000000008001860       0x1a ./Core/Src/syscalls.o
                0x0000000008001860                _lseek
 *fill*         0x000000000800187a        0x2 
 .text._sbrk    0x000000000800187c       0x6c ./Core/Src/sysmem.o
                0x000000000800187c                _sbrk
 .text.SystemInit
                0x00000000080018e8       0x24 ./Core/Src/system_stm32l4xx.o
                0x00000000080018e8                SystemInit
 .text.Reset_Handler
                0x000000000800190c       0x50 ./Core/Startup/startup_stm32l496zgtxp.o
                0x000000000800190c                Reset_Handler
 .text.Default_Handler
                0x000000000800195c        0x2 ./Core/Startup/startup_stm32l496zgtxp.o
                0x000000000800195c                TIM1_BRK_TIM15_IRQHandler
                0x000000000800195c                EXTI2_IRQHandler
                0x000000000800195c                TIM8_TRG_COM_IRQHandler
                0x000000000800195c                TIM8_CC_IRQHandler
                0x000000000800195c                TIM1_CC_IRQHandler
                0x000000000800195c                TSC_IRQHandler
                0x000000000800195c                TAMP_STAMP_IRQHandler
                0x000000000800195c                CAN2_RX1_IRQHandler
                0x000000000800195c                EXTI3_IRQHandler
                0x000000000800195c                LPTIM2_IRQHandler
                0x000000000800195c                DFSDM1_FLT1_IRQHandler
                0x000000000800195c                I2C3_ER_IRQHandler
                0x000000000800195c                DFSDM1_FLT2_IRQHandler
                0x000000000800195c                EXTI0_IRQHandler
                0x000000000800195c                I2C2_EV_IRQHandler
                0x000000000800195c                CAN1_RX0_IRQHandler
                0x000000000800195c                FPU_IRQHandler
                0x000000000800195c                TIM1_UP_TIM16_IRQHandler
                0x000000000800195c                CAN2_SCE_IRQHandler
                0x000000000800195c                ADC1_2_IRQHandler
                0x000000000800195c                SPI1_IRQHandler
                0x000000000800195c                TIM6_DAC_IRQHandler
                0x000000000800195c                DCMI_IRQHandler
                0x000000000800195c                CAN2_RX0_IRQHandler
                0x000000000800195c                TIM8_UP_IRQHandler
                0x000000000800195c                DMA2_Channel2_IRQHandler
                0x000000000800195c                DMA1_Channel4_IRQHandler
                0x000000000800195c                SAI2_IRQHandler
                0x000000000800195c                DFSDM1_FLT3_IRQHandler
                0x000000000800195c                USART3_IRQHandler
                0x000000000800195c                DMA1_Channel7_IRQHandler
                0x000000000800195c                CAN1_RX1_IRQHandler
                0x000000000800195c                LCD_IRQHandler
                0x000000000800195c                UART5_IRQHandler
                0x000000000800195c                ADC3_IRQHandler
                0x000000000800195c                TIM4_IRQHandler
                0x000000000800195c                DMA2_Channel1_IRQHandler
                0x000000000800195c                QUADSPI_IRQHandler
                0x000000000800195c                I2C1_EV_IRQHandler
                0x000000000800195c                DMA1_Channel6_IRQHandler
                0x000000000800195c                UART4_IRQHandler
                0x000000000800195c                DMA2_Channel4_IRQHandler
                0x000000000800195c                TIM3_IRQHandler
                0x000000000800195c                RCC_IRQHandler
                0x000000000800195c                DMA1_Channel1_IRQHandler
                0x000000000800195c                Default_Handler
                0x000000000800195c                DMA2_Channel7_IRQHandler
                0x000000000800195c                EXTI15_10_IRQHandler
                0x000000000800195c                TIM7_IRQHandler
                0x000000000800195c                SDMMC1_IRQHandler
                0x000000000800195c                CAN2_TX_IRQHandler
                0x000000000800195c                TIM5_IRQHandler
                0x000000000800195c                I2C3_EV_IRQHandler
                0x000000000800195c                EXTI9_5_IRQHandler
                0x000000000800195c                RTC_WKUP_IRQHandler
                0x000000000800195c                PVD_PVM_IRQHandler
                0x000000000800195c                SPI2_IRQHandler
                0x000000000800195c                CAN1_TX_IRQHandler
                0x000000000800195c                DMA2_Channel5_IRQHandler
                0x000000000800195c                CRS_IRQHandler
                0x000000000800195c                DMA1_Channel5_IRQHandler
                0x000000000800195c                EXTI4_IRQHandler
                0x000000000800195c                RNG_IRQHandler
                0x000000000800195c                TIM1_TRG_COM_TIM17_IRQHandler
                0x000000000800195c                DMA1_Channel3_IRQHandler
                0x000000000800195c                COMP_IRQHandler
                0x000000000800195c                WWDG_IRQHandler
                0x000000000800195c                I2C4_EV_IRQHandler
                0x000000000800195c                DMA2_Channel6_IRQHandler
                0x000000000800195c                TIM2_IRQHandler
                0x000000000800195c                EXTI1_IRQHandler
                0x000000000800195c                USART2_IRQHandler
                0x000000000800195c                DFSDM1_FLT0_IRQHandler
                0x000000000800195c                I2C2_ER_IRQHandler
                0x000000000800195c                DMA1_Channel2_IRQHandler
                0x000000000800195c                TIM8_BRK_IRQHandler
                0x000000000800195c                CAN1_SCE_IRQHandler
                0x000000000800195c                FLASH_IRQHandler
                0x000000000800195c                USART1_IRQHandler
                0x000000000800195c                SPI3_IRQHandler
                0x000000000800195c                I2C1_ER_IRQHandler
                0x000000000800195c                FMC_IRQHandler
                0x000000000800195c                SWPMI1_IRQHandler
                0x000000000800195c                LPTIM1_IRQHandler
                0x000000000800195c                I2C4_ER_IRQHandler
                0x000000000800195c                SAI1_IRQHandler
                0x000000000800195c                DMA2_Channel3_IRQHandler
                0x000000000800195c                RTC_Alarm_IRQHandler
 .text.HAL_Init
                0x000000000800195e       0x30 ./Drivers/STM32L4xx_HAL_Driver/Src/stm32l4xx_hal.o
                0x000000000800195e                HAL_Init
 *fill*         0x000000000800198e        0x2 
 .text.HAL_InitTick
                0x0000000008001990       0x78 ./Drivers/STM32L4xx_HAL_Driver/Src/stm32l4xx_hal.o
                0x0000000008001990                HAL_InitTick
 .text.HAL_IncTick
                0x0000000008001a08       0x28 ./Drivers/STM32L4xx_HAL_Driver/Src/stm32l4xx_hal.o
                0x0000000008001a08                HAL_IncTick
 .text.HAL_GetTick
                0x0000000008001a30       0x18 ./Drivers/STM32L4xx_HAL_Driver/Src/stm32l4xx_hal.o
                0x0000000008001a30                HAL_GetTick
 .text.HAL_Delay
                0x0000000008001a48       0x48 ./Drivers/STM32L4xx_HAL_Driver/Src/stm32l4xx_hal.o
                0x0000000008001a48                HAL_Delay
 .text.LL_ADC_SetCommonClock
                0x0000000008001a90       0x26 ./Drivers/STM32L4xx_HAL_Driver/Src/stm32l4xx_hal_adc.o
 .text.LL_ADC_SetCommonPathInternalCh
                0x0000000008001ab6       0x26 ./Drivers/STM32L4xx_HAL_Driver/Src/stm32l4xx_hal_adc.o
 .text.LL_ADC_GetCommonPathInternalCh
                0x0000000008001adc       0x1c ./Drivers/STM32L4xx_HAL_Driver/Src/stm32l4xx_hal_adc.o
 .text.LL_ADC_SetOffset
                0x0000000008001af8       0x48 ./Drivers/STM32L4xx_HAL_Driver/Src/stm32l4xx_hal_adc.o
 .text.LL_ADC_GetOffsetChannel
                0x0000000008001b40       0x2c ./Drivers/STM32L4xx_HAL_Driver/Src/stm32l4xx_hal_adc.o
 .text.LL_ADC_SetOffsetState
                0x0000000008001b6c       0x36 ./Drivers/STM32L4xx_HAL_Driver/Src/stm32l4xx_hal_adc.o
 .text.LL_ADC_SetSamplingTimeCommonConfig
                0x0000000008001ba2       0x26 ./Drivers/STM32L4xx_HAL_Driver/Src/stm32l4xx_hal_adc.o
 .text.LL_ADC_REG_IsTriggerSourceSWStart
                0x0000000008001bc8       0x26 ./Drivers/STM32L4xx_HAL_Driver/Src/stm32l4xx_hal_adc.o
 .text.LL_ADC_REG_SetSequencerRanks
                0x0000000008001bee       0x58 ./Drivers/STM32L4xx_HAL_Driver/Src/stm32l4xx_hal_adc.o
 .text.LL_ADC_SetChannelSamplingTime
                0x0000000008001c46       0x56 ./Drivers/STM32L4xx_HAL_Driver/Src/stm32l4xx_hal_adc.o
 .text.LL_ADC_SetChannelSingleDiff
                0x0000000008001c9c       0x48 ./Drivers/STM32L4xx_HAL_Driver/Src/stm32l4xx_hal_adc.o
 .text.LL_ADC_GetMultimode
                0x0000000008001ce4       0x1c ./Drivers/STM32L4xx_HAL_Driver/Src/stm32l4xx_hal_adc.o
 .text.LL_ADC_GetMultiDMATransfer
                0x0000000008001d00       0x1c ./Drivers/STM32L4xx_HAL_Driver/Src/stm32l4xx_hal_adc.o
 .text.LL_ADC_DisableDeepPowerDown
                0x0000000008001d1c       0x24 ./Drivers/STM32L4xx_HAL_Driver/Src/stm32l4xx_hal_adc.o
 .text.LL_ADC_IsDeepPowerDownEnabled
                0x0000000008001d40       0x28 ./Drivers/STM32L4xx_HAL_Driver/Src/stm32l4xx_hal_adc.o
 .text.LL_ADC_EnableInternalRegulator
                0x0000000008001d68       0x28 ./Drivers/STM32L4xx_HAL_Driver/Src/stm32l4xx_hal_adc.o
 .text.LL_ADC_IsInternalRegulatorEnabled
                0x0000000008001d90       0x28 ./Drivers/STM32L4xx_HAL_Driver/Src/stm32l4xx_hal_adc.o
 .text.LL_ADC_Enable
                0x0000000008001db8       0x28 ./Drivers/STM32L4xx_HAL_Driver/Src/stm32l4xx_hal_adc.o
 .text.LL_ADC_IsEnabled
                0x0000000008001de0       0x26 ./Drivers/STM32L4xx_HAL_Driver/Src/stm32l4xx_hal_adc.o
 .text.LL_ADC_REG_StartConversion
                0x0000000008001e06       0x28 ./Drivers/STM32L4xx_HAL_Driver/Src/stm32l4xx_hal_adc.o
 .text.LL_ADC_REG_IsConversionOngoing
                0x0000000008001e2e       0x26 ./Drivers/STM32L4xx_HAL_Driver/Src/stm32l4xx_hal_adc.o
 .text.LL_ADC_INJ_IsConversionOngoing
                0x0000000008001e54       0x26 ./Drivers/STM32L4xx_HAL_Driver/Src/stm32l4xx_hal_adc.o
 *fill*         0x0000000008001e7a        0x2 
 .text.HAL_ADC_Init
                0x0000000008001e7c      0x2b4 ./Drivers/STM32L4xx_HAL_Driver/Src/stm32l4xx_hal_adc.o
                0x0000000008001e7c                HAL_ADC_Init
 .text.HAL_ADC_Start
                0x0000000008002130      0x174 ./Drivers/STM32L4xx_HAL_Driver/Src/stm32l4xx_hal_adc.o
                0x0000000008002130                HAL_ADC_Start
 .text.HAL_ADC_PollForConversion
                0x00000000080022a4      0x1b0 ./Drivers/STM32L4xx_HAL_Driver/Src/stm32l4xx_hal_adc.o
                0x00000000080022a4                HAL_ADC_PollForConversion
 .text.HAL_ADC_GetValue
                0x0000000008002454       0x1a ./Drivers/STM32L4xx_HAL_Driver/Src/stm32l4xx_hal_adc.o
                0x0000000008002454                HAL_ADC_GetValue
 *fill*         0x000000000800246e        0x2 
 .text.HAL_ADC_ConfigChannel
                0x0000000008002470      0x818 ./Drivers/STM32L4xx_HAL_Driver/Src/stm32l4xx_hal_adc.o
                0x0000000008002470                HAL_ADC_ConfigChannel
 .text.ADC_Enable
                0x0000000008002c88      0x10c ./Drivers/STM32L4xx_HAL_Driver/Src/stm32l4xx_hal_adc.o
                0x0000000008002c88                ADC_Enable
 .text.LL_ADC_IsEnabled
                0x0000000008002d94       0x26 ./Drivers/STM32L4xx_HAL_Driver/Src/stm32l4xx_hal_adc_ex.o
 .text.LL_ADC_REG_IsConversionOngoing
                0x0000000008002dba       0x26 ./Drivers/STM32L4xx_HAL_Driver/Src/stm32l4xx_hal_adc_ex.o
 .text.HAL_ADCEx_MultiModeConfigChannel
                0x0000000008002de0      0x160 ./Drivers/STM32L4xx_HAL_Driver/Src/stm32l4xx_hal_adc_ex.o
                0x0000000008002de0                HAL_ADCEx_MultiModeConfigChannel
 .text.__NVIC_SetPriorityGrouping
                0x0000000008002f40       0x48 ./Drivers/STM32L4xx_HAL_Driver/Src/stm32l4xx_hal_cortex.o
 .text.__NVIC_GetPriorityGrouping
                0x0000000008002f88       0x1c ./Drivers/STM32L4xx_HAL_Driver/Src/stm32l4xx_hal_cortex.o
 .text.__NVIC_EnableIRQ
                0x0000000008002fa4       0x3c ./Drivers/STM32L4xx_HAL_Driver/Src/stm32l4xx_hal_cortex.o
 .text.__NVIC_SetPriority
                0x0000000008002fe0       0x54 ./Drivers/STM32L4xx_HAL_Driver/Src/stm32l4xx_hal_cortex.o
 .text.NVIC_EncodePriority
                0x0000000008003034       0x66 ./Drivers/STM32L4xx_HAL_Driver/Src/stm32l4xx_hal_cortex.o
 *fill*         0x000000000800309a        0x2 
 .text.SysTick_Config
                0x000000000800309c       0x44 ./Drivers/STM32L4xx_HAL_Driver/Src/stm32l4xx_hal_cortex.o
 .text.HAL_NVIC_SetPriorityGrouping
                0x00000000080030e0       0x16 ./Drivers/STM32L4xx_HAL_Driver/Src/stm32l4xx_hal_cortex.o
                0x00000000080030e0                HAL_NVIC_SetPriorityGrouping
 .text.HAL_NVIC_SetPriority
                0x00000000080030f6       0x38 ./Drivers/STM32L4xx_HAL_Driver/Src/stm32l4xx_hal_cortex.o
                0x00000000080030f6                HAL_NVIC_SetPriority
 .text.HAL_NVIC_EnableIRQ
                0x000000000800312e       0x1c ./Drivers/STM32L4xx_HAL_Driver/Src/stm32l4xx_hal_cortex.o
                0x000000000800312e                HAL_NVIC_EnableIRQ
 .text.HAL_SYSTICK_Config
                0x000000000800314a       0x18 ./Drivers/STM32L4xx_HAL_Driver/Src/stm32l4xx_hal_cortex.o
                0x000000000800314a                HAL_SYSTICK_Config
 .text.HAL_DMA_Abort
                0x0000000008003162       0x7c ./Drivers/STM32L4xx_HAL_Driver/Src/stm32l4xx_hal_dma.o
                0x0000000008003162                HAL_DMA_Abort
 .text.HAL_DMA_Abort_IT
                0x00000000080031de       0x82 ./Drivers/STM32L4xx_HAL_Driver/Src/stm32l4xx_hal_dma.o
                0x00000000080031de                HAL_DMA_Abort_IT
 .text.HAL_GPIO_Init
                0x0000000008003260      0x324 ./Drivers/STM32L4xx_HAL_Driver/Src/stm32l4xx_hal_gpio.o
                0x0000000008003260                HAL_GPIO_Init
 .text.HAL_GPIO_WritePin
                0x0000000008003584       0x30 ./Drivers/STM32L4xx_HAL_Driver/Src/stm32l4xx_hal_gpio.o
                0x0000000008003584                HAL_GPIO_WritePin
 .text.HAL_HCD_Init
                0x00000000080035b4       0xc4 ./Drivers/STM32L4xx_HAL_Driver/Src/stm32l4xx_hal_hcd.o
                0x00000000080035b4                HAL_HCD_Init
 .text.HAL_HCD_HC_Init
                0x0000000008003678      0x11e ./Drivers/STM32L4xx_HAL_Driver/Src/stm32l4xx_hal_hcd.o
                0x0000000008003678                HAL_HCD_HC_Init
 .text.HAL_HCD_HC_Halt
                0x0000000008003796       0x46 ./Drivers/STM32L4xx_HAL_Driver/Src/stm32l4xx_hal_hcd.o
                0x0000000008003796                HAL_HCD_HC_Halt
 .text.HAL_HCD_HC_SubmitRequest
                0x00000000080037dc      0x2a4 ./Drivers/STM32L4xx_HAL_Driver/Src/stm32l4xx_hal_hcd.o
                0x00000000080037dc                HAL_HCD_HC_SubmitRequest
 .text.HAL_HCD_IRQHandler
                0x0000000008003a80      0x216 ./Drivers/STM32L4xx_HAL_Driver/Src/stm32l4xx_hal_hcd.o
                0x0000000008003a80                HAL_HCD_IRQHandler
 .text.HAL_HCD_Start
                0x0000000008003c96       0x46 ./Drivers/STM32L4xx_HAL_Driver/Src/stm32l4xx_hal_hcd.o
                0x0000000008003c96                HAL_HCD_Start
 .text.HAL_HCD_Stop
                0x0000000008003cdc       0x3a ./Drivers/STM32L4xx_HAL_Driver/Src/stm32l4xx_hal_hcd.o
                0x0000000008003cdc                HAL_HCD_Stop
 .text.HAL_HCD_HC_GetURBState
                0x0000000008003d16       0x28 ./Drivers/STM32L4xx_HAL_Driver/Src/stm32l4xx_hal_hcd.o
                0x0000000008003d16                HAL_HCD_HC_GetURBState
 .text.HAL_HCD_HC_GetXferCount
                0x0000000008003d3e       0x28 ./Drivers/STM32L4xx_HAL_Driver/Src/stm32l4xx_hal_hcd.o
                0x0000000008003d3e                HAL_HCD_HC_GetXferCount
 .text.HAL_HCD_GetCurrentFrame
                0x0000000008003d66       0x1c ./Drivers/STM32L4xx_HAL_Driver/Src/stm32l4xx_hal_hcd.o
                0x0000000008003d66                HAL_HCD_GetCurrentFrame
 .text.HCD_HC_IN_IRQHandler
                0x0000000008003d82      0x666 ./Drivers/STM32L4xx_HAL_Driver/Src/stm32l4xx_hal_hcd.o
 .text.HCD_HC_OUT_IRQHandler
                0x00000000080043e8      0x604 ./Drivers/STM32L4xx_HAL_Driver/Src/stm32l4xx_hal_hcd.o
 .text.HCD_RXQLVL_IRQHandler
                0x00000000080049ec      0x1a4 ./Drivers/STM32L4xx_HAL_Driver/Src/stm32l4xx_hal_hcd.o
 .text.HCD_Port_IRQHandler
                0x0000000008004b90       0xe6 ./Drivers/STM32L4xx_HAL_Driver/Src/stm32l4xx_hal_hcd.o
 *fill*         0x0000000008004c76        0x2 
 .text.HAL_PWR_EnableBkUpAccess
                0x0000000008004c78       0x20 ./Drivers/STM32L4xx_HAL_Driver/Src/stm32l4xx_hal_pwr.o
                0x0000000008004c78                HAL_PWR_EnableBkUpAccess
 .text.HAL_PWREx_GetVoltageRange
                0x0000000008004c98       0x1c ./Drivers/STM32L4xx_HAL_Driver/Src/stm32l4xx_hal_pwr_ex.o
                0x0000000008004c98                HAL_PWREx_GetVoltageRange
 .text.HAL_PWREx_ControlVoltageScaling
                0x0000000008004cb4       0xac ./Drivers/STM32L4xx_HAL_Driver/Src/stm32l4xx_hal_pwr_ex.o
                0x0000000008004cb4                HAL_PWREx_ControlVoltageScaling
 .text.HAL_PWREx_EnableVddUSB
                0x0000000008004d60       0x20 ./Drivers/STM32L4xx_HAL_Driver/Src/stm32l4xx_hal_pwr_ex.o
                0x0000000008004d60                HAL_PWREx_EnableVddUSB
 .text.HAL_PWREx_EnableVddIO2
                0x0000000008004d80       0x20 ./Drivers/STM32L4xx_HAL_Driver/Src/stm32l4xx_hal_pwr_ex.o
                0x0000000008004d80                HAL_PWREx_EnableVddIO2
 .text.HAL_RCC_OscConfig
                0x0000000008004da0      0x834 ./Drivers/STM32L4xx_HAL_Driver/Src/stm32l4xx_hal_rcc.o
                0x0000000008004da0                HAL_RCC_OscConfig
 .text.HAL_RCC_ClockConfig
                0x00000000080055d4      0x200 ./Drivers/STM32L4xx_HAL_Driver/Src/stm32l4xx_hal_rcc.o
                0x00000000080055d4                HAL_RCC_ClockConfig
 .text.HAL_RCC_GetSysClockFreq
                0x00000000080057d4      0x118 ./Drivers/STM32L4xx_HAL_Driver/Src/stm32l4xx_hal_rcc.o
                0x00000000080057d4                HAL_RCC_GetSysClockFreq
 .text.HAL_RCC_GetHCLKFreq
                0x00000000080058ec       0x18 ./Drivers/STM32L4xx_HAL_Driver/Src/stm32l4xx_hal_rcc.o
                0x00000000080058ec                HAL_RCC_GetHCLKFreq
 .text.HAL_RCC_GetPCLK1Freq
                0x0000000008005904       0x2c ./Drivers/STM32L4xx_HAL_Driver/Src/stm32l4xx_hal_rcc.o
                0x0000000008005904                HAL_RCC_GetPCLK1Freq
 .text.HAL_RCC_GetPCLK2Freq
                0x0000000008005930       0x2c ./Drivers/STM32L4xx_HAL_Driver/Src/stm32l4xx_hal_rcc.o
                0x0000000008005930                HAL_RCC_GetPCLK2Freq
 .text.RCC_SetFlashLatencyFromMSIRange
                0x000000000800595c       0xc0 ./Drivers/STM32L4xx_HAL_Driver/Src/stm32l4xx_hal_rcc.o
 .text.HAL_RCCEx_PeriphCLKConfig
                0x0000000008005a1c      0x5f8 ./Drivers/STM32L4xx_HAL_Driver/Src/stm32l4xx_hal_rcc_ex.o
                0x0000000008005a1c                HAL_RCCEx_PeriphCLKConfig
 .text.HAL_RCCEx_EnableMSIPLLMode
                0x0000000008006014       0x20 ./Drivers/STM32L4xx_HAL_Driver/Src/stm32l4xx_hal_rcc_ex.o
                0x0000000008006014                HAL_RCCEx_EnableMSIPLLMode
 .text.RCCEx_PLLSAI1_Config
                0x0000000008006034      0x1e4 ./Drivers/STM32L4xx_HAL_Driver/Src/stm32l4xx_hal_rcc_ex.o
 .text.RCCEx_PLLSAI2_Config
                0x0000000008006218      0x1b8 ./Drivers/STM32L4xx_HAL_Driver/Src/stm32l4xx_hal_rcc_ex.o
 .text.HAL_UART_Init
                0x00000000080063d0       0x9c ./Drivers/STM32L4xx_HAL_Driver/Src/stm32l4xx_hal_uart.o
                0x00000000080063d0                HAL_UART_Init
 .text.HAL_UART_Transmit
                0x000000000800646c      0x128 ./Drivers/STM32L4xx_HAL_Driver/Src/stm32l4xx_hal_uart.o
                0x000000000800646c                HAL_UART_Transmit
 .text.HAL_UART_IRQHandler
                0x0000000008006594      0x5c4 ./Drivers/STM32L4xx_HAL_Driver/Src/stm32l4xx_hal_uart.o
                0x0000000008006594                HAL_UART_IRQHandler
 .text.HAL_UART_TxCpltCallback
                0x0000000008006b58       0x14 ./Drivers/STM32L4xx_HAL_Driver/Src/stm32l4xx_hal_uart.o
                0x0000000008006b58                HAL_UART_TxCpltCallback
 .text.HAL_UART_ErrorCallback
                0x0000000008006b6c       0x14 ./Drivers/STM32L4xx_HAL_Driver/Src/stm32l4xx_hal_uart.o
                0x0000000008006b6c                HAL_UART_ErrorCallback
 .text.HAL_UARTEx_RxEventCallback
                0x0000000008006b80       0x18 ./Drivers/STM32L4xx_HAL_Driver/Src/stm32l4xx_hal_uart.o
                0x0000000008006b80                HAL_UARTEx_RxEventCallback
 .text.UART_SetConfig
                0x0000000008006b98      0x570 ./Drivers/STM32L4xx_HAL_Driver/Src/stm32l4xx_hal_uart.o
                0x0000000008006b98                UART_SetConfig
 .text.UART_AdvFeatureConfig
                0x0000000008007108      0x144 ./Drivers/STM32L4xx_HAL_Driver/Src/stm32l4xx_hal_uart.o
                0x0000000008007108                UART_AdvFeatureConfig
 .text.UART_CheckIdleState
                0x000000000800724c       0x92 ./Drivers/STM32L4xx_HAL_Driver/Src/stm32l4xx_hal_uart.o
                0x000000000800724c                UART_CheckIdleState
 .text.UART_WaitOnFlagUntilTimeout
                0x00000000080072de      0x188 ./Drivers/STM32L4xx_HAL_Driver/Src/stm32l4xx_hal_uart.o
                0x00000000080072de                UART_WaitOnFlagUntilTimeout
 .text.UART_EndRxTransfer
                0x0000000008007466       0xc6 ./Drivers/STM32L4xx_HAL_Driver/Src/stm32l4xx_hal_uart.o
 .text.UART_DMAAbortOnError
                0x000000000800752c       0x2c ./Drivers/STM32L4xx_HAL_Driver/Src/stm32l4xx_hal_uart.o
 .text.UART_EndTransmit_IT
                0x0000000008007558       0x54 ./Drivers/STM32L4xx_HAL_Driver/Src/stm32l4xx_hal_uart.o
 .text.HAL_UARTEx_WakeupCallback
                0x00000000080075ac       0x14 ./Drivers/STM32L4xx_HAL_Driver/Src/stm32l4xx_hal_uart_ex.o
                0x00000000080075ac                HAL_UARTEx_WakeupCallback
 .text.USB_CoreInit
                0x00000000080075c0       0x58 ./Drivers/STM32L4xx_HAL_Driver/Src/stm32l4xx_ll_usb.o
                0x00000000080075c0                USB_CoreInit
 .text.USB_EnableGlobalInt
                0x0000000008007618       0x22 ./Drivers/STM32L4xx_HAL_Driver/Src/stm32l4xx_ll_usb.o
                0x0000000008007618                USB_EnableGlobalInt
 .text.USB_DisableGlobalInt
                0x000000000800763a       0x22 ./Drivers/STM32L4xx_HAL_Driver/Src/stm32l4xx_ll_usb.o
                0x000000000800763a                USB_DisableGlobalInt
 .text.USB_SetCurrentMode
                0x000000000800765c       0x98 ./Drivers/STM32L4xx_HAL_Driver/Src/stm32l4xx_ll_usb.o
                0x000000000800765c                USB_SetCurrentMode
 .text.USB_FlushTxFifo
                0x00000000080076f4       0x68 ./Drivers/STM32L4xx_HAL_Driver/Src/stm32l4xx_ll_usb.o
                0x00000000080076f4                USB_FlushTxFifo
 .text.USB_FlushRxFifo
                0x000000000800775c       0x60 ./Drivers/STM32L4xx_HAL_Driver/Src/stm32l4xx_ll_usb.o
                0x000000000800775c                USB_FlushRxFifo
 .text.USB_WritePacket
                0x00000000080077bc       0x74 ./Drivers/STM32L4xx_HAL_Driver/Src/stm32l4xx_ll_usb.o
                0x00000000080077bc                USB_WritePacket
 .text.USB_ReadPacket
                0x0000000008007830       0xb0 ./Drivers/STM32L4xx_HAL_Driver/Src/stm32l4xx_ll_usb.o
                0x0000000008007830                USB_ReadPacket
 .text.USB_ReadInterrupts
                0x00000000080078e0       0x26 ./Drivers/STM32L4xx_HAL_Driver/Src/stm32l4xx_ll_usb.o
                0x00000000080078e0                USB_ReadInterrupts
 .text.USB_GetMode
                0x0000000008007906       0x1c ./Drivers/STM32L4xx_HAL_Driver/Src/stm32l4xx_ll_usb.o
                0x0000000008007906                USB_GetMode
 *fill*         0x0000000008007922        0x2 
 .text.USB_CoreReset
                0x0000000008007924       0x68 ./Drivers/STM32L4xx_HAL_Driver/Src/stm32l4xx_ll_usb.o
 .text.USB_HostInit
                0x000000000800798c      0x104 ./Drivers/STM32L4xx_HAL_Driver/Src/stm32l4xx_ll_usb.o
                0x000000000800798c                USB_HostInit
 .text.USB_InitFSLSPClkSel
                0x0000000008007a90       0x74 ./Drivers/STM32L4xx_HAL_Driver/Src/stm32l4xx_ll_usb.o
                0x0000000008007a90                USB_InitFSLSPClkSel
 .text.USB_DriveVbus
                0x0000000008007b04       0x72 ./Drivers/STM32L4xx_HAL_Driver/Src/stm32l4xx_ll_usb.o
                0x0000000008007b04                USB_DriveVbus
 .text.USB_GetHostSpeed
                0x0000000008007b76       0x2e ./Drivers/STM32L4xx_HAL_Driver/Src/stm32l4xx_ll_usb.o
                0x0000000008007b76                USB_GetHostSpeed
 .text.USB_GetCurrentFrame
                0x0000000008007ba4       0x22 ./Drivers/STM32L4xx_HAL_Driver/Src/stm32l4xx_ll_usb.o
                0x0000000008007ba4                USB_GetCurrentFrame
 *fill*         0x0000000008007bc6        0x2 
 .text.USB_HC_Init
                0x0000000008007bc8      0x218 ./Drivers/STM32L4xx_HAL_Driver/Src/stm32l4xx_ll_usb.o
                0x0000000008007bc8                USB_HC_Init
 .text.USB_HC_StartXfer
                0x0000000008007de0      0x1f0 ./Drivers/STM32L4xx_HAL_Driver/Src/stm32l4xx_ll_usb.o
                0x0000000008007de0                USB_HC_StartXfer
 .text.USB_HC_ReadInterrupt
                0x0000000008007fd0       0x22 ./Drivers/STM32L4xx_HAL_Driver/Src/stm32l4xx_ll_usb.o
                0x0000000008007fd0                USB_HC_ReadInterrupt
 .text.USB_HC_Halt
                0x0000000008007ff2      0x1f8 ./Drivers/STM32L4xx_HAL_Driver/Src/stm32l4xx_ll_usb.o
                0x0000000008007ff2                USB_HC_Halt
 .text.USB_StopHost
                0x00000000080081ea      0x124 ./Drivers/STM32L4xx_HAL_Driver/Src/stm32l4xx_ll_usb.o
                0x00000000080081ea                USB_StopHost
 *fill*         0x000000000800830e        0x2 
 .text.MX_FATFS_Init
                0x0000000008008310       0x24 ./FATFS/App/fatfs.o
                0x0000000008008310                MX_FATFS_Init
 .text.get_fattime
                0x0000000008008334       0x10 ./FATFS/App/fatfs.o
                0x0000000008008334                get_fattime
 .text.USBH_initialize
                0x0000000008008344       0x18 ./FATFS/Target/usbh_diskio.o
                0x0000000008008344                USBH_initialize
 .text.USBH_status
                0x000000000800835c       0x38 ./FATFS/Target/usbh_diskio.o
                0x000000000800835c                USBH_status
 .text.USBH_read
                0x0000000008008394       0x74 ./FATFS/Target/usbh_diskio.o
                0x0000000008008394                USBH_read
 .text.USBH_write
                0x0000000008008408       0x84 ./FATFS/Target/usbh_diskio.o
                0x0000000008008408                USBH_write
 .text.USBH_ioctl
                0x000000000800848c       0xd8 ./FATFS/Target/usbh_diskio.o
                0x000000000800848c                USBH_ioctl
 .text.USBH_MSC_InterfaceInit
                0x0000000008008564      0x216 ./Middlewares/ST/STM32_USB_Host_Library/Class/MSC/Src/usbh_msc.o
 .text.USBH_MSC_InterfaceDeInit
                0x000000000800877a       0x8c ./Middlewares/ST/STM32_USB_Host_Library/Class/MSC/Src/usbh_msc.o
 .text.USBH_MSC_ClassRequest
                0x0000000008008806       0xce ./Middlewares/ST/STM32_USB_Host_Library/Class/MSC/Src/usbh_msc.o
 .text.USBH_MSC_Process
                0x00000000080088d4      0x520 ./Middlewares/ST/STM32_USB_Host_Library/Class/MSC/Src/usbh_msc.o
 .text.USBH_MSC_SOFProcess
                0x0000000008008df4       0x16 ./Middlewares/ST/STM32_USB_Host_Library/Class/MSC/Src/usbh_msc.o
 .text.USBH_MSC_RdWrProcess
                0x0000000008008e0a      0x19e ./Middlewares/ST/STM32_USB_Host_Library/Class/MSC/Src/usbh_msc.o
 .text.USBH_MSC_UnitIsReady
                0x0000000008008fa8       0x4c ./Middlewares/ST/STM32_USB_Host_Library/Class/MSC/Src/usbh_msc.o
                0x0000000008008fa8                USBH_MSC_UnitIsReady
 .text.USBH_MSC_GetLUNInfo
                0x0000000008008ff4       0x48 ./Middlewares/ST/STM32_USB_Host_Library/Class/MSC/Src/usbh_msc.o
                0x0000000008008ff4                USBH_MSC_GetLUNInfo
 .text.USBH_MSC_Read
                0x000000000800903c       0xd2 ./Middlewares/ST/STM32_USB_Host_Library/Class/MSC/Src/usbh_msc.o
                0x000000000800903c                USBH_MSC_Read
 .text.USBH_MSC_Write
                0x000000000800910e       0xd2 ./Middlewares/ST/STM32_USB_Host_Library/Class/MSC/Src/usbh_msc.o
                0x000000000800910e                USBH_MSC_Write
 .text.USBH_MSC_BOT_REQ_Reset
                0x00000000080091e0       0x3a ./Middlewares/ST/STM32_USB_Host_Library/Class/MSC/Src/usbh_msc_bot.o
                0x00000000080091e0                USBH_MSC_BOT_REQ_Reset
 .text.USBH_MSC_BOT_REQ_GetMaxLUN
                0x000000000800921a       0x3c ./Middlewares/ST/STM32_USB_Host_Library/Class/MSC/Src/usbh_msc_bot.o
                0x000000000800921a                USBH_MSC_BOT_REQ_GetMaxLUN
 *fill*         0x0000000008009256        0x2 
 .text.USBH_MSC_BOT_Init
                0x0000000008009258       0x44 ./Middlewares/ST/STM32_USB_Host_Library/Class/MSC/Src/usbh_msc_bot.o
                0x0000000008009258                USBH_MSC_BOT_Init
 .text.USBH_MSC_BOT_Process
                0x000000000800929c      0x39c ./Middlewares/ST/STM32_USB_Host_Library/Class/MSC/Src/usbh_msc_bot.o
                0x000000000800929c                USBH_MSC_BOT_Process
 .text.USBH_MSC_BOT_Abort
                0x0000000008009638       0x58 ./Middlewares/ST/STM32_USB_Host_Library/Class/MSC/Src/usbh_msc_bot.o
 .text.USBH_MSC_DecodeCSW
                0x0000000008009690       0x88 ./Middlewares/ST/STM32_USB_Host_Library/Class/MSC/Src/usbh_msc_bot.o
 .text.USBH_MSC_SCSI_TestUnitReady
                0x0000000008009718       0x86 ./Middlewares/ST/STM32_USB_Host_Library/Class/MSC/Src/usbh_msc_scsi.o
                0x0000000008009718                USBH_MSC_SCSI_TestUnitReady
 .text.USBH_MSC_SCSI_ReadCapacity
                0x000000000800979e       0xf6 ./Middlewares/ST/STM32_USB_Host_Library/Class/MSC/Src/usbh_msc_scsi.o
                0x000000000800979e                USBH_MSC_SCSI_ReadCapacity
 .text.USBH_MSC_SCSI_Inquiry
                0x0000000008009894      0x14a ./Middlewares/ST/STM32_USB_Host_Library/Class/MSC/Src/usbh_msc_scsi.o
                0x0000000008009894                USBH_MSC_SCSI_Inquiry
 .text.USBH_MSC_SCSI_RequestSense
                0x00000000080099de       0xf2 ./Middlewares/ST/STM32_USB_Host_Library/Class/MSC/Src/usbh_msc_scsi.o
                0x00000000080099de                USBH_MSC_SCSI_RequestSense
 .text.USBH_MSC_SCSI_Write
                0x0000000008009ad0       0xd6 ./Middlewares/ST/STM32_USB_Host_Library/Class/MSC/Src/usbh_msc_scsi.o
                0x0000000008009ad0                USBH_MSC_SCSI_Write
 .text.USBH_MSC_SCSI_Read
                0x0000000008009ba6       0xd6 ./Middlewares/ST/STM32_USB_Host_Library/Class/MSC/Src/usbh_msc_scsi.o
                0x0000000008009ba6                USBH_MSC_SCSI_Read
 .text.USBH_Init
                0x0000000008009c7c       0x74 ./Middlewares/ST/STM32_USB_Host_Library/Core/Src/usbh_core.o
                0x0000000008009c7c                USBH_Init
 .text.DeInitStateMachine
                0x0000000008009cf0       0xa8 ./Middlewares/ST/STM32_USB_Host_Library/Core/Src/usbh_core.o
 .text.USBH_RegisterClass
                0x0000000008009d98       0x54 ./Middlewares/ST/STM32_USB_Host_Library/Core/Src/usbh_core.o
                0x0000000008009d98                USBH_RegisterClass
 .text.USBH_SelectInterface
                0x0000000008009dec       0x38 ./Middlewares/ST/STM32_USB_Host_Library/Core/Src/usbh_core.o
                0x0000000008009dec                USBH_SelectInterface
 .text.USBH_FindInterface
                0x0000000008009e24       0x8c ./Middlewares/ST/STM32_USB_Host_Library/Core/Src/usbh_core.o
                0x0000000008009e24                USBH_FindInterface
 .text.USBH_Start
                0x0000000008009eb0       0x20 ./Middlewares/ST/STM32_USB_Host_Library/Core/Src/usbh_core.o
                0x0000000008009eb0                USBH_Start
 .text.USBH_LL_SetTimer
                0x0000000008009ed0       0x1e ./Middlewares/ST/STM32_USB_Host_Library/Core/Src/usbh_core.o
                0x0000000008009ed0                USBH_LL_SetTimer
 .text.USBH_LL_IncTimer
                0x0000000008009eee       0x24 ./Middlewares/ST/STM32_USB_Host_Library/Core/Src/usbh_core.o
                0x0000000008009eee                USBH_LL_IncTimer
 .text.USBH_HandleSof
                0x0000000008009f12       0x30 ./Middlewares/ST/STM32_USB_Host_Library/Core/Src/usbh_core.o
 .text.USBH_LL_PortEnabled
                0x0000000008009f42       0x1c ./Middlewares/ST/STM32_USB_Host_Library/Core/Src/usbh_core.o
                0x0000000008009f42                USBH_LL_PortEnabled
 .text.USBH_LL_PortDisabled
                0x0000000008009f5e       0x1c ./Middlewares/ST/STM32_USB_Host_Library/Core/Src/usbh_core.o
                0x0000000008009f5e                USBH_LL_PortDisabled
 .text.USBH_LL_Connect
                0x0000000008009f7a       0x2e ./Middlewares/ST/STM32_USB_Host_Library/Core/Src/usbh_core.o
                0x0000000008009f7a                USBH_LL_Connect
 .text.USBH_LL_Disconnect
                0x0000000008009fa8       0x48 ./Middlewares/ST/STM32_USB_Host_Library/Core/Src/usbh_core.o
                0x0000000008009fa8                USBH_LL_Disconnect
 .text.USBH_ClrFeature
                0x0000000008009ff0       0x48 ./Middlewares/ST/STM32_USB_Host_Library/Core/Src/usbh_ctlreq.o
                0x0000000008009ff0                USBH_ClrFeature
 .text.USBH_CtlReq
                0x000000000800a038       0x7a ./Middlewares/ST/STM32_USB_Host_Library/Core/Src/usbh_ctlreq.o
                0x000000000800a038                USBH_CtlReq
 *fill*         0x000000000800a0b2        0x2 
 .text.USBH_HandleControl
                0x000000000800a0b4      0x2e8 ./Middlewares/ST/STM32_USB_Host_Library/Core/Src/usbh_ctlreq.o
 .text.USBH_CtlSendSetup
                0x000000000800a39c       0x34 ./Middlewares/ST/STM32_USB_Host_Library/Core/Src/usbh_ioreq.o
                0x000000000800a39c                USBH_CtlSendSetup
 .text.USBH_CtlSendData
                0x000000000800a3d0       0x4a ./Middlewares/ST/STM32_USB_Host_Library/Core/Src/usbh_ioreq.o
                0x000000000800a3d0                USBH_CtlSendData
 .text.USBH_CtlReceiveData
                0x000000000800a41a       0x3c ./Middlewares/ST/STM32_USB_Host_Library/Core/Src/usbh_ioreq.o
                0x000000000800a41a                USBH_CtlReceiveData
 .text.USBH_BulkSendData
                0x000000000800a456       0x4a ./Middlewares/ST/STM32_USB_Host_Library/Core/Src/usbh_ioreq.o
                0x000000000800a456                USBH_BulkSendData
 .text.USBH_BulkReceiveData
                0x000000000800a4a0       0x3c ./Middlewares/ST/STM32_USB_Host_Library/Core/Src/usbh_ioreq.o
                0x000000000800a4a0                USBH_BulkReceiveData
 .text.USBH_OpenPipe
                0x000000000800a4dc       0x3e ./Middlewares/ST/STM32_USB_Host_Library/Core/Src/usbh_pipes.o
                0x000000000800a4dc                USBH_OpenPipe
 .text.USBH_ClosePipe
                0x000000000800a51a       0x20 ./Middlewares/ST/STM32_USB_Host_Library/Core/Src/usbh_pipes.o
                0x000000000800a51a                USBH_ClosePipe
 .text.USBH_AllocPipe
                0x000000000800a53a       0x42 ./Middlewares/ST/STM32_USB_Host_Library/Core/Src/usbh_pipes.o
                0x000000000800a53a                USBH_AllocPipe
 .text.USBH_FreePipe
                0x000000000800a57c       0x3c ./Middlewares/ST/STM32_USB_Host_Library/Core/Src/usbh_pipes.o
                0x000000000800a57c                USBH_FreePipe
 .text.USBH_GetFreePipe
                0x000000000800a5b8       0x48 ./Middlewares/ST/STM32_USB_Host_Library/Core/Src/usbh_pipes.o
 .text.disk_status
                0x000000000800a600       0x34 ./Middlewares/Third_Party/FatFs/src/diskio.o
                0x000000000800a600                disk_status
 .text.disk_initialize
                0x000000000800a634       0x4c ./Middlewares/Third_Party/FatFs/src/diskio.o
                0x000000000800a634                disk_initialize
 .text.disk_read
                0x000000000800a680       0x40 ./Middlewares/Third_Party/FatFs/src/diskio.o
                0x000000000800a680                disk_read
 .text.disk_write
                0x000000000800a6c0       0x40 ./Middlewares/Third_Party/FatFs/src/diskio.o
                0x000000000800a6c0                disk_write
 .text.disk_ioctl
                0x000000000800a700       0x3c ./Middlewares/Third_Party/FatFs/src/diskio.o
                0x000000000800a700                disk_ioctl
 .text.ld_word  0x000000000800a73c       0x30 ./Middlewares/Third_Party/FatFs/src/ff.o
 .text.ld_dword
                0x000000000800a76c       0x46 ./Middlewares/Third_Party/FatFs/src/ff.o
 .text.ld_qword
                0x000000000800a7b2      0x1b6 ./Middlewares/Third_Party/FatFs/src/ff.o
 .text.st_word  0x000000000800a968       0x36 ./Middlewares/Third_Party/FatFs/src/ff.o
 .text.st_dword
                0x000000000800a99e       0x58 ./Middlewares/Third_Party/FatFs/src/ff.o
 .text.st_qword
                0x000000000800a9f6      0x110 ./Middlewares/Third_Party/FatFs/src/ff.o
 .text.mem_cpy  0x000000000800ab06       0x42 ./Middlewares/Third_Party/FatFs/src/ff.o
 .text.mem_set  0x000000000800ab48       0x36 ./Middlewares/Third_Party/FatFs/src/ff.o
 .text.mem_cmp  0x000000000800ab7e       0x4e ./Middlewares/Third_Party/FatFs/src/ff.o
 .text.chk_chr  0x000000000800abcc       0x36 ./Middlewares/Third_Party/FatFs/src/ff.o
 *fill*         0x000000000800ac02        0x2 
 .text.chk_lock
                0x000000000800ac04       0xb8 ./Middlewares/Third_Party/FatFs/src/ff.o
 .text.enq_lock
                0x000000000800acbc       0x44 ./Middlewares/Third_Party/FatFs/src/ff.o
 .text.inc_lock
                0x000000000800ad00      0x11c ./Middlewares/Third_Party/FatFs/src/ff.o
 .text.dec_lock
                0x000000000800ae1c       0x78 ./Middlewares/Third_Party/FatFs/src/ff.o
 .text.clear_lock
                0x000000000800ae94       0x48 ./Middlewares/Third_Party/FatFs/src/ff.o
 .text.sync_window
                0x000000000800aedc       0x88 ./Middlewares/Third_Party/FatFs/src/ff.o
 .text.move_window
                0x000000000800af64       0x5a ./Middlewares/Third_Party/FatFs/src/ff.o
 *fill*         0x000000000800afbe        0x2 
 .text.sync_fs  0x000000000800afc0       0xe0 ./Middlewares/Third_Party/FatFs/src/ff.o
 .text.clust2sect
                0x000000000800b0a0       0x3e ./Middlewares/Third_Party/FatFs/src/ff.o
 *fill*         0x000000000800b0de        0x2 
 .text.get_fat  0x000000000800b0e0      0x2ac ./Middlewares/Third_Party/FatFs/src/ff.o
 .text.put_fat  0x000000000800b38c      0x240 ./Middlewares/Third_Party/FatFs/src/ff.o
 .text.find_bitmap
                0x000000000800b5cc      0x10e ./Middlewares/Third_Party/FatFs/src/ff.o
 .text.change_bitmap
                0x000000000800b6da       0xea ./Middlewares/Third_Party/FatFs/src/ff.o
 .text.fill_first_frag
                0x000000000800b7c4       0x5e ./Middlewares/Third_Party/FatFs/src/ff.o
 .text.fill_last_frag
                0x000000000800b822       0x62 ./Middlewares/Third_Party/FatFs/src/ff.o
 .text.remove_chain
                0x000000000800b884      0x168 ./Middlewares/Third_Party/FatFs/src/ff.o
 .text.create_chain
                0x000000000800b9ec      0x202 ./Middlewares/Third_Party/FatFs/src/ff.o
 .text.clmt_clust
                0x000000000800bbee       0x98 ./Middlewares/Third_Party/FatFs/src/ff.o
 .text.dir_sdi  0x000000000800bc86      0x128 ./Middlewares/Third_Party/FatFs/src/ff.o
 .text.dir_next
                0x000000000800bdae      0x1cc ./Middlewares/Third_Party/FatFs/src/ff.o
 .text.dir_alloc
                0x000000000800bf7a       0xb8 ./Middlewares/Third_Party/FatFs/src/ff.o
 .text.ld_clust
                0x000000000800c032       0x3e ./Middlewares/Third_Party/FatFs/src/ff.o
 .text.st_clust
                0x000000000800c070       0x40 ./Middlewares/Third_Party/FatFs/src/ff.o
 .text.cmp_lfn  0x000000000800c0b0       0xe0 ./Middlewares/Third_Party/FatFs/src/ff.o
 .text.pick_lfn
                0x000000000800c190       0xc8 ./Middlewares/Third_Party/FatFs/src/ff.o
 .text.put_lfn  0x000000000800c258       0xd0 ./Middlewares/Third_Party/FatFs/src/ff.o
 .text.gen_numname
                0x000000000800c328      0x11c ./Middlewares/Third_Party/FatFs/src/ff.o
 .text.sum_sfn  0x000000000800c444       0x42 ./Middlewares/Third_Party/FatFs/src/ff.o
 .text.xdir_sum
                0x000000000800c486       0x66 ./Middlewares/Third_Party/FatFs/src/ff.o
 .text.xname_sum
                0x000000000800c4ec       0x68 ./Middlewares/Third_Party/FatFs/src/ff.o
 .text.get_xdir_info
                0x000000000800c554      0x104 ./Middlewares/Third_Party/FatFs/src/ff.o
 .text.load_xdir
                0x000000000800c658      0x17c ./Middlewares/Third_Party/FatFs/src/ff.o
 .text.load_obj_dir
                0x000000000800c7d4       0x6c ./Middlewares/Third_Party/FatFs/src/ff.o
 .text.store_xdir
                0x000000000800c840       0xb6 ./Middlewares/Third_Party/FatFs/src/ff.o
 .text.create_xdir
                0x000000000800c8f6       0xce ./Middlewares/Third_Party/FatFs/src/ff.o
 .text.dir_read
                0x000000000800c9c4      0x18e ./Middlewares/Third_Party/FatFs/src/ff.o
 .text.dir_find
                0x000000000800cb52      0x252 ./Middlewares/Third_Party/FatFs/src/ff.o
 .text.dir_register
                0x000000000800cda4      0x354 ./Middlewares/Third_Party/FatFs/src/ff.o
 .text.get_fileinfo
                0x000000000800d0f8      0x1d8 ./Middlewares/Third_Party/FatFs/src/ff.o
 .text.create_name
                0x000000000800d2d0      0x370 ./Middlewares/Third_Party/FatFs/src/ff.o
 .text.follow_path
                0x000000000800d640      0x15c ./Middlewares/Third_Party/FatFs/src/ff.o
 .text.get_ldnumber
                0x000000000800d79c       0x88 ./Middlewares/Third_Party/FatFs/src/ff.o
 .text.check_fs
                0x000000000800d824       0xc8 ./Middlewares/Third_Party/FatFs/src/ff.o
 .text.find_volume
                0x000000000800d8ec      0x734 ./Middlewares/Third_Party/FatFs/src/ff.o
 .text.validate
                0x000000000800e020       0x6a ./Middlewares/Third_Party/FatFs/src/ff.o
 *fill*         0x000000000800e08a        0x2 
 .text.f_mount  0x000000000800e08c       0x8c ./Middlewares/Third_Party/FatFs/src/ff.o
                0x000000000800e08c                f_mount
 .text.f_open   0x000000000800e118      0x5a6 ./Middlewares/Third_Party/FatFs/src/ff.o
                0x000000000800e118                f_open
 .text.f_write  0x000000000800e6be      0x3ae ./Middlewares/Third_Party/FatFs/src/ff.o
                0x000000000800e6be                f_write
 .text.f_sync   0x000000000800ea6c      0x23c ./Middlewares/Third_Party/FatFs/src/ff.o
                0x000000000800ea6c                f_sync
 .text.f_close  0x000000000800eca8       0x54 ./Middlewares/Third_Party/FatFs/src/ff.o
                0x000000000800eca8                f_close
 .text.f_opendir
                0x000000000800ecfc      0x152 ./Middlewares/Third_Party/FatFs/src/ff.o
                0x000000000800ecfc                f_opendir
 .text.f_closedir
                0x000000000800ee4e       0x4c ./Middlewares/Third_Party/FatFs/src/ff.o
                0x000000000800ee4e                f_closedir
 .text.f_readdir
                0x000000000800ee9a       0x7a ./Middlewares/Third_Party/FatFs/src/ff.o
                0x000000000800ee9a                f_readdir
 .text.f_stat   0x000000000800ef14       0x72 ./Middlewares/Third_Party/FatFs/src/ff.o
                0x000000000800ef14                f_stat
 .text.f_getfree
                0x000000000800ef86      0x20e ./Middlewares/Third_Party/FatFs/src/ff.o
                0x000000000800ef86                f_getfree
 .text.f_mkdir  0x000000000800f194      0x29c ./Middlewares/Third_Party/FatFs/src/ff.o
                0x000000000800f194                f_mkdir
 .text.FATFS_LinkDriverEx
                0x000000000800f430       0x98 ./Middlewares/Third_Party/FatFs/src/ff_gen_drv.o
                0x000000000800f430                FATFS_LinkDriverEx
 .text.FATFS_LinkDriver
                0x000000000800f4c8       0x1e ./Middlewares/Third_Party/FatFs/src/ff_gen_drv.o
                0x000000000800f4c8                FATFS_LinkDriver
 *fill*         0x000000000800f4e6        0x2 
 .text.ff_convert
                0x000000000800f4e8       0x78 ./Middlewares/Third_Party/FatFs/src/option/ccsbcs.o
                0x000000000800f4e8                ff_convert
 .text.ff_wtoupper
                0x000000000800f560      0x114 ./Middlewares/Third_Party/FatFs/src/option/ccsbcs.o
                0x000000000800f560                ff_wtoupper
 .text.MX_USB_HOST_Init
                0x000000000800f674       0x4c ./USB_HOST/App/usb_host.o
                0x000000000800f674                MX_USB_HOST_Init
 .text.USBH_UserProcess
                0x000000000800f6c0       0x90 ./USB_HOST/App/usb_host.o
 .text.HAL_HCD_MspInit
                0x000000000800f750       0xe8 ./USB_HOST/Target/usbh_conf.o
                0x000000000800f750                HAL_HCD_MspInit
 .text.HAL_HCD_SOF_Callback
                0x000000000800f838       0x1c ./USB_HOST/Target/usbh_conf.o
                0x000000000800f838                HAL_HCD_SOF_Callback
 .text.HAL_HCD_Connect_Callback
                0x000000000800f854       0x1c ./USB_HOST/Target/usbh_conf.o
                0x000000000800f854                HAL_HCD_Connect_Callback
 .text.HAL_HCD_Disconnect_Callback
                0x000000000800f870       0x1c ./USB_HOST/Target/usbh_conf.o
                0x000000000800f870                HAL_HCD_Disconnect_Callback
 .text.HAL_HCD_HC_NotifyURBChange_Callback
                0x000000000800f88c       0x1c ./USB_HOST/Target/usbh_conf.o
                0x000000000800f88c                HAL_HCD_HC_NotifyURBChange_Callback
 .text.HAL_HCD_PortEnabled_Callback
                0x000000000800f8a8       0x1c ./USB_HOST/Target/usbh_conf.o
                0x000000000800f8a8                HAL_HCD_PortEnabled_Callback
 .text.HAL_HCD_PortDisabled_Callback
                0x000000000800f8c4       0x1c ./USB_HOST/Target/usbh_conf.o
                0x000000000800f8c4                HAL_HCD_PortDisabled_Callback
 .text.USBH_LL_Init
                0x000000000800f8e0       0x78 ./USB_HOST/Target/usbh_conf.o
                0x000000000800f8e0                USBH_LL_Init
 .text.USBH_LL_Start
                0x000000000800f958       0x36 ./USB_HOST/Target/usbh_conf.o
                0x000000000800f958                USBH_LL_Start
 .text.USBH_LL_Stop
                0x000000000800f98e       0x36 ./USB_HOST/Target/usbh_conf.o
                0x000000000800f98e                USBH_LL_Stop
 .text.USBH_LL_GetLastXferSize
                0x000000000800f9c4       0x26 ./USB_HOST/Target/usbh_conf.o
                0x000000000800f9c4                USBH_LL_GetLastXferSize
 .text.USBH_LL_OpenPipe
                0x000000000800f9ea       0x5e ./USB_HOST/Target/usbh_conf.o
                0x000000000800f9ea                USBH_LL_OpenPipe
 .text.USBH_LL_ClosePipe
                0x000000000800fa48       0x3e ./USB_HOST/Target/usbh_conf.o
                0x000000000800fa48                USBH_LL_ClosePipe
 .text.USBH_LL_SubmitURB
                0x000000000800fa86       0x62 ./USB_HOST/Target/usbh_conf.o
                0x000000000800fa86                USBH_LL_SubmitURB
 .text.USBH_LL_GetURBState
                0x000000000800fae8       0x26 ./USB_HOST/Target/usbh_conf.o
                0x000000000800fae8                USBH_LL_GetURBState
 .text.USBH_LL_DriverVBUS
                0x000000000800fb0e       0x2e ./USB_HOST/Target/usbh_conf.o
                0x000000000800fb0e                USBH_LL_DriverVBUS
 .text.USBH_LL_SetToggle
                0x000000000800fb3c       0x60 ./USB_HOST/Target/usbh_conf.o
                0x000000000800fb3c                USBH_LL_SetToggle
 .text.USBH_LL_GetToggle
                0x000000000800fb9c       0x60 ./USB_HOST/Target/usbh_conf.o
                0x000000000800fb9c                USBH_LL_GetToggle
 .text.USBH_Get_USB_Status
                0x000000000800fbfc       0x58 ./USB_HOST/Target/usbh_conf.o
                0x000000000800fbfc                USBH_Get_USB_Status
 .text.MX_DriverVbusFS
                0x000000000800fc54       0x38 ./USB_HOST/Target/usbh_platform.o
                0x000000000800fc54                MX_DriverVbusFS
 .text.__errno  0x000000000800fc8c        0xc /Applications/STM32CubeIDE.app/Contents/Eclipse/plugins/com.st.stm32cube.ide.mcu.externaltools.gnu-tools-for-stm32.10.3-2021.10.macos64_1.0.0.202111181127/tools/bin/../lib/gcc/arm-none-eabi/10.3.1/../../../../arm-none-eabi/lib/thumb/v7e-m+fp/hard/libc_nano.a(lib_a-errno.o)
                0x000000000800fc8c                __errno
 .text.__libc_init_array
                0x000000000800fc98       0x48 /Applications/STM32CubeIDE.app/Contents/Eclipse/plugins/com.st.stm32cube.ide.mcu.externaltools.gnu-tools-for-stm32.10.3-2021.10.macos64_1.0.0.202111181127/tools/bin/../lib/gcc/arm-none-eabi/10.3.1/../../../../arm-none-eabi/lib/thumb/v7e-m+fp/hard/libc_nano.a(lib_a-init.o)
                0x000000000800fc98                __libc_init_array
 .text.__itoa   0x000000000800fce0       0x30 /Applications/STM32CubeIDE.app/Contents/Eclipse/plugins/com.st.stm32cube.ide.mcu.externaltools.gnu-tools-for-stm32.10.3-2021.10.macos64_1.0.0.202111181127/tools/bin/../lib/gcc/arm-none-eabi/10.3.1/../../../../arm-none-eabi/lib/thumb/v7e-m+fp/hard/libc_nano.a(lib_a-itoa.o)
                0x000000000800fce0                __itoa
 .text.itoa     0x000000000800fd10        0x4 /Applications/STM32CubeIDE.app/Contents/Eclipse/plugins/com.st.stm32cube.ide.mcu.externaltools.gnu-tools-for-stm32.10.3-2021.10.macos64_1.0.0.202111181127/tools/bin/../lib/gcc/arm-none-eabi/10.3.1/../../../../arm-none-eabi/lib/thumb/v7e-m+fp/hard/libc_nano.a(lib_a-itoa.o)
                0x000000000800fd10                itoa
 .text.malloc   0x000000000800fd14       0x10 /Applications/STM32CubeIDE.app/Contents/Eclipse/plugins/com.st.stm32cube.ide.mcu.externaltools.gnu-tools-for-stm32.10.3-2021.10.macos64_1.0.0.202111181127/tools/bin/../lib/gcc/arm-none-eabi/10.3.1/../../../../arm-none-eabi/lib/thumb/v7e-m+fp/hard/libc_nano.a(lib_a-malloc.o)
                0x000000000800fd14                malloc
 .text.free     0x000000000800fd24       0x10 /Applications/STM32CubeIDE.app/Contents/Eclipse/plugins/com.st.stm32cube.ide.mcu.externaltools.gnu-tools-for-stm32.10.3-2021.10.macos64_1.0.0.202111181127/tools/bin/../lib/gcc/arm-none-eabi/10.3.1/../../../../arm-none-eabi/lib/thumb/v7e-m+fp/hard/libc_nano.a(lib_a-malloc.o)
                0x000000000800fd24                free
 .text.memcpy   0x000000000800fd34       0x1c /Applications/STM32CubeIDE.app/Contents/Eclipse/plugins/com.st.stm32cube.ide.mcu.externaltools.gnu-tools-for-stm32.10.3-2021.10.macos64_1.0.0.202111181127/tools/bin/../lib/gcc/arm-none-eabi/10.3.1/../../../../arm-none-eabi/lib/thumb/v7e-m+fp/hard/libc_nano.a(lib_a-memcpy-stub.o)
                0x000000000800fd34                memcpy
 .text.memset   0x000000000800fd50       0x10 /Applications/STM32CubeIDE.app/Contents/Eclipse/plugins/com.st.stm32cube.ide.mcu.externaltools.gnu-tools-for-stm32.10.3-2021.10.macos64_1.0.0.202111181127/tools/bin/../lib/gcc/arm-none-eabi/10.3.1/../../../../arm-none-eabi/lib/thumb/v7e-m+fp/hard/libc_nano.a(lib_a-memset.o)
                0x000000000800fd50                memset
 .text._free_r  0x000000000800fd60       0x98 /Applications/STM32CubeIDE.app/Contents/Eclipse/plugins/com.st.stm32cube.ide.mcu.externaltools.gnu-tools-for-stm32.10.3-2021.10.macos64_1.0.0.202111181127/tools/bin/../lib/gcc/arm-none-eabi/10.3.1/../../../../arm-none-eabi/lib/thumb/v7e-m+fp/hard/libc_nano.a(lib_a-nano-freer.o)
                0x000000000800fd60                _free_r
 .text.sbrk_aligned
                0x000000000800fdf8       0x40 /Applications/STM32CubeIDE.app/Contents/Eclipse/plugins/com.st.stm32cube.ide.mcu.externaltools.gnu-tools-for-stm32.10.3-2021.10.macos64_1.0.0.202111181127/tools/bin/../lib/gcc/arm-none-eabi/10.3.1/../../../../arm-none-eabi/lib/thumb/v7e-m+fp/hard/libc_nano.a(lib_a-nano-mallocr.o)
 .text._malloc_r
                0x000000000800fe38       0xe8 /Applications/STM32CubeIDE.app/Contents/Eclipse/plugins/com.st.stm32cube.ide.mcu.externaltools.gnu-tools-for-stm32.10.3-2021.10.macos64_1.0.0.202111181127/tools/bin/../lib/gcc/arm-none-eabi/10.3.1/../../../../arm-none-eabi/lib/thumb/v7e-m+fp/hard/libc_nano.a(lib_a-nano-mallocr.o)
                0x000000000800fe38                _malloc_r
 .text._puts_r  0x000000000800ff20       0xdc /Applications/STM32CubeIDE.app/Contents/Eclipse/plugins/com.st.stm32cube.ide.mcu.externaltools.gnu-tools-for-stm32.10.3-2021.10.macos64_1.0.0.202111181127/tools/bin/../lib/gcc/arm-none-eabi/10.3.1/../../../../arm-none-eabi/lib/thumb/v7e-m+fp/hard/libc_nano.a(lib_a-puts.o)
                0x000000000800ff20                _puts_r
 .text.puts     0x000000000800fffc       0x10 /Applications/STM32CubeIDE.app/Contents/Eclipse/plugins/com.st.stm32cube.ide.mcu.externaltools.gnu-tools-for-stm32.10.3-2021.10.macos64_1.0.0.202111181127/tools/bin/../lib/gcc/arm-none-eabi/10.3.1/../../../../arm-none-eabi/lib/thumb/v7e-m+fp/hard/libc_nano.a(lib_a-puts.o)
                0x000000000800fffc                puts
 .text._sbrk_r  0x000000000801000c       0x20 /Applications/STM32CubeIDE.app/Contents/Eclipse/plugins/com.st.stm32cube.ide.mcu.externaltools.gnu-tools-for-stm32.10.3-2021.10.macos64_1.0.0.202111181127/tools/bin/../lib/gcc/arm-none-eabi/10.3.1/../../../../arm-none-eabi/lib/thumb/v7e-m+fp/hard/libc_nano.a(lib_a-sbrkr.o)
                0x000000000801000c                _sbrk_r
 .text.sprintf  0x000000000801002c       0x40 /Applications/STM32CubeIDE.app/Contents/Eclipse/plugins/com.st.stm32cube.ide.mcu.externaltools.gnu-tools-for-stm32.10.3-2021.10.macos64_1.0.0.202111181127/tools/bin/../lib/gcc/arm-none-eabi/10.3.1/../../../../arm-none-eabi/lib/thumb/v7e-m+fp/hard/libc_nano.a(lib_a-sprintf.o)
                0x000000000801002c                sprintf
                0x000000000801002c                siprintf
 .text.__utoa   0x000000000801006c       0x84 /Applications/STM32CubeIDE.app/Contents/Eclipse/plugins/com.st.stm32cube.ide.mcu.externaltools.gnu-tools-for-stm32.10.3-2021.10.macos64_1.0.0.202111181127/tools/bin/../lib/gcc/arm-none-eabi/10.3.1/../../../../arm-none-eabi/lib/thumb/v7e-m+fp/hard/libc_nano.a(lib_a-utoa.o)
                0x000000000801006c                __utoa
 .text.__swbuf_r
                0x00000000080100f0       0xa4 /Applications/STM32CubeIDE.app/Contents/Eclipse/plugins/com.st.stm32cube.ide.mcu.externaltools.gnu-tools-for-stm32.10.3-2021.10.macos64_1.0.0.202111181127/tools/bin/../lib/gcc/arm-none-eabi/10.3.1/../../../../arm-none-eabi/lib/thumb/v7e-m+fp/hard/libc_nano.a(lib_a-wbuf.o)
                0x00000000080100f0                __swbuf_r
 .text.__swsetup_r
                0x0000000008010194       0xdc /Applications/STM32CubeIDE.app/Contents/Eclipse/plugins/com.st.stm32cube.ide.mcu.externaltools.gnu-tools-for-stm32.10.3-2021.10.macos64_1.0.0.202111181127/tools/bin/../lib/gcc/arm-none-eabi/10.3.1/../../../../arm-none-eabi/lib/thumb/v7e-m+fp/hard/libc_nano.a(lib_a-wsetup.o)
                0x0000000008010194                __swsetup_r
 .text.__sflush_r
                0x0000000008010270      0x10c /Applications/STM32CubeIDE.app/Contents/Eclipse/plugins/com.st.stm32cube.ide.mcu.externaltools.gnu-tools-for-stm32.10.3-2021.10.macos64_1.0.0.202111181127/tools/bin/../lib/gcc/arm-none-eabi/10.3.1/../../../../arm-none-eabi/lib/thumb/v7e-m+fp/hard/libc_nano.a(lib_a-fflush.o)
                0x0000000008010270                __sflush_r
 .text._fflush_r
                0x000000000801037c       0x78 /Applications/STM32CubeIDE.app/Contents/Eclipse/plugins/com.st.stm32cube.ide.mcu.externaltools.gnu-tools-for-stm32.10.3-2021.10.macos64_1.0.0.202111181127/tools/bin/../lib/gcc/arm-none-eabi/10.3.1/../../../../arm-none-eabi/lib/thumb/v7e-m+fp/hard/libc_nano.a(lib_a-fflush.o)
                0x000000000801037c                _fflush_r
 .text.std      0x00000000080103f4       0x48 /Applications/STM32CubeIDE.app/Contents/Eclipse/plugins/com.st.stm32cube.ide.mcu.externaltools.gnu-tools-for-stm32.10.3-2021.10.macos64_1.0.0.202111181127/tools/bin/../lib/gcc/arm-none-eabi/10.3.1/../../../../arm-none-eabi/lib/thumb/v7e-m+fp/hard/libc_nano.a(lib_a-findfp.o)
 .text._cleanup_r
                0x000000000801043c        0xc /Applications/STM32CubeIDE.app/Contents/Eclipse/plugins/com.st.stm32cube.ide.mcu.externaltools.gnu-tools-for-stm32.10.3-2021.10.macos64_1.0.0.202111181127/tools/bin/../lib/gcc/arm-none-eabi/10.3.1/../../../../arm-none-eabi/lib/thumb/v7e-m+fp/hard/libc_nano.a(lib_a-findfp.o)
                0x000000000801043c                _cleanup_r
 .text.__sfmoreglue
                0x0000000008010448       0x2c /Applications/STM32CubeIDE.app/Contents/Eclipse/plugins/com.st.stm32cube.ide.mcu.externaltools.gnu-tools-for-stm32.10.3-2021.10.macos64_1.0.0.202111181127/tools/bin/../lib/gcc/arm-none-eabi/10.3.1/../../../../arm-none-eabi/lib/thumb/v7e-m+fp/hard/libc_nano.a(lib_a-findfp.o)
                0x0000000008010448                __sfmoreglue
 .text.__sfp_lock_acquire
                0x0000000008010474        0xc /Applications/STM32CubeIDE.app/Contents/Eclipse/plugins/com.st.stm32cube.ide.mcu.externaltools.gnu-tools-for-stm32.10.3-2021.10.macos64_1.0.0.202111181127/tools/bin/../lib/gcc/arm-none-eabi/10.3.1/../../../../arm-none-eabi/lib/thumb/v7e-m+fp/hard/libc_nano.a(lib_a-findfp.o)
                0x0000000008010474                __sfp_lock_acquire
 .text.__sfp_lock_release
                0x0000000008010480        0xc /Applications/STM32CubeIDE.app/Contents/Eclipse/plugins/com.st.stm32cube.ide.mcu.externaltools.gnu-tools-for-stm32.10.3-2021.10.macos64_1.0.0.202111181127/tools/bin/../lib/gcc/arm-none-eabi/10.3.1/../../../../arm-none-eabi/lib/thumb/v7e-m+fp/hard/libc_nano.a(lib_a-findfp.o)
                0x0000000008010480                __sfp_lock_release
 .text.__sinit_lock_acquire
                0x000000000801048c        0xc /Applications/STM32CubeIDE.app/Contents/Eclipse/plugins/com.st.stm32cube.ide.mcu.externaltools.gnu-tools-for-stm32.10.3-2021.10.macos64_1.0.0.202111181127/tools/bin/../lib/gcc/arm-none-eabi/10.3.1/../../../../arm-none-eabi/lib/thumb/v7e-m+fp/hard/libc_nano.a(lib_a-findfp.o)
                0x000000000801048c                __sinit_lock_acquire
 .text.__sinit_lock_release
                0x0000000008010498        0xc /Applications/STM32CubeIDE.app/Contents/Eclipse/plugins/com.st.stm32cube.ide.mcu.externaltools.gnu-tools-for-stm32.10.3-2021.10.macos64_1.0.0.202111181127/tools/bin/../lib/gcc/arm-none-eabi/10.3.1/../../../../arm-none-eabi/lib/thumb/v7e-m+fp/hard/libc_nano.a(lib_a-findfp.o)
                0x0000000008010498                __sinit_lock_release
 .text.__sinit  0x00000000080104a4       0x70 /Applications/STM32CubeIDE.app/Contents/Eclipse/plugins/com.st.stm32cube.ide.mcu.externaltools.gnu-tools-for-stm32.10.3-2021.10.macos64_1.0.0.202111181127/tools/bin/../lib/gcc/arm-none-eabi/10.3.1/../../../../arm-none-eabi/lib/thumb/v7e-m+fp/hard/libc_nano.a(lib_a-findfp.o)
                0x00000000080104a4                __sinit
 .text.__sfp    0x0000000008010514       0x8c /Applications/STM32CubeIDE.app/Contents/Eclipse/plugins/com.st.stm32cube.ide.mcu.externaltools.gnu-tools-for-stm32.10.3-2021.10.macos64_1.0.0.202111181127/tools/bin/../lib/gcc/arm-none-eabi/10.3.1/../../../../arm-none-eabi/lib/thumb/v7e-m+fp/hard/libc_nano.a(lib_a-findfp.o)
                0x0000000008010514                __sfp
 .text._fwalk_reent
                0x00000000080105a0       0x3e /Applications/STM32CubeIDE.app/Contents/Eclipse/plugins/com.st.stm32cube.ide.mcu.externaltools.gnu-tools-for-stm32.10.3-2021.10.macos64_1.0.0.202111181127/tools/bin/../lib/gcc/arm-none-eabi/10.3.1/../../../../arm-none-eabi/lib/thumb/v7e-m+fp/hard/libc_nano.a(lib_a-fwalk.o)
                0x00000000080105a0                _fwalk_reent
 .text.__retarget_lock_init_recursive
                0x00000000080105de        0x2 /Applications/STM32CubeIDE.app/Contents/Eclipse/plugins/com.st.stm32cube.ide.mcu.externaltools.gnu-tools-for-stm32.10.3-2021.10.macos64_1.0.0.202111181127/tools/bin/../lib/gcc/arm-none-eabi/10.3.1/../../../../arm-none-eabi/lib/thumb/v7e-m+fp/hard/libc_nano.a(lib_a-lock.o)
                0x00000000080105de                __retarget_lock_init_recursive
 .text.__retarget_lock_acquire_recursive
                0x00000000080105e0        0x2 /Applications/STM32CubeIDE.app/Contents/Eclipse/plugins/com.st.stm32cube.ide.mcu.externaltools.gnu-tools-for-stm32.10.3-2021.10.macos64_1.0.0.202111181127/tools/bin/../lib/gcc/arm-none-eabi/10.3.1/../../../../arm-none-eabi/lib/thumb/v7e-m+fp/hard/libc_nano.a(lib_a-lock.o)
                0x00000000080105e0                __retarget_lock_acquire_recursive
 .text.__retarget_lock_release_recursive
                0x00000000080105e2        0x2 /Applications/STM32CubeIDE.app/Contents/Eclipse/plugins/com.st.stm32cube.ide.mcu.externaltools.gnu-tools-for-stm32.10.3-2021.10.macos64_1.0.0.202111181127/tools/bin/../lib/gcc/arm-none-eabi/10.3.1/../../../../arm-none-eabi/lib/thumb/v7e-m+fp/hard/libc_nano.a(lib_a-lock.o)
                0x00000000080105e2                __retarget_lock_release_recursive
 .text.__swhatbuf_r
                0x00000000080105e4       0x4a /Applications/STM32CubeIDE.app/Contents/Eclipse/plugins/com.st.stm32cube.ide.mcu.externaltools.gnu-tools-for-stm32.10.3-2021.10.macos64_1.0.0.202111181127/tools/bin/../lib/gcc/arm-none-eabi/10.3.1/../../../../arm-none-eabi/lib/thumb/v7e-m+fp/hard/libc_nano.a(lib_a-makebuf.o)
                0x00000000080105e4                __swhatbuf_r
 *fill*         0x000000000801062e        0x2 
 .text.__smakebuf_r
                0x0000000008010630       0x80 /Applications/STM32CubeIDE.app/Contents/Eclipse/plugins/com.st.stm32cube.ide.mcu.externaltools.gnu-tools-for-stm32.10.3-2021.10.macos64_1.0.0.202111181127/tools/bin/../lib/gcc/arm-none-eabi/10.3.1/../../../../arm-none-eabi/lib/thumb/v7e-m+fp/hard/libc_nano.a(lib_a-makebuf.o)
                0x0000000008010630                __smakebuf_r
 .text.__malloc_lock
                0x00000000080106b0        0xc /Applications/STM32CubeIDE.app/Contents/Eclipse/plugins/com.st.stm32cube.ide.mcu.externaltools.gnu-tools-for-stm32.10.3-2021.10.macos64_1.0.0.202111181127/tools/bin/../lib/gcc/arm-none-eabi/10.3.1/../../../../arm-none-eabi/lib/thumb/v7e-m+fp/hard/libc_nano.a(lib_a-mlock.o)
                0x00000000080106b0                __malloc_lock
 .text.__malloc_unlock
                0x00000000080106bc        0xc /Applications/STM32CubeIDE.app/Contents/Eclipse/plugins/com.st.stm32cube.ide.mcu.externaltools.gnu-tools-for-stm32.10.3-2021.10.macos64_1.0.0.202111181127/tools/bin/../lib/gcc/arm-none-eabi/10.3.1/../../../../arm-none-eabi/lib/thumb/v7e-m+fp/hard/libc_nano.a(lib_a-mlock.o)
                0x00000000080106bc                __malloc_unlock
 .text.__ssputs_r
                0x00000000080106c8       0xb6 /Applications/STM32CubeIDE.app/Contents/Eclipse/plugins/com.st.stm32cube.ide.mcu.externaltools.gnu-tools-for-stm32.10.3-2021.10.macos64_1.0.0.202111181127/tools/bin/../lib/gcc/arm-none-eabi/10.3.1/../../../../arm-none-eabi/lib/thumb/v7e-m+fp/hard/libc_nano.a(lib_a-nano-svfprintf.o)
                0x00000000080106c8                __ssputs_r
 *fill*         0x000000000801077e        0x2 
 .text._svfprintf_r
                0x0000000008010780      0x200 /Applications/STM32CubeIDE.app/Contents/Eclipse/plugins/com.st.stm32cube.ide.mcu.externaltools.gnu-tools-for-stm32.10.3-2021.10.macos64_1.0.0.202111181127/tools/bin/../lib/gcc/arm-none-eabi/10.3.1/../../../../arm-none-eabi/lib/thumb/v7e-m+fp/hard/libc_nano.a(lib_a-nano-svfprintf.o)
                0x0000000008010780                _svfprintf_r
                0x0000000008010780                _svfiprintf_r
 .text._printf_common
                0x0000000008010980       0xda /Applications/STM32CubeIDE.app/Contents/Eclipse/plugins/com.st.stm32cube.ide.mcu.externaltools.gnu-tools-for-stm32.10.3-2021.10.macos64_1.0.0.202111181127/tools/bin/../lib/gcc/arm-none-eabi/10.3.1/../../../../arm-none-eabi/lib/thumb/v7e-m+fp/hard/libc_nano.a(lib_a-nano-vfprintf_i.o)
                0x0000000008010980                _printf_common
 *fill*         0x0000000008010a5a        0x2 
 .text._printf_i
                0x0000000008010a5c      0x24c /Applications/STM32CubeIDE.app/Contents/Eclipse/plugins/com.st.stm32cube.ide.mcu.externaltools.gnu-tools-for-stm32.10.3-2021.10.macos64_1.0.0.202111181127/tools/bin/../lib/gcc/arm-none-eabi/10.3.1/../../../../arm-none-eabi/lib/thumb/v7e-m+fp/hard/libc_nano.a(lib_a-nano-vfprintf_i.o)
                0x0000000008010a5c                _printf_i
 .text.__sread  0x0000000008010ca8       0x22 /Applications/STM32CubeIDE.app/Contents/Eclipse/plugins/com.st.stm32cube.ide.mcu.externaltools.gnu-tools-for-stm32.10.3-2021.10.macos64_1.0.0.202111181127/tools/bin/../lib/gcc/arm-none-eabi/10.3.1/../../../../arm-none-eabi/lib/thumb/v7e-m+fp/hard/libc_nano.a(lib_a-stdio.o)
                0x0000000008010ca8                __sread
 .text.__swrite
                0x0000000008010cca       0x38 /Applications/STM32CubeIDE.app/Contents/Eclipse/plugins/com.st.stm32cube.ide.mcu.externaltools.gnu-tools-for-stm32.10.3-2021.10.macos64_1.0.0.202111181127/tools/bin/../lib/gcc/arm-none-eabi/10.3.1/../../../../arm-none-eabi/lib/thumb/v7e-m+fp/hard/libc_nano.a(lib_a-stdio.o)
                0x0000000008010cca                __swrite
 .text.__sseek  0x0000000008010d02       0x24 /Applications/STM32CubeIDE.app/Contents/Eclipse/plugins/com.st.stm32cube.ide.mcu.externaltools.gnu-tools-for-stm32.10.3-2021.10.macos64_1.0.0.202111181127/tools/bin/../lib/gcc/arm-none-eabi/10.3.1/../../../../arm-none-eabi/lib/thumb/v7e-m+fp/hard/libc_nano.a(lib_a-stdio.o)
                0x0000000008010d02                __sseek
 .text.__sclose
                0x0000000008010d26        0x8 /Applications/STM32CubeIDE.app/Contents/Eclipse/plugins/com.st.stm32cube.ide.mcu.externaltools.gnu-tools-for-stm32.10.3-2021.10.macos64_1.0.0.202111181127/tools/bin/../lib/gcc/arm-none-eabi/10.3.1/../../../../arm-none-eabi/lib/thumb/v7e-m+fp/hard/libc_nano.a(lib_a-stdio.o)
                0x0000000008010d26                __sclose
 *fill*         0x0000000008010d2e        0x2 
 .text._write_r
                0x0000000008010d30       0x24 /Applications/STM32CubeIDE.app/Contents/Eclipse/plugins/com.st.stm32cube.ide.mcu.externaltools.gnu-tools-for-stm32.10.3-2021.10.macos64_1.0.0.202111181127/tools/bin/../lib/gcc/arm-none-eabi/10.3.1/../../../../arm-none-eabi/lib/thumb/v7e-m+fp/hard/libc_nano.a(lib_a-writer.o)
                0x0000000008010d30                _write_r
 .text._close_r
                0x0000000008010d54       0x20 /Applications/STM32CubeIDE.app/Contents/Eclipse/plugins/com.st.stm32cube.ide.mcu.externaltools.gnu-tools-for-stm32.10.3-2021.10.macos64_1.0.0.202111181127/tools/bin/../lib/gcc/arm-none-eabi/10.3.1/../../../../arm-none-eabi/lib/thumb/v7e-m+fp/hard/libc_nano.a(lib_a-closer.o)
                0x0000000008010d54                _close_r
 .text._fstat_r
                0x0000000008010d74       0x24 /Applications/STM32CubeIDE.app/Contents/Eclipse/plugins/com.st.stm32cube.ide.mcu.externaltools.gnu-tools-for-stm32.10.3-2021.10.macos64_1.0.0.202111181127/tools/bin/../lib/gcc/arm-none-eabi/10.3.1/../../../../arm-none-eabi/lib/thumb/v7e-m+fp/hard/libc_nano.a(lib_a-fstatr.o)
                0x0000000008010d74                _fstat_r
 .text._isatty_r
                0x0000000008010d98       0x20 /Applications/STM32CubeIDE.app/Contents/Eclipse/plugins/com.st.stm32cube.ide.mcu.externaltools.gnu-tools-for-stm32.10.3-2021.10.macos64_1.0.0.202111181127/tools/bin/../lib/gcc/arm-none-eabi/10.3.1/../../../../arm-none-eabi/lib/thumb/v7e-m+fp/hard/libc_nano.a(lib_a-isattyr.o)
                0x0000000008010d98                _isatty_r
 .text._lseek_r
                0x0000000008010db8       0x24 /Applications/STM32CubeIDE.app/Contents/Eclipse/plugins/com.st.stm32cube.ide.mcu.externaltools.gnu-tools-for-stm32.10.3-2021.10.macos64_1.0.0.202111181127/tools/bin/../lib/gcc/arm-none-eabi/10.3.1/../../../../arm-none-eabi/lib/thumb/v7e-m+fp/hard/libc_nano.a(lib_a-lseekr.o)
                0x0000000008010db8                _lseek_r
 .text.memmove  0x0000000008010ddc       0x34 /Applications/STM32CubeIDE.app/Contents/Eclipse/plugins/com.st.stm32cube.ide.mcu.externaltools.gnu-tools-for-stm32.10.3-2021.10.macos64_1.0.0.202111181127/tools/bin/../lib/gcc/arm-none-eabi/10.3.1/../../../../arm-none-eabi/lib/thumb/v7e-m+fp/hard/libc_nano.a(lib_a-memmove.o)
                0x0000000008010ddc                memmove
 .text._realloc_r
                0x0000000008010e10       0x5e /Applications/STM32CubeIDE.app/Contents/Eclipse/plugins/com.st.stm32cube.ide.mcu.externaltools.gnu-tools-for-stm32.10.3-2021.10.macos64_1.0.0.202111181127/tools/bin/../lib/gcc/arm-none-eabi/10.3.1/../../../../arm-none-eabi/lib/thumb/v7e-m+fp/hard/libc_nano.a(lib_a-nano-reallocr.o)
                0x0000000008010e10                _realloc_r
 *fill*         0x0000000008010e6e        0x2 
 .text._read_r  0x0000000008010e70       0x24 /Applications/STM32CubeIDE.app/Contents/Eclipse/plugins/com.st.stm32cube.ide.mcu.externaltools.gnu-tools-for-stm32.10.3-2021.10.macos64_1.0.0.202111181127/tools/bin/../lib/gcc/arm-none-eabi/10.3.1/../../../../arm-none-eabi/lib/thumb/v7e-m+fp/hard/libc_nano.a(lib_a-readr.o)
                0x0000000008010e70                _read_r
 .text._malloc_usable_size_r
                0x0000000008010e94       0x10 /Applications/STM32CubeIDE.app/Contents/Eclipse/plugins/com.st.stm32cube.ide.mcu.externaltools.gnu-tools-for-stm32.10.3-2021.10.macos64_1.0.0.202111181127/tools/bin/../lib/gcc/arm-none-eabi/10.3.1/../../../../arm-none-eabi/lib/thumb/v7e-m+fp/hard/libc_nano.a(lib_a-nano-msizer.o)
                0x0000000008010e94                _malloc_usable_size_r
 *(.glue_7)
 .glue_7        0x0000000008010ea4        0x0 linker stubs
 *(.glue_7t)
 .glue_7t       0x0000000008010ea4        0x0 linker stubs
 *(.eh_frame)
 .eh_frame      0x0000000008010ea4        0x0 /Applications/STM32CubeIDE.app/Contents/Eclipse/plugins/com.st.stm32cube.ide.mcu.externaltools.gnu-tools-for-stm32.10.3-2021.10.macos64_1.0.0.202111181127/tools/bin/../lib/gcc/arm-none-eabi/10.3.1/thumb/v7e-m+fp/hard/crtbegin.o
 *(.init)
 .init          0x0000000008010ea4        0x4 /Applications/STM32CubeIDE.app/Contents/Eclipse/plugins/com.st.stm32cube.ide.mcu.externaltools.gnu-tools-for-stm32.10.3-2021.10.macos64_1.0.0.202111181127/tools/bin/../lib/gcc/arm-none-eabi/10.3.1/thumb/v7e-m+fp/hard/crti.o
                0x0000000008010ea4                _init
 .init          0x0000000008010ea8        0x8 /Applications/STM32CubeIDE.app/Contents/Eclipse/plugins/com.st.stm32cube.ide.mcu.externaltools.gnu-tools-for-stm32.10.3-2021.10.macos64_1.0.0.202111181127/tools/bin/../lib/gcc/arm-none-eabi/10.3.1/thumb/v7e-m+fp/hard/crtn.o
 *(.fini)
 .fini          0x0000000008010eb0        0x4 /Applications/STM32CubeIDE.app/Contents/Eclipse/plugins/com.st.stm32cube.ide.mcu.externaltools.gnu-tools-for-stm32.10.3-2021.10.macos64_1.0.0.202111181127/tools/bin/../lib/gcc/arm-none-eabi/10.3.1/thumb/v7e-m+fp/hard/crti.o
                0x0000000008010eb0                _fini
 .fini          0x0000000008010eb4        0x8 /Applications/STM32CubeIDE.app/Contents/Eclipse/plugins/com.st.stm32cube.ide.mcu.externaltools.gnu-tools-for-stm32.10.3-2021.10.macos64_1.0.0.202111181127/tools/bin/../lib/gcc/arm-none-eabi/10.3.1/thumb/v7e-m+fp/hard/crtn.o
                0x0000000008010ebc                . = ALIGN (0x4)
                0x0000000008010ebc                _etext = .

.vfp11_veneer   0x0000000008010ebc        0x0
 .vfp11_veneer  0x0000000008010ebc        0x0 linker stubs

.v4_bx          0x0000000008010ebc        0x0
 .v4_bx         0x0000000008010ebc        0x0 linker stubs

.iplt           0x0000000008010ebc        0x0
 .iplt          0x0000000008010ebc        0x0 /Applications/STM32CubeIDE.app/Contents/Eclipse/plugins/com.st.stm32cube.ide.mcu.externaltools.gnu-tools-for-stm32.10.3-2021.10.macos64_1.0.0.202111181127/tools/bin/../lib/gcc/arm-none-eabi/10.3.1/thumb/v7e-m+fp/hard/crtbegin.o

.rodata         0x0000000008010ebc      0xae8
                0x0000000008010ebc                . = ALIGN (0x4)
 *(.rodata)
 .rodata        0x0000000008010ebc      0x4ea ./Core/Src/File_Handling.o
 *fill*         0x00000000080113a6        0x2 
 .rodata        0x00000000080113a8        0x2 ./Core/Src/main.o
 *fill*         0x00000000080113aa        0x2 
 .rodata        0x00000000080113ac        0x4 ./Middlewares/ST/STM32_USB_Host_Library/Class/MSC/Src/usbh_msc.o
 .rodata        0x00000000080113b0       0x54 ./Middlewares/Third_Party/FatFs/src/ff.o
 .rodata        0x0000000008011404       0x43 ./USB_HOST/App/usb_host.o
 *(.rodata*)
 *fill*         0x0000000008011447        0x1 
 .rodata.AHBPrescTable
                0x0000000008011448       0x10 ./Core/Src/system_stm32l4xx.o
                0x0000000008011448                AHBPrescTable
 .rodata.APBPrescTable
                0x0000000008011458        0x8 ./Core/Src/system_stm32l4xx.o
                0x0000000008011458                APBPrescTable
 .rodata.MSIRangeTable
                0x0000000008011460       0x30 ./Core/Src/system_stm32l4xx.o
                0x0000000008011460                MSIRangeTable
 .rodata.USBH_Driver
                0x0000000008011490       0x14 ./FATFS/Target/usbh_diskio.o
                0x0000000008011490                USBH_Driver
 .rodata.ExCvt  0x00000000080114a4       0x80 ./Middlewares/Third_Party/FatFs/src/ff.o
 .rodata.LfnOfs
                0x0000000008011524        0xd ./Middlewares/Third_Party/FatFs/src/ff.o
 *fill*         0x0000000008011531        0x3 
 .rodata.Tbl    0x0000000008011534      0x100 ./Middlewares/Third_Party/FatFs/src/option/ccsbcs.o
 .rodata.cvt1.1
                0x0000000008011634      0x1f2 ./Middlewares/Third_Party/FatFs/src/option/ccsbcs.o
 *fill*         0x0000000008011826        0x2 
 .rodata.cvt2.0
                0x0000000008011828       0xbc ./Middlewares/Third_Party/FatFs/src/option/ccsbcs.o
 .rodata._global_impure_ptr
                0x00000000080118e4        0x4 /Applications/STM32CubeIDE.app/Contents/Eclipse/plugins/com.st.stm32cube.ide.mcu.externaltools.gnu-tools-for-stm32.10.3-2021.10.macos64_1.0.0.202111181127/tools/bin/../lib/gcc/arm-none-eabi/10.3.1/../../../../arm-none-eabi/lib/thumb/v7e-m+fp/hard/libc_nano.a(lib_a-impure.o)
                0x00000000080118e4                _global_impure_ptr
 .rodata.__utoa.str1.1
                0x00000000080118e8       0x25 /Applications/STM32CubeIDE.app/Contents/Eclipse/plugins/com.st.stm32cube.ide.mcu.externaltools.gnu-tools-for-stm32.10.3-2021.10.macos64_1.0.0.202111181127/tools/bin/../lib/gcc/arm-none-eabi/10.3.1/../../../../arm-none-eabi/lib/thumb/v7e-m+fp/hard/libc_nano.a(lib_a-utoa.o)
 *fill*         0x000000000801190d        0x3 
 .rodata.__sf_fake_stderr
                0x0000000008011910       0x20 /Applications/STM32CubeIDE.app/Contents/Eclipse/plugins/com.st.stm32cube.ide.mcu.externaltools.gnu-tools-for-stm32.10.3-2021.10.macos64_1.0.0.202111181127/tools/bin/../lib/gcc/arm-none-eabi/10.3.1/../../../../arm-none-eabi/lib/thumb/v7e-m+fp/hard/libc_nano.a(lib_a-findfp.o)
                0x0000000008011910                __sf_fake_stderr
 .rodata.__sf_fake_stdin
                0x0000000008011930       0x20 /Applications/STM32CubeIDE.app/Contents/Eclipse/plugins/com.st.stm32cube.ide.mcu.externaltools.gnu-tools-for-stm32.10.3-2021.10.macos64_1.0.0.202111181127/tools/bin/../lib/gcc/arm-none-eabi/10.3.1/../../../../arm-none-eabi/lib/thumb/v7e-m+fp/hard/libc_nano.a(lib_a-findfp.o)
                0x0000000008011930                __sf_fake_stdin
 .rodata.__sf_fake_stdout