Archive member included to satisfy reference by file (symbol)

/Applications/STM32CubeIDE.app/Contents/Eclipse/plugins/com.st.stm32cube.ide.mcu.externaltools.gnu-tools-for-stm32.10.3-2021.10.macos64_1.0.0.202111181127/tools/bin/../lib/gcc/arm-none-eabi/10.3.1/../../../../arm-none-eabi/lib/thumb/v7e-m+fp/hard/libc_nano.a(lib_a-errno.o)
                              ./Core/Src/syscalls.o (__errno)
/Applications/STM32CubeIDE.app/Contents/Eclipse/plugins/com.st.stm32cube.ide.mcu.externaltools.gnu-tools-for-stm32.10.3-2021.10.macos64_1.0.0.202111181127/tools/bin/../lib/gcc/arm-none-eabi/10.3.1/../../../../arm-none-eabi/lib/thumb/v7e-m+fp/hard/libc_nano.a(lib_a-exit.o)
                              /Applications/STM32CubeIDE.app/Contents/Eclipse/plugins/com.st.stm32cube.ide.mcu.externaltools.gnu-tools-for-stm32.10.3-2021.10.macos64_1.0.0.202111181127/tools/bin/../lib/gcc/arm-none-eabi/10.3.1/../../../../arm-none-eabi/lib/thumb/v7e-m+fp/hard/crt0.o (exit)
/Applications/STM32CubeIDE.app/Contents/Eclipse/plugins/com.st.stm32cube.ide.mcu.externaltools.gnu-tools-for-stm32.10.3-2021.10.macos64_1.0.0.202111181127/tools/bin/../lib/gcc/arm-none-eabi/10.3.1/../../../../arm-none-eabi/lib/thumb/v7e-m+fp/hard/libc_nano.a(lib_a-impure.o)
                              /Applications/STM32CubeIDE.app/Contents/Eclipse/plugins/com.st.stm32cube.ide.mcu.externaltools.gnu-tools-for-stm32.10.3-2021.10.macos64_1.0.0.202111181127/tools/bin/../lib/gcc/arm-none-eabi/10.3.1/../../../../arm-none-eabi/lib/thumb/v7e-m+fp/hard/libc_nano.a(lib_a-exit.o) (_global_impure_ptr)
/Applications/STM32CubeIDE.app/Contents/Eclipse/plugins/com.st.stm32cube.ide.mcu.externaltools.gnu-tools-for-stm32.10.3-2021.10.macos64_1.0.0.202111181127/tools/bin/../lib/gcc/arm-none-eabi/10.3.1/../../../../arm-none-eabi/lib/thumb/v7e-m+fp/hard/libc_nano.a(lib_a-init.o)
                              /Applications/STM32CubeIDE.app/Contents/Eclipse/plugins/com.st.stm32cube.ide.mcu.externaltools.gnu-tools-for-stm32.10.3-2021.10.macos64_1.0.0.202111181127/tools/bin/../lib/gcc/arm-none-eabi/10.3.1/../../../../arm-none-eabi/lib/thumb/v7e-m+fp/hard/crt0.o (__libc_init_array)
/Applications/STM32CubeIDE.app/Contents/Eclipse/plugins/com.st.stm32cube.ide.mcu.externaltools.gnu-tools-for-stm32.10.3-2021.10.macos64_1.0.0.202111181127/tools/bin/../lib/gcc/arm-none-eabi/10.3.1/../../../../arm-none-eabi/lib/thumb/v7e-m+fp/hard/libc_nano.a(lib_a-malloc.o)
                              ./Core/Src/File_Handling.o (malloc)
/Applications/STM32CubeIDE.app/Contents/Eclipse/plugins/com.st.stm32cube.ide.mcu.externaltools.gnu-tools-for-stm32.10.3-2021.10.macos64_1.0.0.202111181127/tools/bin/../lib/gcc/arm-none-eabi/10.3.1/../../../../arm-none-eabi/lib/thumb/v7e-m+fp/hard/libc_nano.a(lib_a-memcpy-stub.o)
                              ./Middlewares/ST/STM32_USB_Host_Library/Class/MSC/Src/usbh_msc.o (memcpy)
/Applications/STM32CubeIDE.app/Contents/Eclipse/plugins/com.st.stm32cube.ide.mcu.externaltools.gnu-tools-for-stm32.10.3-2021.10.macos64_1.0.0.202111181127/tools/bin/../lib/gcc/arm-none-eabi/10.3.1/../../../../arm-none-eabi/lib/thumb/v7e-m+fp/hard/libc_nano.a(lib_a-memset.o)
                              /Applications/STM32CubeIDE.app/Contents/Eclipse/plugins/com.st.stm32cube.ide.mcu.externaltools.gnu-tools-for-stm32.10.3-2021.10.macos64_1.0.0.202111181127/tools/bin/../lib/gcc/arm-none-eabi/10.3.1/../../../../arm-none-eabi/lib/thumb/v7e-m+fp/hard/crt0.o (memset)
/Applications/STM32CubeIDE.app/Contents/Eclipse/plugins/com.st.stm32cube.ide.mcu.externaltools.gnu-tools-for-stm32.10.3-2021.10.macos64_1.0.0.202111181127/tools/bin/../lib/gcc/arm-none-eabi/10.3.1/../../../../arm-none-eabi/lib/thumb/v7e-m+fp/hard/libc_nano.a(lib_a-nano-freer.o)
                              /Applications/STM32CubeIDE.app/Contents/Eclipse/plugins/com.st.stm32cube.ide.mcu.externaltools.gnu-tools-for-stm32.10.3-2021.10.macos64_1.0.0.202111181127/tools/bin/../lib/gcc/arm-none-eabi/10.3.1/../../../../arm-none-eabi/lib/thumb/v7e-m+fp/hard/libc_nano.a(lib_a-malloc.o) (_free_r)
/Applications/STM32CubeIDE.app/Contents/Eclipse/plugins/com.st.stm32cube.ide.mcu.externaltools.gnu-tools-for-stm32.10.3-2021.10.macos64_1.0.0.202111181127/tools/bin/../lib/gcc/arm-none-eabi/10.3.1/../../../../arm-none-eabi/lib/thumb/v7e-m+fp/hard/libc_nano.a(lib_a-nano-mallocr.o)
                              /Applications/STM32CubeIDE.app/Contents/Eclipse/plugins/com.st.stm32cube.ide.mcu.externaltools.gnu-tools-for-stm32.10.3-2021.10.macos64_1.0.0.202111181127/tools/bin/../lib/gcc/arm-none-eabi/10.3.1/../../../../arm-none-eabi/lib/thumb/v7e-m+fp/hard/libc_nano.a(lib_a-malloc.o) (_malloc_r)
/Applications/STM32CubeIDE.app/Contents/Eclipse/plugins/com.st.stm32cube.ide.mcu.externaltools.gnu-tools-for-stm32.10.3-2021.10.macos64_1.0.0.202111181127/tools/bin/../lib/gcc/arm-none-eabi/10.3.1/../../../../arm-none-eabi/lib/thumb/v7e-m+fp/hard/libc_nano.a(lib_a-puts.o)
                              ./Core/Src/File_Handling.o (puts)
[...]
Memory Configuration

Name             Origin             Length             Attributes
RAM              0x0000000020000000 0x0000000000050000 xrw
RAM2             0x0000000010000000 0x0000000000010000 xrw
FLASH            0x0000000008000000 0x0000000000100000 xr
*default*        0x0000000000000000 0xffffffffffffffff

Linker script and memory map

LOAD /Applications/STM32CubeIDE.app/Contents/Eclipse/plugins/com.st.stm32cube.ide.mcu.externaltools.gnu-tools-for-stm32.10.3-2021.10.macos64_1.0.0.202111181127/tools/bin/../lib/gcc/arm-none-eabi/10.3.1/thumb/v7e-m+fp/hard/crti.o
LOAD /Applications/STM32CubeIDE.app/Contents/Eclipse/plugins/com.st.stm32cube.ide.mcu.externaltools.gnu-tools-for-stm32.10.3-2021.10.macos64_1.0.0.202111181127/tools/bin/../lib/gcc/arm-none-eabi/10.3.1/thumb/v7e-m+fp/hard/crtbegin.o
LOAD /Applications/STM32CubeIDE.app/Contents/Eclipse/plugins/com.st.stm32cube.ide.mcu.externaltools.gnu-tools-for-stm32.10.3-2021.10.macos64_1.0.0.202111181127/tools/bin/../lib/gcc/arm-none-eabi/10.3.1/../../../../arm-none-eabi/lib/thumb/v7e-m+fp/hard/crt0.o
LOAD ./Core/Src/File_Handling.o
LOAD ./Core/Src/main.o
LOAD ./Core/Src/stm32l4xx_hal_msp.o
LOAD ./Core/Src/stm32l4xx_it.o
LOAD ./Core/Src/syscalls.o
LOAD ./Core/Src/sysmem.o
LOAD ./Core/Src/system_stm32l4xx.o
LOAD ./Core/Startup/startup_stm32l496zgtxp.o
LOAD ./Drivers/STM32L4xx_HAL_Driver/Src/stm32l4xx_hal.o
LOAD ./Drivers/STM32L4xx_HAL_Driver/Src/stm32l4xx_hal_cortex.o
LOAD ./Drivers/STM32L4xx_HAL_Driver/Src/stm32l4xx_hal_dma.o
LOAD ./Drivers/STM32L4xx_HAL_Driver/Src/stm32l4xx_hal_dma_ex.o
LOAD ./Drivers/STM32L4xx_HAL_Driver/Src/stm32l4xx_hal_exti.o
LOAD ./Drivers/STM32L4xx_HAL_Driver/Src/stm32l4xx_hal_flash.o
LOAD ./Drivers/STM32L4xx_HAL_Driver/Src/stm32l4xx_hal_flash_ex.o
LOAD ./Drivers/STM32L4xx_HAL_Driver/Src/stm32l4xx_hal_flash_ramfunc.o
LOAD ./Drivers/STM32L4xx_HAL_Driver/Src/stm32l4xx_hal_gpio.o
LOAD ./Drivers/STM32L4xx_HAL_Driver/Src/stm32l4xx_hal_hcd.o
LOAD ./Drivers/STM32L4xx_HAL_Driver/Src/stm32l4xx_hal_i2c.o
LOAD ./Drivers/STM32L4xx_HAL_Driver/Src/stm32l4xx_hal_i2c_ex.o
LOAD ./Drivers/STM32L4xx_HAL_Driver/Src/stm32l4xx_hal_pwr.o
LOAD ./Drivers/STM32L4xx_HAL_Driver/Src/stm32l4xx_hal_pwr_ex.o
LOAD ./Drivers/STM32L4xx_HAL_Driver/Src/stm32l4xx_hal_rcc.o
LOAD ./Drivers/STM32L4xx_HAL_Driver/Src/stm32l4xx_hal_rcc_ex.o
LOAD ./Drivers/STM32L4xx_HAL_Driver/Src/stm32l4xx_hal_tim.o
LOAD ./Drivers/STM32L4xx_HAL_Driver/Src/stm32l4xx_hal_tim_ex.o
LOAD ./Drivers/STM32L4xx_HAL_Driver/Src/stm32l4xx_hal_uart.o
LOAD ./Drivers/STM32L4xx_HAL_Driver/Src/stm32l4xx_hal_uart_ex.o
LOAD ./Drivers/STM32L4xx_HAL_Driver/Src/stm32l4xx_ll_usb.o
LOAD ./FATFS/App/fatfs.o
LOAD ./FATFS/Target/usbh_diskio.o
LOAD ./Middlewares/ST/STM32_USB_Host_Library/Class/MSC/Src/usbh_msc.o
LOAD ./Middlewares/ST/STM32_USB_Host_Library/Class/MSC/Src/usbh_msc_bot.o
LOAD ./Middlewares/ST/STM32_USB_Host_Library/Class/MSC/Src/usbh_msc_scsi.o
LOAD ./Middlewares/ST/STM32_USB_Host_Library/Core/Src/usbh_core.o
LOAD ./Middlewares/ST/STM32_USB_Host_Library/Core/Src/usbh_ctlreq.o
LOAD ./Middlewares/ST/STM32_USB_Host_Library/Core/Src/usbh_ioreq.o
LOAD ./Middlewares/ST/STM32_USB_Host_Library/Core/Src/usbh_pipes.o
LOAD ./Middlewares/Third_Party/FatFs/src/diskio.o
LOAD ./Middlewares/Third_Party/FatFs/src/ff.o
LOAD ./Middlewares/Third_Party/FatFs/src/ff_gen_drv.o
LOAD ./Middlewares/Third_Party/FatFs/src/option/ccsbcs.o
LOAD ./Middlewares/Third_Party/FatFs/src/option/syscall.o
LOAD ./USB_HOST/App/usb_host.o
LOAD ./USB_HOST/Target/usbh_conf.o
LOAD ./USB_HOST/Target/usbh_platform.o
START GROUP
LOAD /Applications/STM32CubeIDE.app/Contents/Eclipse/plugins/com.st.stm32cube.ide.mcu.externaltools.gnu-tools-for-stm32.10.3-2021.10.macos64_1.0.0.202111181127/tools/bin/../lib/gcc/arm-none-eabi/10.3.1/../../../../arm-none-eabi/lib/thumb/v7e-m+fp/hard/libc_nano.a
LOAD /Applications/STM32CubeIDE.app/Contents/Eclipse/plugins/com.st.stm32cube.ide.mcu.externaltools.gnu-tools-for-stm32.10.3-2021.10.macos64_1.0.0.202111181127/tools/bin/../lib/gcc/arm-none-eabi/10.3.1/../../../../arm-none-eabi/lib/thumb/v7e-m+fp/hard/libm.a
END GROUP
START GROUP
LOAD /Applications/STM32CubeIDE.app/Contents/Eclipse/plugins/com.st.stm32cube.ide.mcu.externaltools.gnu-tools-for-stm32.10.3-2021.10.macos64_1.0.0.202111181127/tools/bin/../lib/gcc/arm-none-eabi/10.3.1/thumb/v7e-m+fp/hard/libgcc.a
LOAD /Applications/STM32CubeIDE.app/Contents/Eclipse/plugins/com.st.stm32cube.ide.mcu.externaltools.gnu-tools-for-stm32.10.3-2021.10.macos64_1.0.0.202111181127/tools/bin/../lib/gcc/arm-none-eabi/10.3.1/../../../../arm-none-eabi/lib/thumb/v7e-m+fp/hard/libc_nano.a
END GROUP
START GROUP
LOAD /Applications/STM32CubeIDE.app/Contents/Eclipse/plugins/com.st.stm32cube.ide.mcu.externaltools.gnu-tools-for-stm32.10.3-2021.10.macos64_1.0.0.202111181127/tools/bin/../lib/gcc/arm-none-eabi/10.3.1/thumb/v7e-m+fp/hard/libgcc.a
LOAD /Applications/STM32CubeIDE.app/Contents/Eclipse/plugins/com.st.stm32cube.ide.mcu.externaltools.gnu-tools-for-stm32.10.3-2021.10.macos64_1.0.0.202111181127/tools/bin/../lib/gcc/arm-none-eabi/10.3.1/../../../../arm-none-eabi/lib/thumb/v7e-m+fp/hard/libc_nano.a
LOAD /Applications/STM32CubeIDE.app/Contents/Eclipse/plugins/com.st.stm32cube.ide.mcu.externaltools.gnu-tools-for-stm32.10.3-2021.10.macos64_1.0.0.202111181127/tools/bin/../lib/gcc/arm-none-eabi/10.3.1/../../../../arm-none-eabi/lib/thumb/v7e-m+fp/hard/libnosys.a
END GROUP
START GROUP
LOAD /Applications/STM32CubeIDE.app/Contents/Eclipse/plugins/com.st.stm32cube.ide.mcu.externaltools.gnu-tools-for-stm32.10.3-2021.10.macos64_1.0.0.202111181127/tools/bin/../lib/gcc/arm-none-eabi/10.3.1/thumb/v7e-m+fp/hard/libgcc.a
LOAD /Applications/STM32CubeIDE.app/Contents/Eclipse/plugins/com.st.stm32cube.ide.mcu.externaltools.gnu-tools-for-stm32.10.3-2021.10.macos64_1.0.0.202111181127/tools/bin/../lib/gcc/arm-none-eabi/10.3.1/../../../../arm-none-eabi/lib/thumb/v7e-m+fp/hard/libc_nano.a
LOAD /Applications/STM32CubeIDE.app/Contents/Eclipse/plugins/com.st.stm32cube.ide.mcu.externaltools.gnu-tools-for-stm32.10.3-2021.10.macos64_1.0.0.202111181127/tools/bin/../lib/gcc/arm-none-eabi/10.3.1/../../../../arm-none-eabi/lib/thumb/v7e-m+fp/hard/libnosys.a
END GROUP
LOAD /Applications/STM32CubeIDE.app/Contents/Eclipse/plugins/com.st.stm32cube.ide.mcu.externaltools.gnu-tools-for-stm32.10.3-2021.10.macos64_1.0.0.202111181127/tools/bin/../lib/gcc/arm-none-eabi/10.3.1/thumb/v7e-m+fp/hard/crtend.o
LOAD /Applications/STM32CubeIDE.app/Contents/Eclipse/plugins/com.st.stm32cube.ide.mcu.externaltools.gnu-tools-for-stm32.10.3-2021.10.macos64_1.0.0.202111181127/tools/bin/../lib/gcc/arm-none-eabi/10.3.1/thumb/v7e-m+fp/hard/crtn.o
                0x0000000020050000                _estack = (ORIGIN (RAM) + LENGTH (RAM))
                0x0000000000000200                _Min_Heap_Size = 0x200
                0x0000000000000400                _Min_Stack_Size = 0x400

.isr_vector     0x0000000008000000      0x1ac
                0x0000000008000000                . = ALIGN (0x4)
 *(.isr_vector)
 .isr_vector    0x0000000008000000      0x1ac ./Core/Startup/startup_stm32l496zgtxp.o
                0x0000000008000000                g_pfnVectors
                0x00000000080001ac                . = ALIGN (0x4)

.text           0x00000000080001b0    0x1044c
                0x00000000080001b0                . = ALIGN (0x4)
 *(.text)
 .text          0x00000000080001b0       0x40 /Applications/STM32CubeIDE.app/Contents/Eclipse/plugins/com.st.stm32cube.ide.mcu.externaltools.gnu-tools-for-stm32.10.3-2021.10.macos64_1.0.0.202111181127/tools/bin/../lib/gcc/arm-none-eabi/10.3.1/thumb/v7e-m+fp/hard/crtbegin.o
 .text          0x00000000080001f0       0x14 /Applications/STM32CubeIDE.app/Contents/Eclipse/plugins/com.st.stm32cube.ide.mcu.externaltools.gnu-tools-for-stm32.10.3-2021.10.macos64_1.0.0.202111181127/tools/bin/../lib/gcc/arm-none-eabi/10.3.1/../../../../arm-none-eabi/lib/thumb/v7e-m+fp/hard/libc_nano.a(lib_a-strcmp.o)
                0x00000000080001f0                strcmp
 .text          0x0000000008000204       0x10 /Applications/STM32CubeIDE.app/Contents/Eclipse/plugins/com.st.stm32cube.ide.mcu.externaltools.gnu-tools-for-stm32.10.3-2021.10.macos64_1.0.0.202111181127/tools/bin/../lib/gcc/arm-none-eabi/10.3.1/../../../../arm-none-eabi/lib/thumb/v7e-m+fp/hard/libc_nano.a(lib_a-strlen.o)
                0x0000000008000204                strlen
 *fill*         0x0000000008000214        0xc 
 .text          0x0000000008000220       0xa0 /Applications/STM32CubeIDE.app/Contents/Eclipse/plugins/com.st.stm32cube.ide.mcu.externaltools.gnu-tools-for-stm32.10.3-2021.10.macos64_1.0.0.202111181127/tools/bin/../lib/gcc/arm-none-eabi/10.3.1/../../../../arm-none-eabi/lib/thumb/v7e-m+fp/hard/libc_nano.a(lib_a-memchr.o)
                0x0000000008000220                memchr
 .text          0x00000000080002c0      0x254 /Applications/STM32CubeIDE.app/Contents/Eclipse/plugins/com.st.stm32cube.ide.mcu.externaltools.gnu-tools-for-stm32.10.3-2021.10.macos64_1.0.0.202111181127/tools/bin/../lib/gcc/arm-none-eabi/10.3.1/thumb/v7e-m+fp/hard/libgcc.a(_arm_muldf3.o)
                0x00000000080002c0                __aeabi_dmul
                0x00000000080002c0                __muldf3
 .text          0x0000000008000514      0x378 /Applications/STM32CubeIDE.app/Contents/Eclipse/plugins/com.st.stm32cube.ide.mcu.externaltools.gnu-tools-for-stm32.10.3-2021.10.macos64_1.0.0.202111181127/tools/bin/../lib/gcc/arm-none-eabi/10.3.1/thumb/v7e-m+fp/hard/libgcc.a(_arm_addsubdf3.o)
                0x0000000008000514                __aeabi_drsub
                0x000000000800051c                __subdf3
                0x000000000800051c                __aeabi_dsub
                0x0000000008000520                __aeabi_dadd
                0x0000000008000520                __adddf3
                0x0000000008000798                __aeabi_ui2d
                0x0000000008000798                __floatunsidf
                0x00000000080007b8                __floatsidf
                0x00000000080007b8                __aeabi_i2d
                0x00000000080007dc                __extendsfdf2
                0x00000000080007dc                __aeabi_f2d
                0x0000000008000820                __aeabi_ul2d
                0x0000000008000820                __floatundidf
                0x0000000008000830                __aeabi_l2d
                0x0000000008000830                __floatdidf
 .text          0x000000000800088c       0x40 /Applications/STM32CubeIDE.app/Contents/Eclipse/plugins/com.st.stm32cube.ide.mcu.externaltools.gnu-tools-for-stm32.10.3-2021.10.macos64_1.0.0.202111181127/tools/bin/../lib/gcc/arm-none-eabi/10.3.1/thumb/v7e-m+fp/hard/libgcc.a(_arm_fixunsdfsi.o)
                0x000000000800088c                __fixunsdfsi
                0x000000000800088c                __aeabi_d2uiz
 .text          0x00000000080008cc       0x30 /Applications/STM32CubeIDE.app/Contents/Eclipse/plugins/com.st.stm32cube.ide.mcu.externaltools.gnu-tools-for-stm32.10.3-2021.10.macos64_1.0.0.202111181127/tools/bin/../lib/gcc/arm-none-eabi/10.3.1/thumb/v7e-m+fp/hard/libgcc.a(_aeabi_uldivmod.o)
                0x00000000080008cc                __aeabi_uldivmod
 .text          0x00000000080008fc      0x2d0 /Applications/STM32CubeIDE.app/Contents/Eclipse/plugins/com.st.stm32cube.ide.mcu.externaltools.gnu-tools-for-stm32.10.3-2021.10.macos64_1.0.0.202111181127/tools/bin/../lib/gcc/arm-none-eabi/10.3.1/thumb/v7e-m+fp/hard/libgcc.a(_udivmoddi4.o)
                0x00000000080008fc                __udivmoddi4
 .text          0x0000000008000bcc        0x4 /Applications/STM32CubeIDE.app/Contents/Eclipse/plugins/com.st.stm32cube.ide.mcu.externaltools.gnu-tools-for-stm32.10.3-2021.10.macos64_1.0.0.202111181127/tools/bin/../lib/gcc/arm-none-eabi/10.3.1/thumb/v7e-m+fp/hard/libgcc.a(_dvmd_tls.o)
                0x0000000008000bcc                __aeabi_ldiv0
                0x0000000008000bcc                __aeabi_idiv0
 *(.text*)
 .text.Send_Uart
                0x0000000008000bd0       0x2c ./Core/Src/File_Handling.o
                0x0000000008000bd0                Send_Uart
 .text.Mount_USB
                0x0000000008000bfc       0x58 ./Core/Src/File_Handling.o
                0x0000000008000bfc                Mount_USB
 .text.Unmount_USB
                0x0000000008000c54       0x40 ./Core/Src/File_Handling.o
                0x0000000008000c54                Unmount_USB
 .text.Scan_USB
                0x0000000008000c94      0x14c ./Core/Src/File_Handling.o
                0x0000000008000c94                Scan_USB
 .text.Write_File
                0x0000000008000de0      0x188 ./Core/Src/File_Handling.o
                0x0000000008000de0                Write_File
 .text.Create_File
                0x0000000008000f68      0x138 ./Core/Src/File_Handling.o
                0x0000000008000f68                Create_File
 .text.Create_Dir
                0x00000000080010a0       0x80 ./Core/Src/File_Handling.o
                0x00000000080010a0                Create_Dir
 .text.Check_USB_Details
                0x0000000008001120       0xe8 ./Core/Src/File_Handling.o
                0x0000000008001120                Check_USB_Details
 .text.main     0x0000000008001208       0x22 ./Core/Src/main.o
                0x0000000008001208                main
 *fill*         0x000000000800122a        0x2 
 .text.SystemClock_Config
                0x000000000800122c       0xc4 ./Core/Src/main.o
                0x000000000800122c                SystemClock_Config
 .text.MX_LPUART1_UART_Init
                0x00000000080012f0       0x58 ./Core/Src/main.o
 .text.MX_GPIO_Init
                0x0000000008001348       0x98 ./Core/Src/main.o
 .text.Error_Handler
                0x00000000080013e0        0xa ./Core/Src/main.o
                0x00000000080013e0                Error_Handler
 *fill*         0x00000000080013ea        0x2 
 .text.HAL_MspInit
                0x00000000080013ec       0x48 ./Core/Src/stm32l4xx_hal_msp.o
                0x00000000080013ec                HAL_MspInit
 .text.HAL_UART_MspInit
                0x0000000008001434       0xd0 ./Core/Src/stm32l4xx_hal_msp.o
                0x0000000008001434                HAL_UART_MspInit
 .text.NMI_Handler
                0x0000000008001504        0x6 ./Core/Src/stm32l4xx_it.o
                0x0000000008001504                NMI_Handler
 .text.HardFault_Handler
                0x000000000800150a        0x6 ./Core/Src/stm32l4xx_it.o
                0x000000000800150a                HardFault_Handler
 .text.MemManage_Handler
                0x0000000008001510        0x6 ./Core/Src/stm32l4xx_it.o
                0x0000000008001510                MemManage_Handler
 .text.BusFault_Handler
                0x0000000008001516        0x6 ./Core/Src/stm32l4xx_it.o
                0x0000000008001516                BusFault_Handler
 .text.UsageFault_Handler
                0x000000000800151c        0x6 ./Core/Src/stm32l4xx_it.o
                0x000000000800151c                UsageFault_Handler
 .text.SVC_Handler
                0x0000000008001522        0xe ./Core/Src/stm32l4xx_it.o
                0x0000000008001522                SVC_Handler
 .text.DebugMon_Handler
                0x0000000008001530        0xe ./Core/Src/stm32l4xx_it.o
                0x0000000008001530                DebugMon_Handler
 .text.PendSV_Handler
                0x000000000800153e        0xe ./Core/Src/stm32l4xx_it.o
                0x000000000800153e                PendSV_Handler
 .text.SysTick_Handler
                0x000000000800154c        0xc ./Core/Src/stm32l4xx_it.o
                0x000000000800154c                SysTick_Handler
 .text.OTG_FS_IRQHandler
                0x0000000008001558       0x14 ./Core/Src/stm32l4xx_it.o
                0x0000000008001558                OTG_FS_IRQHandler
 .text.LPUART1_IRQHandler
                0x000000000800156c       0x14 ./Core/Src/stm32l4xx_it.o
                0x000000000800156c                LPUART1_IRQHandler
 .text._read    0x0000000008001580       0x3a ./Core/Src/syscalls.o
                0x0000000008001580                _read
 .text._write   0x00000000080015ba       0x38 ./Core/Src/syscalls.o
                0x00000000080015ba                _write
 .text._close   0x00000000080015f2       0x18 ./Core/Src/syscalls.o
                0x00000000080015f2                _close
 .text._fstat   0x000000000800160a       0x20 ./Core/Src/syscalls.o
                0x000000000800160a                _fstat
 .text._isatty  0x000000000800162a       0x16 ./Core/Src/syscalls.o
                0x000000000800162a                _isatty
 .text._lseek   0x0000000008001640       0x1a ./Core/Src/syscalls.o
                0x0000000008001640                _lseek
 *fill*         0x000000000800165a        0x2 
 .text._sbrk    0x000000000800165c       0x6c ./Core/Src/sysmem.o
                0x000000000800165c                _sbrk
 .text.SystemInit
                0x00000000080016c8       0x24 ./Core/Src/system_stm32l4xx.o
                0x00000000080016c8                SystemInit
 .text.Reset_Handler
                0x00000000080016ec       0x50 ./Core/Startup/startup_stm32l496zgtxp.o
                0x00000000080016ec                Reset_Handler
 .text.Default_Handler
                0x000000000800173c        0x2 ./Core/Startup/startup_stm32l496zgtxp.o
                0x000000000800173c                TIM1_BRK_TIM15_IRQHandler
                0x000000000800173c                EXTI2_IRQHandler
                0x000000000800173c                TIM8_TRG_COM_IRQHandler
                0x000000000800173c                TIM8_CC_IRQHandler
                0x000000000800173c                TIM1_CC_IRQHandler
                0x000000000800173c                TSC_IRQHandler
                0x000000000800173c                TAMP_STAMP_IRQHandler
                0x000000000800173c                CAN2_RX1_IRQHandler
                0x000000000800173c                EXTI3_IRQHandler
                0x000000000800173c                LPTIM2_IRQHandler
                0x000000000800173c                DFSDM1_FLT1_IRQHandler
                0x000000000800173c                I2C3_ER_IRQHandler
                0x000000000800173c                DFSDM1_FLT2_IRQHandler
                0x000000000800173c                EXTI0_IRQHandler
                0x000000000800173c                I2C2_EV_IRQHandler
                0x000000000800173c                CAN1_RX0_IRQHandler
                0x000000000800173c                FPU_IRQHandler
                0x000000000800173c                TIM1_UP_TIM16_IRQHandler
                0x000000000800173c                CAN2_SCE_IRQHandler
                0x000000000800173c                ADC1_2_IRQHandler
                0x000000000800173c                SPI1_IRQHandler
                0x000000000800173c                TIM6_DAC_IRQHandler
                0x000000000800173c                DCMI_IRQHandler
                0x000000000800173c                CAN2_RX0_IRQHandler
                0x000000000800173c                TIM8_UP_IRQHandler
                0x000000000800173c                DMA2_Channel2_IRQHandler
                0x000000000800173c                DMA1_Channel4_IRQHandler
                0x000000000800173c                SAI2_IRQHandler
                0x000000000800173c                DFSDM1_FLT3_IRQHandler
                0x000000000800173c                USART3_IRQHandler
                0x000000000800173c                DMA1_Channel7_IRQHandler
                0x000000000800173c                CAN1_RX1_IRQHandler
                0x000000000800173c                LCD_IRQHandler
                0x000000000800173c                UART5_IRQHandler
                0x000000000800173c                ADC3_IRQHandler
                0x000000000800173c                TIM4_IRQHandler
                0x000000000800173c                DMA2_Channel1_IRQHandler
                0x000000000800173c                QUADSPI_IRQHandler
                0x000000000800173c                I2C1_EV_IRQHandler
                0x000000000800173c                DMA1_Channel6_IRQHandler
                0x000000000800173c                UART4_IRQHandler
                0x000000000800173c                DMA2_Channel4_IRQHandler
                0x000000000800173c                TIM3_IRQHandler
                0x000000000800173c                RCC_IRQHandler
                0x000000000800173c                DMA1_Channel1_IRQHandler
                0x000000000800173c                Default_Handler
                0x000000000800173c                DMA2_Channel7_IRQHandler
                0x000000000800173c                EXTI15_10_IRQHandler
                0x000000000800173c                TIM7_IRQHandler
                0x000000000800173c                SDMMC1_IRQHandler
                0x000000000800173c                CAN2_TX_IRQHandler
                0x000000000800173c                TIM5_IRQHandler
                0x000000000800173c                I2C3_EV_IRQHandler
                0x000000000800173c                EXTI9_5_IRQHandler
                0x000000000800173c                RTC_WKUP_IRQHandler
                0x000000000800173c                PVD_PVM_IRQHandler
                0x000000000800173c                SPI2_IRQHandler
                0x000000000800173c                CAN1_TX_IRQHandler
                0x000000000800173c                DMA2_Channel5_IRQHandler
                0x000000000800173c                CRS_IRQHandler
                0x000000000800173c                DMA1_Channel5_IRQHandler
                0x000000000800173c                EXTI4_IRQHandler
                0x000000000800173c                RNG_IRQHandler
                0x000000000800173c                TIM1_TRG_COM_TIM17_IRQHandler
                0x000000000800173c                DMA1_Channel3_IRQHandler
                0x000000000800173c                COMP_IRQHandler
                0x000000000800173c                WWDG_IRQHandler
                0x000000000800173c                I2C4_EV_IRQHandler
                0x000000000800173c                DMA2_Channel6_IRQHandler
                0x000000000800173c                TIM2_IRQHandler
                0x000000000800173c                EXTI1_IRQHandler
                0x000000000800173c                USART2_IRQHandler
                0x000000000800173c                DFSDM1_FLT0_IRQHandler
                0x000000000800173c                I2C2_ER_IRQHandler
                0x000000000800173c                DMA1_Channel2_IRQHandler
                0x000000000800173c                TIM8_BRK_IRQHandler
                0x000000000800173c                CAN1_SCE_IRQHandler
                0x000000000800173c                FLASH_IRQHandler
                0x000000000800173c                USART1_IRQHandler
                0x000000000800173c                SPI3_IRQHandler
                0x000000000800173c                I2C1_ER_IRQHandler
                0x000000000800173c                FMC_IRQHandler
                0x000000000800173c                SWPMI1_IRQHandler
                0x000000000800173c                LPTIM1_IRQHandler
                0x000000000800173c                I2C4_ER_IRQHandler
                0x000000000800173c                SAI1_IRQHandler
                0x000000000800173c                DMA2_Channel3_IRQHandler
                0x000000000800173c                RTC_Alarm_IRQHandler
 .text.HAL_Init
                0x000000000800173e       0x30 ./Drivers/STM32L4xx_HAL_Driver/Src/stm32l4xx_hal.o
                0x000000000800173e                HAL_Init
 *fill*         0x000000000800176e        0x2 
 .text.HAL_InitTick
                0x0000000008001770       0x78 ./Drivers/STM32L4xx_HAL_Driver/Src/stm32l4xx_hal.o
                0x0000000008001770                HAL_InitTick
 .text.HAL_IncTick
                0x00000000080017e8       0x28 ./Drivers/STM32L4xx_HAL_Driver/Src/stm32l4xx_hal.o
                0x00000000080017e8                HAL_IncTick
 .text.HAL_GetTick
                0x0000000008001810       0x18 ./Drivers/STM32L4xx_HAL_Driver/Src/stm32l4xx_hal.o
                0x0000000008001810                HAL_GetTick
 .text.HAL_Delay
                0x0000000008001828       0x48 ./Drivers/STM32L4xx_HAL_Driver/Src/stm32l4xx_hal.o
                0x0000000008001828                HAL_Delay
 .text.__NVIC_SetPriorityGrouping
                0x0000000008001870       0x48 ./Drivers/STM32L4xx_HAL_Driver/Src/stm32l4xx_hal_cortex.o
 .text.__NVIC_GetPriorityGrouping
                0x00000000080018b8       0x1c ./Drivers/STM32L4xx_HAL_Driver/Src/stm32l4xx_hal_cortex.o
 .text.__NVIC_EnableIRQ
                0x00000000080018d4       0x3c ./Drivers/STM32L4xx_HAL_Driver/Src/stm32l4xx_hal_cortex.o
 .text.__NVIC_SetPriority
                0x0000000008001910       0x54 ./Drivers/STM32L4xx_HAL_Driver/Src/stm32l4xx_hal_cortex.o
 .text.NVIC_EncodePriority
                0x0000000008001964       0x66 ./Drivers/STM32L4xx_HAL_Driver/Src/stm32l4xx_hal_cortex.o
 *fill*         0x00000000080019ca        0x2 
 .text.SysTick_Config
                0x00000000080019cc       0x44 ./Drivers/STM32L4xx_HAL_Driver/Src/stm32l4xx_hal_cortex.o
 .text.HAL_NVIC_SetPriorityGrouping
                0x0000000008001a10       0x16 ./Drivers/STM32L4xx_HAL_Driver/Src/stm32l4xx_hal_cortex.o
                0x0000000008001a10                HAL_NVIC_SetPriorityGrouping
 .text.HAL_NVIC_SetPriority
                0x0000000008001a26       0x38 ./Drivers/STM32L4xx_HAL_Driver/Src/stm32l4xx_hal_cortex.o
                0x0000000008001a26                HAL_NVIC_SetPriority
 .text.HAL_NVIC_EnableIRQ
                0x0000000008001a5e       0x1c ./Drivers/STM32L4xx_HAL_Driver/Src/stm32l4xx_hal_cortex.o
                0x0000000008001a5e                HAL_NVIC_EnableIRQ
 .text.HAL_SYSTICK_Config
                0x0000000008001a7a       0x18 ./Drivers/STM32L4xx_HAL_Driver/Src/stm32l4xx_hal_cortex.o
                0x0000000008001a7a                HAL_SYSTICK_Config
 .text.HAL_DMA_Abort
                0x0000000008001a92       0x7c ./Drivers/STM32L4xx_HAL_Driver/Src/stm32l4xx_hal_dma.o
                0x0000000008001a92                HAL_DMA_Abort
 .text.HAL_DMA_Abort_IT
                0x0000000008001b0e       0x82 ./Drivers/STM32L4xx_HAL_Driver/Src/stm32l4xx_hal_dma.o
                0x0000000008001b0e                HAL_DMA_Abort_IT
 .text.HAL_GPIO_Init
                0x0000000008001b90      0x324 ./Drivers/STM32L4xx_HAL_Driver/Src/stm32l4xx_hal_gpio.o
                0x0000000008001b90                HAL_GPIO_Init
 .text.HAL_GPIO_WritePin
                0x0000000008001eb4       0x30 ./Drivers/STM32L4xx_HAL_Driver/Src/stm32l4xx_hal_gpio.o
                0x0000000008001eb4                HAL_GPIO_WritePin
 .text.HAL_HCD_Init
                0x0000000008001ee4       0xc4 ./Drivers/STM32L4xx_HAL_Driver/Src/stm32l4xx_hal_hcd.o
                0x0000000008001ee4                HAL_HCD_Init
 .text.HAL_HCD_HC_Init
                0x0000000008001fa8      0x11e ./Drivers/STM32L4xx_HAL_Driver/Src/stm32l4xx_hal_hcd.o
                0x0000000008001fa8                HAL_HCD_HC_Init
 .text.HAL_HCD_HC_Halt
                0x00000000080020c6       0x46 ./Drivers/STM32L4xx_HAL_Driver/Src/stm32l4xx_hal_hcd.o
                0x00000000080020c6                HAL_HCD_HC_Halt
 .text.HAL_HCD_HC_SubmitRequest
                0x000000000800210c      0x2a4 ./Drivers/STM32L4xx_HAL_Driver/Src/stm32l4xx_hal_hcd.o
                0x000000000800210c                HAL_HCD_HC_SubmitRequest
 .text.HAL_HCD_IRQHandler
                0x00000000080023b0      0x216 ./Drivers/STM32L4xx_HAL_Driver/Src/stm32l4xx_hal_hcd.o
                0x00000000080023b0                HAL_HCD_IRQHandler
 .text.HAL_HCD_Start
                0x00000000080025c6       0x46 ./Drivers/STM32L4xx_HAL_Driver/Src/stm32l4xx_hal_hcd.o
                0x00000000080025c6                HAL_HCD_Start
 .text.HAL_HCD_Stop
                0x000000000800260c       0x3a ./Drivers/STM32L4xx_HAL_Driver/Src/stm32l4xx_hal_hcd.o
                0x000000000800260c                HAL_HCD_Stop
 .text.HAL_HCD_ResetPort
                0x0000000008002646       0x1c ./Drivers/STM32L4xx_HAL_Driver/Src/stm32l4xx_hal_hcd.o
                0x0000000008002646                HAL_HCD_ResetPort
 .text.HAL_HCD_HC_GetURBState
                0x0000000008002662       0x28 ./Drivers/STM32L4xx_HAL_Driver/Src/stm32l4xx_hal_hcd.o
                0x0000000008002662                HAL_HCD_HC_GetURBState
 .text.HAL_HCD_HC_GetXferCount
                0x000000000800268a       0x28 ./Drivers/STM32L4xx_HAL_Driver/Src/stm32l4xx_hal_hcd.o
                0x000000000800268a                HAL_HCD_HC_GetXferCount
 .text.HAL_HCD_GetCurrentFrame
                0x00000000080026b2       0x1c ./Drivers/STM32L4xx_HAL_Driver/Src/stm32l4xx_hal_hcd.o
                0x00000000080026b2                HAL_HCD_GetCurrentFrame
 .text.HAL_HCD_GetCurrentSpeed
                0x00000000080026ce       0x1c ./Drivers/STM32L4xx_HAL_Driver/Src/stm32l4xx_hal_hcd.o
                0x00000000080026ce                HAL_HCD_GetCurrentSpeed
 .text.HCD_HC_IN_IRQHandler
                0x00000000080026ea      0x666 ./Drivers/STM32L4xx_HAL_Driver/Src/stm32l4xx_hal_hcd.o
 .text.HCD_HC_OUT_IRQHandler
                0x0000000008002d50      0x604 ./Drivers/STM32L4xx_HAL_Driver/Src/stm32l4xx_hal_hcd.o
 .text.HCD_RXQLVL_IRQHandler
                0x0000000008003354      0x1a4 ./Drivers/STM32L4xx_HAL_Driver/Src/stm32l4xx_hal_hcd.o
 .text.HCD_Port_IRQHandler
                0x00000000080034f8       0xe6 ./Drivers/STM32L4xx_HAL_Driver/Src/stm32l4xx_hal_hcd.o
 *fill*         0x00000000080035de        0x2 
 .text.HAL_PWR_EnableBkUpAccess
                0x00000000080035e0       0x20 ./Drivers/STM32L4xx_HAL_Driver/Src/stm32l4xx_hal_pwr.o
                0x00000000080035e0                HAL_PWR_EnableBkUpAccess
 .text.HAL_PWREx_GetVoltageRange
                0x0000000008003600       0x1c ./Drivers/STM32L4xx_HAL_Driver/Src/stm32l4xx_hal_pwr_ex.o
                0x0000000008003600                HAL_PWREx_GetVoltageRange
 .text.HAL_PWREx_ControlVoltageScaling
                0x000000000800361c       0xac ./Drivers/STM32L4xx_HAL_Driver/Src/stm32l4xx_hal_pwr_ex.o
                0x000000000800361c                HAL_PWREx_ControlVoltageScaling
 .text.HAL_PWREx_EnableVddUSB
                0x00000000080036c8       0x20 ./Drivers/STM32L4xx_HAL_Driver/Src/stm32l4xx_hal_pwr_ex.o
                0x00000000080036c8                HAL_PWREx_EnableVddUSB
 .text.HAL_PWREx_EnableVddIO2
                0x00000000080036e8       0x20 ./Drivers/STM32L4xx_HAL_Driver/Src/stm32l4xx_hal_pwr_ex.o
                0x00000000080036e8                HAL_PWREx_EnableVddIO2
 .text.HAL_RCC_OscConfig
                0x0000000008003708      0x834 ./Drivers/STM32L4xx_HAL_Driver/Src/stm32l4xx_hal_rcc.o
                0x0000000008003708                HAL_RCC_OscConfig
 .text.HAL_RCC_ClockConfig
                0x0000000008003f3c      0x200 ./Drivers/STM32L4xx_HAL_Driver/Src/stm32l4xx_hal_rcc.o
                0x0000000008003f3c                HAL_RCC_ClockConfig
 .text.HAL_RCC_GetSysClockFreq
                0x000000000800413c      0x118 ./Drivers/STM32L4xx_HAL_Driver/Src/stm32l4xx_hal_rcc.o
                0x000000000800413c                HAL_RCC_GetSysClockFreq
 .text.HAL_RCC_GetHCLKFreq
                0x0000000008004254       0x18 ./Drivers/STM32L4xx_HAL_Driver/Src/stm32l4xx_hal_rcc.o
                0x0000000008004254                HAL_RCC_GetHCLKFreq
 .text.HAL_RCC_GetPCLK1Freq
                0x000000000800426c       0x2c ./Drivers/STM32L4xx_HAL_Driver/Src/stm32l4xx_hal_rcc.o
                0x000000000800426c                HAL_RCC_GetPCLK1Freq
 .text.HAL_RCC_GetPCLK2Freq
                0x0000000008004298       0x2c ./Drivers/STM32L4xx_HAL_Driver/Src/stm32l4xx_hal_rcc.o
                0x0000000008004298                HAL_RCC_GetPCLK2Freq
 .text.RCC_SetFlashLatencyFromMSIRange
                0x00000000080042c4       0xc0 ./Drivers/STM32L4xx_HAL_Driver/Src/stm32l4xx_hal_rcc.o
 .text.HAL_RCCEx_PeriphCLKConfig
                0x0000000008004384      0x5f8 ./Drivers/STM32L4xx_HAL_Driver/Src/stm32l4xx_hal_rcc_ex.o
                0x0000000008004384                HAL_RCCEx_PeriphCLKConfig
 .text.HAL_RCCEx_EnableMSIPLLMode
                0x000000000800497c       0x20 ./Drivers/STM32L4xx_HAL_Driver/Src/stm32l4xx_hal_rcc_ex.o
                0x000000000800497c                HAL_RCCEx_EnableMSIPLLMode
 .text.RCCEx_PLLSAI1_Config
                0x000000000800499c      0x1e4 ./Drivers/STM32L4xx_HAL_Driver/Src/stm32l4xx_hal_rcc_ex.o
 .text.RCCEx_PLLSAI2_Config
                0x0000000008004b80      0x1b8 ./Drivers/STM32L4xx_HAL_Driver/Src/stm32l4xx_hal_rcc_ex.o
 .text.HAL_UART_Init
                0x0000000008004d38       0x9c ./Drivers/STM32L4xx_HAL_Driver/Src/stm32l4xx_hal_uart.o
                0x0000000008004d38                HAL_UART_Init
 .text.HAL_UART_Transmit
                0x0000000008004dd4      0x128 ./Drivers/STM32L4xx_HAL_Driver/Src/stm32l4xx_hal_uart.o
                0x0000000008004dd4                HAL_UART_Transmit
 .text.HAL_UART_IRQHandler
                0x0000000008004efc      0x5c4 ./Drivers/STM32L4xx_HAL_Driver/Src/stm32l4xx_hal_uart.o
                0x0000000008004efc                HAL_UART_IRQHandler
 .text.HAL_UART_TxCpltCallback
                0x00000000080054c0       0x14 ./Drivers/STM32L4xx_HAL_Driver/Src/stm32l4xx_hal_uart.o
                0x00000000080054c0                HAL_UART_TxCpltCallback
 .text.HAL_UART_ErrorCallback
                0x00000000080054d4       0x14 ./Drivers/STM32L4xx_HAL_Driver/Src/stm32l4xx_hal_uart.o
                0x00000000080054d4                HAL_UART_ErrorCallback
 .text.HAL_UARTEx_RxEventCallback
                0x00000000080054e8       0x18 ./Drivers/STM32L4xx_HAL_Driver/Src/stm32l4xx_hal_uart.o
                0x00000000080054e8                HAL_UARTEx_RxEventCallback
 .text.UART_SetConfig
                0x0000000008005500      0x570 ./Drivers/STM32L4xx_HAL_Driver/Src/stm32l4xx_hal_uart.o
                0x0000000008005500                UART_SetConfig
 .text.UART_AdvFeatureConfig
                0x0000000008005a70      0x144 ./Drivers/STM32L4xx_HAL_Driver/Src/stm32l4xx_hal_uart.o
                0x0000000008005a70                UART_AdvFeatureConfig
 .text.UART_CheckIdleState
                0x0000000008005bb4       0x92 ./Drivers/STM32L4xx_HAL_Driver/Src/stm32l4xx_hal_uart.o
                0x0000000008005bb4                UART_CheckIdleState
 .text.UART_WaitOnFlagUntilTimeout
                0x0000000008005c46      0x188 ./Drivers/STM32L4xx_HAL_Driver/Src/stm32l4xx_hal_uart.o
                0x0000000008005c46                UART_WaitOnFlagUntilTimeout
 .text.UART_EndRxTransfer
                0x0000000008005dce       0xc6 ./Drivers/STM32L4xx_HAL_Driver/Src/stm32l4xx_hal_uart.o
 .text.UART_DMAAbortOnError
                0x0000000008005e94       0x2c ./Drivers/STM32L4xx_HAL_Driver/Src/stm32l4xx_hal_uart.o
 .text.UART_EndTransmit_IT
                0x0000000008005ec0       0x54 ./Drivers/STM32L4xx_HAL_Driver/Src/stm32l4xx_hal_uart.o
 .text.HAL_UARTEx_WakeupCallback
                0x0000000008005f14       0x14 ./Drivers/STM32L4xx_HAL_Driver/Src/stm32l4xx_hal_uart_ex.o
                0x0000000008005f14                HAL_UARTEx_WakeupCallback
 .text.USB_CoreInit
                0x0000000008005f28       0x58 ./Drivers/STM32L4xx_HAL_Driver/Src/stm32l4xx_ll_usb.o
                0x0000000008005f28                USB_CoreInit
 .text.USB_EnableGlobalInt
                0x0000000008005f80       0x22 ./Drivers/STM32L4xx_HAL_Driver/Src/stm32l4xx_ll_usb.o
                0x0000000008005f80                USB_EnableGlobalInt
 .text.USB_DisableGlobalInt
                0x0000000008005fa2       0x22 ./Drivers/STM32L4xx_HAL_Driver/Src/stm32l4xx_ll_usb.o
                0x0000000008005fa2                USB_DisableGlobalInt
 .text.USB_SetCurrentMode
                0x0000000008005fc4       0x98 ./Drivers/STM32L4xx_HAL_Driver/Src/stm32l4xx_ll_usb.o
                0x0000000008005fc4                USB_SetCurrentMode
 .text.USB_FlushTxFifo
                0x000000000800605c       0x68 ./Drivers/STM32L4xx_HAL_Driver/Src/stm32l4xx_ll_usb.o
                0x000000000800605c                USB_FlushTxFifo
 .text.USB_FlushRxFifo
                0x00000000080060c4       0x60 ./Drivers/STM32L4xx_HAL_Driver/Src/stm32l4xx_ll_usb.o
                0x00000000080060c4                USB_FlushRxFifo
 .text.USB_WritePacket
                0x0000000008006124       0x74 ./Drivers/STM32L4xx_HAL_Driver/Src/stm32l4xx_ll_usb.o
                0x0000000008006124                USB_WritePacket
 .text.USB_ReadPacket
                0x0000000008006198       0xb0 ./Drivers/STM32L4xx_HAL_Driver/Src/stm32l4xx_ll_usb.o
                0x0000000008006198                USB_ReadPacket
 .text.USB_ReadInterrupts
                0x0000000008006248       0x26 ./Drivers/STM32L4xx_HAL_Driver/Src/stm32l4xx_ll_usb.o
                0x0000000008006248                USB_ReadInterrupts
 .text.USB_GetMode
                0x000000000800626e       0x1c ./Drivers/STM32L4xx_HAL_Driver/Src/stm32l4xx_ll_usb.o
                0x000000000800626e                USB_GetMode
 *fill*         0x000000000800628a        0x2 
 .text.USB_CoreReset
                0x000000000800628c       0x68 ./Drivers/STM32L4xx_HAL_Driver/Src/stm32l4xx_ll_usb.o
 .text.USB_HostInit
                0x00000000080062f4      0x104 ./Drivers/STM32L4xx_HAL_Driver/Src/stm32l4xx_ll_usb.o
                0x00000000080062f4                USB_HostInit
 .text.USB_InitFSLSPClkSel
                0x00000000080063f8       0x74 ./Drivers/STM32L4xx_HAL_Driver/Src/stm32l4xx_ll_usb.o
                0x00000000080063f8                USB_InitFSLSPClkSel
 .text.USB_ResetPort
                0x000000000800646c       0x54 ./Drivers/STM32L4xx_HAL_Driver/Src/stm32l4xx_ll_usb.o
                0x000000000800646c                USB_ResetPort
 .text.USB_DriveVbus
                0x00000000080064c0       0x72 ./Drivers/STM32L4xx_HAL_Driver/Src/stm32l4xx_ll_usb.o
                0x00000000080064c0                USB_DriveVbus
 .text.USB_GetHostSpeed
                0x0000000008006532       0x2e ./Drivers/STM32L4xx_HAL_Driver/Src/stm32l4xx_ll_usb.o
                0x0000000008006532                USB_GetHostSpeed
 .text.USB_GetCurrentFrame
                0x0000000008006560       0x22 ./Drivers/STM32L4xx_HAL_Driver/Src/stm32l4xx_ll_usb.o
                0x0000000008006560                USB_GetCurrentFrame
 *fill*         0x0000000008006582        0x2 
 .text.USB_HC_Init
                0x0000000008006584      0x218 ./Drivers/STM32L4xx_HAL_Driver/Src/stm32l4xx_ll_usb.o
                0x0000000008006584                USB_HC_Init
 .text.USB_HC_StartXfer
                0x000000000800679c      0x1f0 ./Drivers/STM32L4xx_HAL_Driver/Src/stm32l4xx_ll_usb.o
                0x000000000800679c                USB_HC_StartXfer
 .text.USB_HC_ReadInterrupt
                0x000000000800698c       0x22 ./Drivers/STM32L4xx_HAL_Driver/Src/stm32l4xx_ll_usb.o
                0x000000000800698c                USB_HC_ReadInterrupt
 .text.USB_HC_Halt
                0x00000000080069ae      0x1f8 ./Drivers/STM32L4xx_HAL_Driver/Src/stm32l4xx_ll_usb.o
                0x00000000080069ae                USB_HC_Halt
 .text.USB_StopHost
                0x0000000008006ba6      0x124 ./Drivers/STM32L4xx_HAL_Driver/Src/stm32l4xx_ll_usb.o
                0x0000000008006ba6                USB_StopHost
 *fill*         0x0000000008006cca        0x2 
 .text.MX_FATFS_Init
                0x0000000008006ccc       0x24 ./FATFS/App/fatfs.o
                0x0000000008006ccc                MX_FATFS_Init
 .text.get_fattime
                0x0000000008006cf0       0x10 ./FATFS/App/fatfs.o
                0x0000000008006cf0                get_fattime
 .text.USBH_initialize
                0x0000000008006d00       0x18 ./FATFS/Target/usbh_diskio.o
                0x0000000008006d00                USBH_initialize
 .text.USBH_status
                0x0000000008006d18       0x38 ./FATFS/Target/usbh_diskio.o
                0x0000000008006d18                USBH_status
 .text.USBH_read
                0x0000000008006d50       0x74 ./FATFS/Target/usbh_diskio.o
                0x0000000008006d50                USBH_read
 .text.USBH_write
                0x0000000008006dc4       0x84 ./FATFS/Target/usbh_diskio.o
                0x0000000008006dc4                USBH_write
 .text.USBH_ioctl
                0x0000000008006e48       0xd8 ./FATFS/Target/usbh_diskio.o
                0x0000000008006e48                USBH_ioctl
 .text.USBH_MSC_InterfaceInit
                0x0000000008006f20      0x216 ./Middlewares/ST/STM32_USB_Host_Library/Class/MSC/Src/usbh_msc.o
 .text.USBH_MSC_InterfaceDeInit
                0x0000000008007136       0x8c ./Middlewares/ST/STM32_USB_Host_Library/Class/MSC/Src/usbh_msc.o
 .text.USBH_MSC_ClassRequest
                0x00000000080071c2       0xce ./Middlewares/ST/STM32_USB_Host_Library/Class/MSC/Src/usbh_msc.o
 .text.USBH_MSC_Process
                0x0000000008007290      0x520 ./Middlewares/ST/STM32_USB_Host_Library/Class/MSC/Src/usbh_msc.o
 .text.USBH_MSC_SOFProcess
                0x00000000080077b0       0x16 ./Middlewares/ST/STM32_USB_Host_Library/Class/MSC/Src/usbh_msc.o
 .text.USBH_MSC_RdWrProcess
                0x00000000080077c6      0x19e ./Middlewares/ST/STM32_USB_Host_Library/Class/MSC/Src/usbh_msc.o
 .text.USBH_MSC_UnitIsReady
                0x0000000008007964       0x4c ./Middlewares/ST/STM32_USB_Host_Library/Class/MSC/Src/usbh_msc.o
                0x0000000008007964                USBH_MSC_UnitIsReady
 .text.USBH_MSC_GetLUNInfo
                0x00000000080079b0       0x48 ./Middlewares/ST/STM32_USB_Host_Library/Class/MSC/Src/usbh_msc.o
                0x00000000080079b0                USBH_MSC_GetLUNInfo
 .text.USBH_MSC_Read
                0x00000000080079f8       0xd2 ./Middlewares/ST/STM32_USB_Host_Library/Class/MSC/Src/usbh_msc.o
                0x00000000080079f8                USBH_MSC_Read
 .text.USBH_MSC_Write
                0x0000000008007aca       0xd2 ./Middlewares/ST/STM32_USB_Host_Library/Class/MSC/Src/usbh_msc.o
                0x0000000008007aca                USBH_MSC_Write
 .text.USBH_MSC_BOT_REQ_Reset
                0x0000000008007b9c       0x3a ./Middlewares/ST/STM32_USB_Host_Library/Class/MSC/Src/usbh_msc_bot.o
                0x0000000008007b9c                USBH_MSC_BOT_REQ_Reset
 .text.USBH_MSC_BOT_REQ_GetMaxLUN
                0x0000000008007bd6       0x3c ./Middlewares/ST/STM32_USB_Host_Library/Class/MSC/Src/usbh_msc_bot.o
                0x0000000008007bd6                USBH_MSC_BOT_REQ_GetMaxLUN
 *fill*         0x0000000008007c12        0x2 
 .text.USBH_MSC_BOT_Init
                0x0000000008007c14       0x44 ./Middlewares/ST/STM32_USB_Host_Library/Class/MSC/Src/usbh_msc_bot.o
                0x0000000008007c14                USBH_MSC_BOT_Init
 .text.USBH_MSC_BOT_Process
                0x0000000008007c58      0x39c ./Middlewares/ST/STM32_USB_Host_Library/Class/MSC/Src/usbh_msc_bot.o
                0x0000000008007c58                USBH_MSC_BOT_Process
 .text.USBH_MSC_BOT_Abort
                0x0000000008007ff4       0x58 ./Middlewares/ST/STM32_USB_Host_Library/Class/MSC/Src/usbh_msc_bot.o
 .text.USBH_MSC_DecodeCSW
                0x000000000800804c       0x88 ./Middlewares/ST/STM32_USB_Host_Library/Class/MSC/Src/usbh_msc_bot.o
 .text.USBH_MSC_SCSI_TestUnitReady
                0x00000000080080d4       0x86 ./Middlewares/ST/STM32_USB_Host_Library/Class/MSC/Src/usbh_msc_scsi.o
                0x00000000080080d4                USBH_MSC_SCSI_TestUnitReady
 .text.USBH_MSC_SCSI_ReadCapacity
                0x000000000800815a       0xf6 ./Middlewares/ST/STM32_USB_Host_Library/Class/MSC/Src/usbh_msc_scsi.o
                0x000000000800815a                USBH_MSC_SCSI_ReadCapacity
 .text.USBH_MSC_SCSI_Inquiry
                0x0000000008008250      0x14a ./Middlewares/ST/STM32_USB_Host_Library/Class/MSC/Src/usbh_msc_scsi.o
                0x0000000008008250                USBH_MSC_SCSI_Inquiry
 .text.USBH_MSC_SCSI_RequestSense
                0x000000000800839a       0xf2 ./Middlewares/ST/STM32_USB_Host_Library/Class/MSC/Src/usbh_msc_scsi.o
                0x000000000800839a                USBH_MSC_SCSI_RequestSense
 .text.USBH_MSC_SCSI_Write
                0x000000000800848c       0xd6 ./Middlewares/ST/STM32_USB_Host_Library/Class/MSC/Src/usbh_msc_scsi.o
                0x000000000800848c                USBH_MSC_SCSI_Write
 .text.USBH_MSC_SCSI_Read
                0x0000000008008562       0xd6 ./Middlewares/ST/STM32_USB_Host_Library/Class/MSC/Src/usbh_msc_scsi.o
                0x0000000008008562                USBH_MSC_SCSI_Read
 .text.USBH_Init
                0x0000000008008638       0x74 ./Middlewares/ST/STM32_USB_Host_Library/Core/Src/usbh_core.o
                0x0000000008008638                USBH_Init
 .text.DeInitStateMachine
                0x00000000080086ac       0xa8 ./Middlewares/ST/STM32_USB_Host_Library/Core/Src/usbh_core.o
 .text.USBH_RegisterClass
                0x0000000008008754       0x54 ./Middlewares/ST/STM32_USB_Host_Library/Core/Src/usbh_core.o
                0x0000000008008754                USBH_RegisterClass
 .text.USBH_SelectInterface
                0x00000000080087a8       0x38 ./Middlewares/ST/STM32_USB_Host_Library/Core/Src/usbh_core.o
                0x00000000080087a8                USBH_SelectInterface
 .text.USBH_FindInterface
                0x00000000080087e0       0x8c ./Middlewares/ST/STM32_USB_Host_Library/Core/Src/usbh_core.o
                0x00000000080087e0                USBH_FindInterface
 .text.USBH_Start
                0x000000000800886c       0x20 ./Middlewares/ST/STM32_USB_Host_Library/Core/Src/usbh_core.o
                0x000000000800886c                USBH_Start
 .text.USBH_Process
                0x000000000800888c      0x3c0 ./Middlewares/ST/STM32_USB_Host_Library/Core/Src/usbh_core.o
                0x000000000800888c                USBH_Process
 .text.USBH_HandleEnum
                0x0000000008008c4c      0x3c8 ./Middlewares/ST/STM32_USB_Host_Library/Core/Src/usbh_core.o
 .text.USBH_LL_SetTimer
                0x0000000008009014       0x1e ./Middlewares/ST/STM32_USB_Host_Library/Core/Src/usbh_core.o
                0x0000000008009014                USBH_LL_SetTimer
 .text.USBH_LL_IncTimer
                0x0000000008009032       0x24 ./Middlewares/ST/STM32_USB_Host_Library/Core/Src/usbh_core.o
                0x0000000008009032                USBH_LL_IncTimer
 .text.USBH_HandleSof
                0x0000000008009056       0x30 ./Middlewares/ST/STM32_USB_Host_Library/Core/Src/usbh_core.o
 .text.USBH_LL_PortEnabled
                0x0000000008009086       0x1c ./Middlewares/ST/STM32_USB_Host_Library/Core/Src/usbh_core.o
                0x0000000008009086                USBH_LL_PortEnabled
 .text.USBH_LL_PortDisabled
                0x00000000080090a2       0x1c ./Middlewares/ST/STM32_USB_Host_Library/Core/Src/usbh_core.o
                0x00000000080090a2                USBH_LL_PortDisabled
 .text.USBH_LL_Connect
                0x00000000080090be       0x2e ./Middlewares/ST/STM32_USB_Host_Library/Core/Src/usbh_core.o
                0x00000000080090be                USBH_LL_Connect
 .text.USBH_LL_Disconnect
                0x00000000080090ec       0x48 ./Middlewares/ST/STM32_USB_Host_Library/Core/Src/usbh_core.o
                0x00000000080090ec                USBH_LL_Disconnect
 .text.USBH_Get_DevDesc
                0x0000000008009134       0x50 ./Middlewares/ST/STM32_USB_Host_Library/Core/Src/usbh_ctlreq.o
                0x0000000008009134                USBH_Get_DevDesc
 .text.USBH_Get_CfgDesc
                0x0000000008009184       0x48 ./Middlewares/ST/STM32_USB_Host_Library/Core/Src/usbh_ctlreq.o
                0x0000000008009184                USBH_Get_CfgDesc
 .text.USBH_Get_StringDesc
                0x00000000080091cc       0x56 ./Middlewares/ST/STM32_USB_Host_Library/Core/Src/usbh_ctlreq.o
                0x00000000080091cc                USBH_Get_StringDesc
 .text.USBH_GetDescriptor
                0x0000000008009222       0x6a ./Middlewares/ST/STM32_USB_Host_Library/Core/Src/usbh_ctlreq.o
                0x0000000008009222                USBH_GetDescriptor
 .text.USBH_SetAddress
                0x000000000800928c       0x48 ./Middlewares/ST/STM32_USB_Host_Library/Core/Src/usbh_ctlreq.o
                0x000000000800928c                USBH_SetAddress
 .text.USBH_SetCfg
                0x00000000080092d4       0x46 ./Middlewares/ST/STM32_USB_Host_Library/Core/Src/usbh_ctlreq.o
                0x00000000080092d4                USBH_SetCfg
 .text.USBH_SetFeature
                0x000000000800931a       0x48 ./Middlewares/ST/STM32_USB_Host_Library/Core/Src/usbh_ctlreq.o
                0x000000000800931a                USBH_SetFeature
 .text.USBH_ClrFeature
                0x0000000008009362       0x48 ./Middlewares/ST/STM32_USB_Host_Library/Core/Src/usbh_ctlreq.o
                0x0000000008009362                USBH_ClrFeature
 .text.USBH_ParseDevDesc
                0x00000000080093aa       0xe0 ./Middlewares/ST/STM32_USB_Host_Library/Core/Src/usbh_ctlreq.o
 .text.USBH_ParseCfgDesc
                0x000000000800948a      0x144 ./Middlewares/ST/STM32_USB_Host_Library/Core/Src/usbh_ctlreq.o
 .text.USBH_ParseInterfaceDesc
                0x00000000080095ce       0x5e ./Middlewares/ST/STM32_USB_Host_Library/Core/Src/usbh_ctlreq.o
 .text.USBH_ParseEPDesc
                0x000000000800962c       0x5a ./Middlewares/ST/STM32_USB_Host_Library/Core/Src/usbh_ctlreq.o
 .text.USBH_ParseStringDesc
                0x0000000008009686       0x66 ./Middlewares/ST/STM32_USB_Host_Library/Core/Src/usbh_ctlreq.o
 .text.USBH_GetNextDesc
                0x00000000080096ec       0x36 ./Middlewares/ST/STM32_USB_Host_Library/Core/Src/usbh_ctlreq.o
                0x00000000080096ec                USBH_GetNextDesc
 .text.USBH_CtlReq
                0x0000000008009722       0x7a ./Middlewares/ST/STM32_USB_Host_Library/Core/Src/usbh_ctlreq.o
                0x0000000008009722                USBH_CtlReq
 .text.USBH_HandleControl
                0x000000000800979c      0x2e8 ./Middlewares/ST/STM32_USB_Host_Library/Core/Src/usbh_ctlreq.o
 .text.USBH_CtlSendSetup
                0x0000000008009a84       0x34 ./Middlewares/ST/STM32_USB_Host_Library/Core/Src/usbh_ioreq.o
                0x0000000008009a84                USBH_CtlSendSetup
 .text.USBH_CtlSendData
                0x0000000008009ab8       0x4a ./Middlewares/ST/STM32_USB_Host_Library/Core/Src/usbh_ioreq.o
                0x0000000008009ab8                USBH_CtlSendData
 .text.USBH_CtlReceiveData
                0x0000000008009b02       0x3c ./Middlewares/ST/STM32_USB_Host_Library/Core/Src/usbh_ioreq.o
                0x0000000008009b02                USBH_CtlReceiveData
 .text.USBH_BulkSendData
                0x0000000008009b3e       0x4a ./Middlewares/ST/STM32_USB_Host_Library/Core/Src/usbh_ioreq.o
                0x0000000008009b3e                USBH_BulkSendData
 .text.USBH_BulkReceiveData
                0x0000000008009b88       0x3c ./Middlewares/ST/STM32_USB_Host_Library/Core/Src/usbh_ioreq.o
                0x0000000008009b88                USBH_BulkReceiveData
 .text.USBH_OpenPipe
                0x0000000008009bc4       0x3e ./Middlewares/ST/STM32_USB_Host_Library/Core/Src/usbh_pipes.o
                0x0000000008009bc4                USBH_OpenPipe
 .text.USBH_ClosePipe
                0x0000000008009c02       0x20 ./Middlewares/ST/STM32_USB_Host_Library/Core/Src/usbh_pipes.o
                0x0000000008009c02                USBH_ClosePipe
 .text.USBH_AllocPipe
                0x0000000008009c22       0x42 ./Middlewares/ST/STM32_USB_Host_Library/Core/Src/usbh_pipes.o
                0x0000000008009c22                USBH_AllocPipe
 .text.USBH_FreePipe
                0x0000000008009c64       0x3c ./Middlewares/ST/STM32_USB_Host_Library/Core/Src/usbh_pipes.o
                0x0000000008009c64                USBH_FreePipe
 .text.USBH_GetFreePipe
                0x0000000008009ca0       0x48 ./Middlewares/ST/STM32_USB_Host_Library/Core/Src/usbh_pipes.o
 .text.disk_status
                0x0000000008009ce8       0x34 ./Middlewares/Third_Party/FatFs/src/diskio.o
                0x0000000008009ce8                disk_status
 .text.disk_initialize
                0x0000000008009d1c       0x4c ./Middlewares/Third_Party/FatFs/src/diskio.o
                0x0000000008009d1c                disk_initialize
 .text.disk_read
                0x0000000008009d68       0x40 ./Middlewares/Third_Party/FatFs/src/diskio.o
                0x0000000008009d68                disk_read
 .text.disk_write
                0x0000000008009da8       0x40 ./Middlewares/Third_Party/FatFs/src/diskio.o
                0x0000000008009da8                disk_write
 .text.disk_ioctl
                0x0000000008009de8       0x3c ./Middlewares/Third_Party/FatFs/src/diskio.o
                0x0000000008009de8                disk_ioctl
 .text.ld_word  0x0000000008009e24       0x30 ./Middlewares/Third_Party/FatFs/src/ff.o
 .text.ld_dword
                0x0000000008009e54       0x46 ./Middlewares/Third_Party/FatFs/src/ff.o
 .text.ld_qword
                0x0000000008009e9a      0x1b6 ./Middlewares/Third_Party/FatFs/src/ff.o
 .text.st_word  0x000000000800a050       0x36 ./Middlewares/Third_Party/FatFs/src/ff.o
 .text.st_dword
                0x000000000800a086       0x58 ./Middlewares/Third_Party/FatFs/src/ff.o
 .text.st_qword
                0x000000000800a0de      0x110 ./Middlewares/Third_Party/FatFs/src/ff.o
 .text.mem_cpy  0x000000000800a1ee       0x42 ./Middlewares/Third_Party/FatFs/src/ff.o
 .text.mem_set  0x000000000800a230       0x36 ./Middlewares/Third_Party/FatFs/src/ff.o
 .text.mem_cmp  0x000000000800a266       0x4e ./Middlewares/Third_Party/FatFs/src/ff.o
 .text.chk_chr  0x000000000800a2b4       0x36 ./Middlewares/Third_Party/FatFs/src/ff.o
 *fill*         0x000000000800a2ea        0x2 
 .text.chk_lock
                0x000000000800a2ec       0xb8 ./Middlewares/Third_Party/FatFs/src/ff.o
 .text.enq_lock
                0x000000000800a3a4       0x44 ./Middlewares/Third_Party/FatFs/src/ff.o
 .text.inc_lock
                0x000000000800a3e8      0x11c ./Middlewares/Third_Party/FatFs/src/ff.o
 .text.dec_lock
                0x000000000800a504       0x78 ./Middlewares/Third_Party/FatFs/src/ff.o
 .text.clear_lock
                0x000000000800a57c       0x48 ./Middlewares/Third_Party/FatFs/src/ff.o
 .text.sync_window
                0x000000000800a5c4       0x88 ./Middlewares/Third_Party/FatFs/src/ff.o
 .text.move_window
                0x000000000800a64c       0x5a ./Middlewares/Third_Party/FatFs/src/ff.o
 *fill*         0x000000000800a6a6        0x2 
 .text.sync_fs  0x000000000800a6a8       0xe0 ./Middlewares/Third_Party/FatFs/src/ff.o
 .text.clust2sect
                0x000000000800a788       0x3e ./Middlewares/Third_Party/FatFs/src/ff.o
 *fill*         0x000000000800a7c6        0x2 
 .text.get_fat  0x000000000800a7c8      0x2ac ./Middlewares/Third_Party/FatFs/src/ff.o
 .text.put_fat  0x000000000800aa74      0x240 ./Middlewares/Third_Party/FatFs/src/ff.o
 .text.find_bitmap
                0x000000000800acb4      0x10e ./Middlewares/Third_Party/FatFs/src/ff.o
 .text.change_bitmap
                0x000000000800adc2       0xea ./Middlewares/Third_Party/FatFs/src/ff.o
 .text.fill_first_frag
                0x000000000800aeac       0x5e ./Middlewares/Third_Party/FatFs/src/ff.o
 .text.fill_last_frag
                0x000000000800af0a       0x62 ./Middlewares/Third_Party/FatFs/src/ff.o
 .text.remove_chain
                0x000000000800af6c      0x168 ./Middlewares/Third_Party/FatFs/src/ff.o
 .text.create_chain
                0x000000000800b0d4      0x202 ./Middlewares/Third_Party/FatFs/src/ff.o
 .text.clmt_clust
                0x000000000800b2d6       0x98 ./Middlewares/Third_Party/FatFs/src/ff.o
 .text.dir_sdi  0x000000000800b36e      0x128 ./Middlewares/Third_Party/FatFs/src/ff.o
 .text.dir_next
                0x000000000800b496      0x1cc ./Middlewares/Third_Party/FatFs/src/ff.o
 .text.dir_alloc
                0x000000000800b662       0xb8 ./Middlewares/Third_Party/FatFs/src/ff.o
 .text.ld_clust
                0x000000000800b71a       0x3e ./Middlewares/Third_Party/FatFs/src/ff.o
 .text.st_clust
                0x000000000800b758       0x40 ./Middlewares/Third_Party/FatFs/src/ff.o
 .text.cmp_lfn  0x000000000800b798       0xe0 ./Middlewares/Third_Party/FatFs/src/ff.o
 .text.pick_lfn
                0x000000000800b878       0xc8 ./Middlewares/Third_Party/FatFs/src/ff.o
 .text.put_lfn  0x000000000800b940       0xd0 ./Middlewares/Third_Party/FatFs/src/ff.o
 .text.gen_numname
                0x000000000800ba10      0x11c ./Middlewares/Third_Party/FatFs/src/ff.o
 .text.sum_sfn  0x000000000800bb2c       0x42 ./Middlewares/Third_Party/FatFs/src/ff.o
 .text.xdir_sum
                0x000000000800bb6e       0x66 ./Middlewares/Third_Party/FatFs/src/ff.o
 .text.xname_sum
                0x000000000800bbd4       0x68 ./Middlewares/Third_Party/FatFs/src/ff.o
 .text.get_xdir_info
                0x000000000800bc3c      0x104 ./Middlewares/Third_Party/FatFs/src/ff.o
 .text.load_xdir
                0x000000000800bd40      0x17c ./Middlewares/Third_Party/FatFs/src/ff.o
 .text.load_obj_dir
                0x000000000800bebc       0x6c ./Middlewares/Third_Party/FatFs/src/ff.o
 .text.store_xdir
                0x000000000800bf28       0xb6 ./Middlewares/Third_Party/FatFs/src/ff.o
 .text.create_xdir
                0x000000000800bfde       0xce ./Middlewares/Third_Party/FatFs/src/ff.o
 .text.dir_read
                0x000000000800c0ac      0x18e ./Middlewares/Third_Party/FatFs/src/ff.o
 .text.dir_find
                0x000000000800c23a      0x252 ./Middlewares/Third_Party/FatFs/src/ff.o
 .text.dir_register
                0x000000000800c48c      0x354 ./Middlewares/Third_Party/FatFs/src/ff.o
 .text.get_fileinfo
                0x000000000800c7e0      0x1d8 ./Middlewares/Third_Party/FatFs/src/ff.o
 .text.create_name
                0x000000000800c9b8      0x370 ./Middlewares/Third_Party/FatFs/src/ff.o
 .text.follow_path
                0x000000000800cd28      0x15c ./Middlewares/Third_Party/FatFs/src/ff.o
 .text.get_ldnumber
                0x000000000800ce84       0x88 ./Middlewares/Third_Party/FatFs/src/ff.o
 .text.check_fs
                0x000000000800cf0c       0xc8 ./Middlewares/Third_Party/FatFs/src/ff.o
 .text.find_volume
                0x000000000800cfd4      0x734 ./Middlewares/Third_Party/FatFs/src/ff.o
 .text.validate
                0x000000000800d708       0x6a ./Middlewares/Third_Party/FatFs/src/ff.o
 *fill*         0x000000000800d772        0x2 
 .text.f_mount  0x000000000800d774       0x8c ./Middlewares/Third_Party/FatFs/src/ff.o
                0x000000000800d774                f_mount
 .text.f_open   0x000000000800d800      0x5a6 ./Middlewares/Third_Party/FatFs/src/ff.o
                0x000000000800d800                f_open
 .text.f_write  0x000000000800dda6      0x3ae ./Middlewares/Third_Party/FatFs/src/ff.o
                0x000000000800dda6                f_write
 .text.f_sync   0x000000000800e154      0x23c ./Middlewares/Third_Party/FatFs/src/ff.o
                0x000000000800e154                f_sync
 .text.f_close  0x000000000800e390       0x54 ./Middlewares/Third_Party/FatFs/src/ff.o
                0x000000000800e390                f_close
 .text.f_opendir
                0x000000000800e3e4      0x152 ./Middlewares/Third_Party/FatFs/src/ff.o
                0x000000000800e3e4                f_opendir
 .text.f_closedir
                0x000000000800e536       0x4c ./Middlewares/Third_Party/FatFs/src/ff.o
                0x000000000800e536                f_closedir
 .text.f_readdir
                0x000000000800e582       0x7a ./Middlewares/Third_Party/FatFs/src/ff.o
                0x000000000800e582                f_readdir
 .text.f_stat   0x000000000800e5fc       0x72 ./Middlewares/Third_Party/FatFs/src/ff.o
                0x000000000800e5fc                f_stat
 .text.f_getfree
                0x000000000800e66e      0x20e ./Middlewares/Third_Party/FatFs/src/ff.o
                0x000000000800e66e                f_getfree
 .text.f_mkdir  0x000000000800e87c      0x29c ./Middlewares/Third_Party/FatFs/src/ff.o
                0x000000000800e87c                f_mkdir
 .text.FATFS_LinkDriverEx
                0x000000000800eb18       0x98 ./Middlewares/Third_Party/FatFs/src/ff_gen_drv.o
                0x000000000800eb18                FATFS_LinkDriverEx
 .text.FATFS_LinkDriver
                0x000000000800ebb0       0x1e ./Middlewares/Third_Party/FatFs/src/ff_gen_drv.o
                0x000000000800ebb0                FATFS_LinkDriver
 *fill*         0x000000000800ebce        0x2 
 .text.ff_convert
                0x000000000800ebd0       0x78 ./Middlewares/Third_Party/FatFs/src/option/ccsbcs.o
                0x000000000800ebd0                ff_convert
 .text.ff_wtoupper
                0x000000000800ec48      0x114 ./Middlewares/Third_Party/FatFs/src/option/ccsbcs.o
                0x000000000800ec48                ff_wtoupper
 .text.MX_USB_HOST_Init
                0x000000000800ed5c       0x4c ./USB_HOST/App/usb_host.o
                0x000000000800ed5c                MX_USB_HOST_Init
 .text.MX_USB_HOST_Process
                0x000000000800eda8       0x14 ./USB_HOST/App/usb_host.o
                0x000000000800eda8                MX_USB_HOST_Process
 .text.USBH_UserProcess
                0x000000000800edbc       0x90 ./USB_HOST/App/usb_host.o
 .text.HAL_HCD_MspInit
                0x000000000800ee4c      0x148 ./USB_HOST/Target/usbh_conf.o
                0x000000000800ee4c                HAL_HCD_MspInit
 .text.HAL_HCD_SOF_Callback
                0x000000000800ef94       0x1c ./USB_HOST/Target/usbh_conf.o
                0x000000000800ef94                HAL_HCD_SOF_Callback
 .text.HAL_HCD_Connect_Callback
                0x000000000800efb0       0x1c ./USB_HOST/Target/usbh_conf.o
                0x000000000800efb0                HAL_HCD_Connect_Callback
 .text.HAL_HCD_Disconnect_Callback
                0x000000000800efcc       0x1c ./USB_HOST/Target/usbh_conf.o
                0x000000000800efcc                HAL_HCD_Disconnect_Callback
 .text.HAL_HCD_HC_NotifyURBChange_Callback
                0x000000000800efe8       0x1c ./USB_HOST/Target/usbh_conf.o
                0x000000000800efe8                HAL_HCD_HC_NotifyURBChange_Callback
 .text.HAL_HCD_PortEnabled_Callback
                0x000000000800f004       0x1c ./USB_HOST/Target/usbh_conf.o
                0x000000000800f004                HAL_HCD_PortEnabled_Callback
 .text.HAL_HCD_PortDisabled_Callback
                0x000000000800f020       0x1c ./USB_HOST/Target/usbh_conf.o
                0x000000000800f020                HAL_HCD_PortDisabled_Callback
 .text.USBH_LL_Init
                0x000000000800f03c       0x78 ./USB_HOST/Target/usbh_conf.o
                0x000000000800f03c                USBH_LL_Init
 .text.USBH_LL_Start
                0x000000000800f0b4       0x36 ./USB_HOST/Target/usbh_conf.o
                0x000000000800f0b4                USBH_LL_Start
 .text.USBH_LL_Stop
                0x000000000800f0ea       0x36 ./USB_HOST/Target/usbh_conf.o
                0x000000000800f0ea                USBH_LL_Stop
 .text.USBH_LL_GetSpeed
                0x000000000800f120       0x4e ./USB_HOST/Target/usbh_conf.o
                0x000000000800f120                USBH_LL_GetSpeed
 .text.USBH_LL_ResetPort
                0x000000000800f16e       0x36 ./USB_HOST/Target/usbh_conf.o
                0x000000000800f16e                USBH_LL_ResetPort
 .text.USBH_LL_GetLastXferSize
                0x000000000800f1a4       0x26 ./USB_HOST/Target/usbh_conf.o
                0x000000000800f1a4                USBH_LL_GetLastXferSize
 .text.USBH_LL_OpenPipe
                0x000000000800f1ca       0x5e ./USB_HOST/Target/usbh_conf.o
                0x000000000800f1ca                USBH_LL_OpenPipe
 .text.USBH_LL_ClosePipe
                0x000000000800f228       0x3e ./USB_HOST/Target/usbh_conf.o
                0x000000000800f228                USBH_LL_ClosePipe
 .text.USBH_LL_SubmitURB
                0x000000000800f266       0x62 ./USB_HOST/Target/usbh_conf.o
                0x000000000800f266                USBH_LL_SubmitURB
 .text.USBH_LL_GetURBState
                0x000000000800f2c8       0x26 ./USB_HOST/Target/usbh_conf.o
                0x000000000800f2c8                USBH_LL_GetURBState
 .text.USBH_LL_DriverVBUS
                0x000000000800f2ee       0x2e ./USB_HOST/Target/usbh_conf.o
                0x000000000800f2ee                USBH_LL_DriverVBUS
 .text.USBH_LL_SetToggle
                0x000000000800f31c       0x60 ./USB_HOST/Target/usbh_conf.o
                0x000000000800f31c                USBH_LL_SetToggle
 .text.USBH_LL_GetToggle
                0x000000000800f37c       0x60 ./USB_HOST/Target/usbh_conf.o
                0x000000000800f37c                USBH_LL_GetToggle
 .text.USBH_Delay
                0x000000000800f3dc       0x16 ./USB_HOST/Target/usbh_conf.o
                0x000000000800f3dc                USBH_Delay
 *fill*         0x000000000800f3f2        0x2 
 .text.USBH_Get_USB_Status
                0x000000000800f3f4       0x58 ./USB_HOST/Target/usbh_conf.o
                0x000000000800f3f4                USBH_Get_USB_Status
 .text.MX_DriverVbusFS
                0x000000000800f44c       0x38 ./USB_HOST/Target/usbh_platform.o
                0x000000000800f44c                MX_DriverVbusFS
 .text.__errno  0x000000000800f484        0xc /Applications/STM32CubeIDE.app/Contents/Eclipse/plugins/com.st.stm32cube.ide.mcu.externaltools.gnu-tools-for-stm32.10.3-2021.10.macos64_1.0.0.202111181127/tools/bin/../lib/gcc/arm-none-eabi/10.3.1/../../../../arm-none-eabi/lib/thumb/v7e-m+fp/hard/libc_nano.a(lib_a-errno.o)
                0x000000000800f484                __errno
 .text.__libc_init_array
                0x000000000800f490       0x48 /Applications/STM32CubeIDE.app/Contents/Eclipse/plugins/com.st.stm32cube.ide.mcu.externaltools.gnu-tools-for-stm32.10.3-2021.10.macos64_1.0.0.202111181127/tools/bin/../lib/gcc/arm-none-eabi/10.3.1/../../../../arm-none-eabi/lib/thumb/v7e-m+fp/hard/libc_nano.a(lib_a-init.o)
                0x000000000800f490                __libc_init_array
 .text.malloc   0x000000000800f4d8       0x10 /Applications/STM32CubeIDE.app/Contents/Eclipse/plugins/com.st.stm32cube.ide.mcu.externaltools.gnu-tools-for-stm32.10.3-2021.10.macos64_1.0.0.202111181127/tools/bin/../lib/gcc/arm-none-eabi/10.3.1/../../../../arm-none-eabi/lib/thumb/v7e-m+fp/hard/libc_nano.a(lib_a-malloc.o)
                0x000000000800f4d8                malloc
 .text.free     0x000000000800f4e8       0x10 /Applications/STM32CubeIDE.app/Contents/Eclipse/plugins/com.st.stm32cube.ide.mcu.externaltools.gnu-tools-for-stm32.10.3-2021.10.macos64_1.0.0.202111181127/tools/bin/../lib/gcc/arm-none-eabi/10.3.1/../../../../arm-none-eabi/lib/thumb/v7e-m+fp/hard/libc_nano.a(lib_a-malloc.o)
                0x000000000800f4e8                free
 .text.memcpy   0x000000000800f4f8       0x1c /Applications/STM32CubeIDE.app/Contents/Eclipse/plugins/com.st.stm32cube.ide.mcu.externaltools.gnu-tools-for-stm32.10.3-2021.10.macos64_1.0.0.202111181127/tools/bin/../lib/gcc/arm-none-eabi/10.3.1/../../../../arm-none-eabi/lib/thumb/v7e-m+fp/hard/libc_nano.a(lib_a-memcpy-stub.o)
                0x000000000800f4f8                memcpy
 .text.memset   0x000000000800f514       0x10 /Applications/STM32CubeIDE.app/Contents/Eclipse/plugins/com.st.stm32cube.ide.mcu.externaltools.gnu-tools-for-stm32.10.3-2021.10.macos64_1.0.0.202111181127/tools/bin/../lib/gcc/arm-none-eabi/10.3.1/../../../../arm-none-eabi/lib/thumb/v7e-m+fp/hard/libc_nano.a(lib_a-memset.o)
                0x000000000800f514                memset
 .text._free_r  0x000000000800f524       0x98 /Applications/STM32CubeIDE.app/Contents/Eclipse/plugins/com.st.stm32cube.ide.mcu.externaltools.gnu-tools-for-stm32.10.3-2021.10.macos64_1.0.0.202111181127/tools/bin/../lib/gcc/arm-none-eabi/10.3.1/../../../../arm-none-eabi/lib/thumb/v7e-m+fp/hard/libc_nano.a(lib_a-nano-freer.o)
                0x000000000800f524                _free_r
 .text.sbrk_aligned
                0x000000000800f5bc       0x40 /Applications/STM32CubeIDE.app/Contents/Eclipse/plugins/com.st.stm32cube.ide.mcu.externaltools.gnu-tools-for-stm32.10.3-2021.10.macos64_1.0.0.202111181127/tools/bin/../lib/gcc/arm-none-eabi/10.3.1/../../../../arm-none-eabi/lib/thumb/v7e-m+fp/hard/libc_nano.a(lib_a-nano-mallocr.o)
 .text._malloc_r
                0x000000000800f5fc       0xe8 /Applications/STM32CubeIDE.app/Contents/Eclipse/plugins/com.st.stm32cube.ide.mcu.externaltools.gnu-tools-for-stm32.10.3-2021.10.macos64_1.0.0.202111181127/tools/bin/../lib/gcc/arm-none-eabi/10.3.1/../../../../arm-none-eabi/lib/thumb/v7e-m+fp/hard/libc_nano.a(lib_a-nano-mallocr.o)
                0x000000000800f5fc                _malloc_r
 .text._puts_r  0x000000000800f6e4       0xdc /Applications/STM32CubeIDE.app/Contents/Eclipse/plugins/com.st.stm32cube.ide.mcu.externaltools.gnu-tools-for-stm32.10.3-2021.10.macos64_1.0.0.202111181127/tools/bin/../lib/gcc/arm-none-eabi/10.3.1/../../../../arm-none-eabi/lib/thumb/v7e-m+fp/hard/libc_nano.a(lib_a-puts.o)
                0x000000000800f6e4                _puts_r
 .text.puts     0x000000000800f7c0       0x10 /Applications/STM32CubeIDE.app/Contents/Eclipse/plugins/com.st.stm32cube.ide.mcu.externaltools.gnu-tools-for-stm32.10.3-2021.10.macos64_1.0.0.202111181127/tools/bin/../lib/gcc/arm-none-eabi/10.3.1/../../../../arm-none-eabi/lib/thumb/v7e-m+fp/hard/libc_nano.a(lib_a-puts.o)
                0x000000000800f7c0                puts
 .text._sbrk_r  0x000000000800f7d0       0x20 /Applications/STM32CubeIDE.app/Contents/Eclipse/plugins/com.st.stm32cube.ide.mcu.externaltools.gnu-tools-for-stm32.10.3-2021.10.macos64_1.0.0.202111181127/tools/bin/../lib/gcc/arm-none-eabi/10.3.1/../../../../arm-none-eabi/lib/thumb/v7e-m+fp/hard/libc_nano.a(lib_a-sbrkr.o)
                0x000000000800f7d0                _sbrk_r
 .text.sprintf  0x000000000800f7f0       0x40 /Applications/STM32CubeIDE.app/Contents/Eclipse/plugins/com.st.stm32cube.ide.mcu.externaltools.gnu-tools-for-stm32.10.3-2021.10.macos64_1.0.0.202111181127/tools/bin/../lib/gcc/arm-none-eabi/10.3.1/../../../../arm-none-eabi/lib/thumb/v7e-m+fp/hard/libc_nano.a(lib_a-sprintf.o)
                0x000000000800f7f0                sprintf
                0x000000000800f7f0                siprintf
 .text.__swbuf_r
                0x000000000800f830       0xa4 /Applications/STM32CubeIDE.app/Contents/Eclipse/plugins/com.st.stm32cube.ide.mcu.externaltools.gnu-tools-for-stm32.10.3-2021.10.macos64_1.0.0.202111181127/tools/bin/../lib/gcc/arm-none-eabi/10.3.1/../../../../arm-none-eabi/lib/thumb/v7e-m+fp/hard/libc_nano.a(lib_a-wbuf.o)
                0x000000000800f830                __swbuf_r
 .text.__swsetup_r
                0x000000000800f8d4       0xdc /Applications/STM32CubeIDE.app/Contents/Eclipse/plugins/com.st.stm32cube.ide.mcu.externaltools.gnu-tools-for-stm32.10.3-2021.10.macos64_1.0.0.202111181127/tools/bin/../lib/gcc/arm-none-eabi/10.3.1/../../../../arm-none-eabi/lib/thumb/v7e-m+fp/hard/libc_nano.a(lib_a-wsetup.o)
                0x000000000800f8d4                __swsetup_r
 .text.__sflush_r
                0x000000000800f9b0      0x10c /Applications/STM32CubeIDE.app/Contents/Eclipse/plugins/com.st.stm32cube.ide.mcu.externaltools.gnu-tools-for-stm32.10.3-2021.10.macos64_1.0.0.202111181127/tools/bin/../lib/gcc/arm-none-eabi/10.3.1/../../../../arm-none-eabi/lib/thumb/v7e-m+fp/hard/libc_nano.a(lib_a-fflush.o)
                0x000000000800f9b0                __sflush_r
 .text._fflush_r
                0x000000000800fabc       0x78 /Applications/STM32CubeIDE.app/Contents/Eclipse/plugins/com.st.stm32cube.ide.mcu.externaltools.gnu-tools-for-stm32.10.3-2021.10.macos64_1.0.0.202111181127/tools/bin/../lib/gcc/arm-none-eabi/10.3.1/../../../../arm-none-eabi/lib/thumb/v7e-m+fp/hard/libc_nano.a(lib_a-fflush.o)
                0x000000000800fabc                _fflush_r
 .text.std      0x000000000800fb34       0x48 /Applications/STM32CubeIDE.app/Contents/Eclipse/plugins/com.st.stm32cube.ide.mcu.externaltools.gnu-tools-for-stm32.10.3-2021.10.macos64_1.0.0.202111181127/tools/bin/../lib/gcc/arm-none-eabi/10.3.1/../../../../arm-none-eabi/lib/thumb/v7e-m+fp/hard/libc_nano.a(lib_a-findfp.o)
 .text._cleanup_r
                0x000000000800fb7c        0xc /Applications/STM32CubeIDE.app/Contents/Eclipse/plugins/com.st.stm32cube.ide.mcu.externaltools.gnu-tools-for-stm32.10.3-2021.10.macos64_1.0.0.202111181127/tools/bin/../lib/gcc/arm-none-eabi/10.3.1/../../../../arm-none-eabi/lib/thumb/v7e-m+fp/hard/libc_nano.a(lib_a-findfp.o)
                0x000000000800fb7c                _cleanup_r
 .text.__sfmoreglue
                0x000000000800fb88       0x2c /Applications/STM32CubeIDE.app/Contents/Eclipse/plugins/com.st.stm32cube.ide.mcu.externaltools.gnu-tools-for-stm32.10.3-2021.10.macos64_1.0.0.202111181127/tools/bin/../lib/gcc/arm-none-eabi/10.3.1/../../../../arm-none-eabi/lib/thumb/v7e-m+fp/hard/libc_nano.a(lib_a-findfp.o)
                0x000000000800fb88                __sfmoreglue
 .text.__sfp_lock_acquire
                0x000000000800fbb4        0xc /Applications/STM32CubeIDE.app/Contents/Eclipse/plugins/com.st.stm32cube.ide.mcu.externaltools.gnu-tools-for-stm32.10.3-2021.10.macos64_1.0.0.202111181127/tools/bin/../lib/gcc/arm-none-eabi/10.3.1/../../../../arm-none-eabi/lib/thumb/v7e-m+fp/hard/libc_nano.a(lib_a-findfp.o)
                0x000000000800fbb4                __sfp_lock_acquire
 .text.__sfp_lock_release
                0x000000000800fbc0        0xc /Applications/STM32CubeIDE.app/Contents/Eclipse/plugins/com.st.stm32cube.ide.mcu.externaltools.gnu-tools-for-stm32.10.3-2021.10.macos64_1.0.0.202111181127/tools/bin/../lib/gcc/arm-none-eabi/10.3.1/../../../../arm-none-eabi/lib/thumb/v7e-m+fp/hard/libc_nano.a(lib_a-findfp.o)
                0x000000000800fbc0                __sfp_lock_release
 .text.__sinit_lock_acquire
                0x000000000800fbcc        0xc /Applications/STM32CubeIDE.app/Contents/Eclipse/plugins/com.st.stm32cube.ide.mcu.externaltools.gnu-tools-for-stm32.10.3-2021.10.macos64_1.0.0.202111181127/tools/bin/../lib/gcc/arm-none-eabi/10.3.1/../../../../arm-none-eabi/lib/thumb/v7e-m+fp/hard/libc_nano.a(lib_a-findfp.o)
                0x000000000800fbcc                __sinit_lock_acquire
 .text.__sinit_lock_release
                0x000000000800fbd8        0xc /Applications/STM32CubeIDE.app/Contents/Eclipse/plugins/com.st.stm32cube.ide.mcu.externaltools.gnu-tools-for-stm32.10.3-2021.10.macos64_1.0.0.202111181127/tools/bin/../lib/gcc/arm-none-eabi/10.3.1/../../../../arm-none-eabi/lib/thumb/v7e-m+fp/hard/libc_nano.a(lib_a-findfp.o)
                0x000000000800fbd8                __sinit_lock_release
 .text.__sinit  0x000000000800fbe4       0x70 /Applications/STM32CubeIDE.app/Contents/Eclipse/plugins/com.st.stm32cube.ide.mcu.externaltools.gnu-tools-for-stm32.10.3-2021.10.macos64_1.0.0.202111181127/tools/bin/../lib/gcc/arm-none-eabi/10.3.1/../../../../arm-none-eabi/lib/thumb/v7e-m+fp/hard/libc_nano.a(lib_a-findfp.o)
                0x000000000800fbe4                __sinit
 .text.__sfp    0x000000000800fc54       0x8c /Applications/STM32CubeIDE.app/Contents/Eclipse/plugins/com.st.stm32cube.ide.mcu.externaltools.gnu-tools-for-stm32.10.3-2021.10.macos64_1.0.0.202111181127/tools/bin/../lib/gcc/arm-none-eabi/10.3.1/../../../../arm-none-eabi/lib/thumb/v7e-m+fp/hard/libc_nano.a(lib_a-findfp.o)
                0x000000000800fc54                __sfp
 .text._fwalk_reent
                0x000000000800fce0       0x3e /Applications/STM32CubeIDE.app/Contents/Eclipse/plugins/com.st.stm32cube.ide.mcu.externaltools.gnu-tools-for-stm32.10.3-2021.10.macos64_1.0.0.202111181127/tools/bin/../lib/gcc/arm-none-eabi/10.3.1/../../../../arm-none-eabi/lib/thumb/v7e-m+fp/hard/libc_nano.a(lib_a-fwalk.o)
                0x000000000800fce0                _fwalk_reent
 .text.__retarget_lock_init_recursive
                0x000000000800fd1e        0x2 /Applications/STM32CubeIDE.app/Contents/Eclipse/plugins/com.st.stm32cube.ide.mcu.externaltools.gnu-tools-for-stm32.10.3-2021.10.macos64_1.0.0.202111181127/tools/bin/../lib/gcc/arm-none-eabi/10.3.1/../../../../arm-none-eabi/lib/thumb/v7e-m+fp/hard/libc_nano.a(lib_a-lock.o)
                0x000000000800fd1e                __retarget_lock_init_recursive
 .text.__retarget_lock_acquire_recursive
                0x000000000800fd20        0x2 /Applications/STM32CubeIDE.app/Contents/Eclipse/plugins/com.st.stm32cube.ide.mcu.externaltools.gnu-tools-for-stm32.10.3-2021.10.macos64_1.0.0.202111181127/tools/bin/../lib/gcc/arm-none-eabi/10.3.1/../../../../arm-none-eabi/lib/thumb/v7e-m+fp/hard/libc_nano.a(lib_a-lock.o)
                0x000000000800fd20                __retarget_lock_acquire_recursive
 .text.__retarget_lock_release_recursive
                0x000000000800fd22        0x2 /Applications/STM32CubeIDE.app/Contents/Eclipse/plugins/com.st.stm32cube.ide.mcu.externaltools.gnu-tools-for-stm32.10.3-2021.10.macos64_1.0.0.202111181127/tools/bin/../lib/gcc/arm-none-eabi/10.3.1/../../../../arm-none-eabi/lib/thumb/v7e-m+fp/hard/libc_nano.a(lib_a-lock.o)
                0x000000000800fd22                __retarget_lock_release_recursive
 .text.__swhatbuf_r
                0x000000000800fd24       0x4a /Applications/STM32CubeIDE.app/Contents/Eclipse/plugins/com.st.stm32cube.ide.mcu.externaltools.gnu-tools-for-stm32.10.3-2021.10.macos64_1.0.0.202111181127/tools/bin/../lib/gcc/arm-none-eabi/10.3.1/../../../../arm-none-eabi/lib/thumb/v7e-m+fp/hard/libc_nano.a(lib_a-makebuf.o)
                0x000000000800fd24                __swhatbuf_r
 *fill*         0x000000000800fd6e        0x2 
 .text.__smakebuf_r
                0x000000000800fd70       0x80 /Applications/STM32CubeIDE.app/Contents/Eclipse/plugins/com.st.stm32cube.ide.mcu.externaltools.gnu-tools-for-stm32.10.3-2021.10.macos64_1.0.0.202111181127/tools/bin/../lib/gcc/arm-none-eabi/10.3.1/../../../../arm-none-eabi/lib/thumb/v7e-m+fp/hard/libc_nano.a(lib_a-makebuf.o)
                0x000000000800fd70                __smakebuf_r
 .text.__malloc_lock
                0x000000000800fdf0        0xc /Applications/STM32CubeIDE.app/Contents/Eclipse/plugins/com.st.stm32cube.ide.mcu.externaltools.gnu-tools-for-stm32.10.3-2021.10.macos64_1.0.0.202111181127/tools/bin/../lib/gcc/arm-none-eabi/10.3.1/../../../../arm-none-eabi/lib/thumb/v7e-m+fp/hard/libc_nano.a(lib_a-mlock.o)
                0x000000000800fdf0                __malloc_lock
 .text.__malloc_unlock
                0x000000000800fdfc        0xc /Applications/STM32CubeIDE.app/Contents/Eclipse/plugins/com.st.stm32cube.ide.mcu.externaltools.gnu-tools-for-stm32.10.3-2021.10.macos64_1.0.0.202111181127/tools/bin/../lib/gcc/arm-none-eabi/10.3.1/../../../../arm-none-eabi/lib/thumb/v7e-m+fp/hard/libc_nano.a(lib_a-mlock.o)
                0x000000000800fdfc                __malloc_unlock
 .text.__ssputs_r
                0x000000000800fe08       0xb6 /Applications/STM32CubeIDE.app/Contents/Eclipse/plugins/com.st.stm32cube.ide.mcu.externaltools.gnu-tools-for-stm32.10.3-2021.10.macos64_1.0.0.202111181127/tools/bin/../lib/gcc/arm-none-eabi/10.3.1/../../../../arm-none-eabi/lib/thumb/v7e-m+fp/hard/libc_nano.a(lib_a-nano-svfprintf.o)
                0x000000000800fe08                __ssputs_r
 *fill*         0x000000000800febe        0x2 
 .text._svfprintf_r
                0x000000000800fec0      0x200 /Applications/STM32CubeIDE.app/Contents/Eclipse/plugins/com.st.stm32cube.ide.mcu.externaltools.gnu-tools-for-stm32.10.3-2021.10.macos64_1.0.0.202111181127/tools/bin/../lib/gcc/arm-none-eabi/10.3.1/../../../../arm-none-eabi/lib/thumb/v7e-m+fp/hard/libc_nano.a(lib_a-nano-svfprintf.o)
                0x000000000800fec0                _svfprintf_r
                0x000000000800fec0                _svfiprintf_r
 .text._printf_common
                0x00000000080100c0       0xda /Applications/STM32CubeIDE.app/Contents/Eclipse/plugins/com.st.stm32cube.ide.mcu.externaltools.gnu-tools-for-stm32.10.3-2021.10.macos64_1.0.0.202111181127/tools/bin/../lib/gcc/arm-none-eabi/10.3.1/../../../../arm-none-eabi/lib/thumb/v7e-m+fp/hard/libc_nano.a(lib_a-nano-vfprintf_i.o)
                0x00000000080100c0                _printf_common
 *fill*         0x000000000801019a        0x2 
 .text._printf_i
                0x000000000801019c      0x24c /Applications/STM32CubeIDE.app/Contents/Eclipse/plugins/com.st.stm32cube.ide.mcu.externaltools.gnu-tools-for-stm32.10.3-2021.10.macos64_1.0.0.202111181127/tools/bin/../lib/gcc/arm-none-eabi/10.3.1/../../../../arm-none-eabi/lib/thumb/v7e-m+fp/hard/libc_nano.a(lib_a-nano-vfprintf_i.o)
                0x000000000801019c                _printf_i
 .text.__sread  0x00000000080103e8       0x22 /Applications/STM32CubeIDE.app/Contents/Eclipse/plugins/com.st.stm32cube.ide.mcu.externaltools.gnu-tools-for-stm32.10.3-2021.10.macos64_1.0.0.202111181127/tools/bin/../lib/gcc/arm-none-eabi/10.3.1/../../../../arm-none-eabi/lib/thumb/v7e-m+fp/hard/libc_nano.a(lib_a-stdio.o)
                0x00000000080103e8                __sread
 .text.__swrite
                0x000000000801040a       0x38 /Applications/STM32CubeIDE.app/Contents/Eclipse/plugins/com.st.stm32cube.ide.mcu.externaltools.gnu-tools-for-stm32.10.3-2021.10.macos64_1.0.0.202111181127/tools/bin/../lib/gcc/arm-none-eabi/10.3.1/../../../../arm-none-eabi/lib/thumb/v7e-m+fp/hard/libc_nano.a(lib_a-stdio.o)
                0x000000000801040a                __swrite
 .text.__sseek  0x0000000008010442       0x24 /Applications/STM32CubeIDE.app/Contents/Eclipse/plugins/com.st.stm32cube.ide.mcu.externaltools.gnu-tools-for-stm32.10.3-2021.10.macos64_1.0.0.202111181127/tools/bin/../lib/gcc/arm-none-eabi/10.3.1/../../../../arm-none-eabi/lib/thumb/v7e-m+fp/hard/libc_nano.a(lib_a-stdio.o)
                0x0000000008010442                __sseek
 .text.__sclose
                0x0000000008010466        0x8 /Applications/STM32CubeIDE.app/Contents/Eclipse/plugins/com.st.stm32cube.ide.mcu.externaltools.gnu-tools-for-stm32.10.3-2021.10.macos64_1.0.0.202111181127/tools/bin/../lib/gcc/arm-none-eabi/10.3.1/../../../../arm-none-eabi/lib/thumb/v7e-m+fp/hard/libc_nano.a(lib_a-stdio.o)
                0x0000000008010466                __sclose
 *fill*         0x000000000801046e        0x2 
 .text._write_r
                0x0000000008010470       0x24 /Applications/STM32CubeIDE.app/Contents/Eclipse/plugins/com.st.stm32cube.ide.mcu.externaltools.gnu-tools-for-stm32.10.3-2021.10.macos64_1.0.0.202111181127/tools/bin/../lib/gcc/arm-none-eabi/10.3.1/../../../../arm-none-eabi/lib/thumb/v7e-m+fp/hard/libc_nano.a(lib_a-writer.o)
                0x0000000008010470                _write_r
 .text._close_r
                0x0000000008010494       0x20 /Applications/STM32CubeIDE.app/Contents/Eclipse/plugins/com.st.stm32cube.ide.mcu.externaltools.gnu-tools-for-stm32.10.3-2021.10.macos64_1.0.0.202111181127/tools/bin/../lib/gcc/arm-none-eabi/10.3.1/../../../../arm-none-eabi/lib/thumb/v7e-m+fp/hard/libc_nano.a(lib_a-closer.o)
                0x0000000008010494                _close_r
 .text._fstat_r
                0x00000000080104b4       0x24 /Applications/STM32CubeIDE.app/Contents/Eclipse/plugins/com.st.stm32cube.ide.mcu.externaltools.gnu-tools-for-stm32.10.3-2021.10.macos64_1.0.0.202111181127/tools/bin/../lib/gcc/arm-none-eabi/10.3.1/../../../../arm-none-eabi/lib/thumb/v7e-m+fp/hard/libc_nano.a(lib_a-fstatr.o)
                0x00000000080104b4                _fstat_r
 .text._isatty_r
                0x00000000080104d8       0x20 /Applications/STM32CubeIDE.app/Contents/Eclipse/plugins/com.st.stm32cube.ide.mcu.externaltools.gnu-tools-for-stm32.10.3-2021.10.macos64_1.0.0.202111181127/tools/bin/../lib/gcc/arm-none-eabi/10.3.1/../../../../arm-none-eabi/lib/thumb/v7e-m+fp/hard/libc_nano.a(lib_a-isattyr.o)
                0x00000000080104d8                _isatty_r
 .text._lseek_r
                0x00000000080104f8       0x24 /Applications/STM32CubeIDE.app/Contents/Eclipse/plugins/com.st.stm32cube.ide.mcu.externaltools.gnu-tools-for-stm32.10.3-2021.10.macos64_1.0.0.202111181127/tools/bin/../lib/gcc/arm-none-eabi/10.3.1/../../../../arm-none-eabi/lib/thumb/v7e-m+fp/hard/libc_nano.a(lib_a-lseekr.o)
                0x00000000080104f8                _lseek_r
 .text.memmove  0x000000000801051c       0x34 /Applications/STM32CubeIDE.app/Contents/Eclipse/plugins/com.st.stm32cube.ide.mcu.externaltools.gnu-tools-for-stm32.10.3-2021.10.macos64_1.0.0.202111181127/tools/bin/../lib/gcc/arm-none-eabi/10.3.1/../../../../arm-none-eabi/lib/thumb/v7e-m+fp/hard/libc_nano.a(lib_a-memmove.o)
                0x000000000801051c                memmove
 .text._realloc_r
                0x0000000008010550       0x5e /Applications/STM32CubeIDE.app/Contents/Eclipse/plugins/com.st.stm32cube.ide.mcu.externaltools.gnu-tools-for-stm32.10.3-2021.10.macos64_1.0.0.202111181127/tools/bin/../lib/gcc/arm-none-eabi/10.3.1/../../../../arm-none-eabi/lib/thumb/v7e-m+fp/hard/libc_nano.a(lib_a-nano-reallocr.o)
                0x0000000008010550                _realloc_r
 *fill*         0x00000000080105ae        0x2 
 .text._read_r  0x00000000080105b0       0x24 /Applications/STM32CubeIDE.app/Contents/Eclipse/plugins/com.st.stm32cube.ide.mcu.externaltools.gnu-tools-for-stm32.10.3-2021.10.macos64_1.0.0.202111181127/tools/bin/../lib/gcc/arm-none-eabi/10.3.1/../../../../arm-none-eabi/lib/thumb/v7e-m+fp/hard/libc_nano.a(lib_a-readr.o)
                0x00000000080105b0                _read_r
 .text._malloc_usable_size_r
                0x00000000080105d4       0x10 /Applications/STM32CubeIDE.app/Contents/Eclipse/plugins/com.st.stm32cube.ide.mcu.externaltools.gnu-tools-for-stm32.10.3-2021.10.macos64_1.0.0.202111181127/tools/bin/../lib/gcc/arm-none-eabi/10.3.1/../../../../arm-none-eabi/lib/thumb/v7e-m+fp/hard/libc_nano.a(lib_a-nano-msizer.o)
                0x00000000080105d4                _malloc_usable_size_r
 *(.glue_7)
 .glue_7        0x00000000080105e4        0x0 linker stubs
 *(.glue_7t)
 .glue_7t       0x00000000080105e4        0x0 linker stubs
 *(.eh_frame)
 .eh_frame      0x00000000080105e4        0x0 /Applications/STM32CubeIDE.app/Contents/Eclipse/plugins/com.st.stm32cube.ide.mcu.externaltools.gnu-tools-for-stm32.10.3-2021.10.macos64_1.0.0.202111181127/tools/bin/../lib/gcc/arm-none-eabi/10.3.1/thumb/v7e-m+fp/hard/crtbegin.o
 *(.init)
 .init          0x00000000080105e4        0x4 /Applications/STM32CubeIDE.app/Contents/Eclipse/plugins/com.st.stm32cube.ide.mcu.externaltools.gnu-tools-for-stm32.10.3-2021.10.macos64_1.0.0.202111181127/tools/bin/../lib/gcc/arm-none-eabi/10.3.1/thumb/v7e-m+fp/hard/crti.o
                0x00000000080105e4                _init
 .init          0x00000000080105e8        0x8 /Applications/STM32CubeIDE.app/Contents/Eclipse/plugins/com.st.stm32cube.ide.mcu.externaltools.gnu-tools-for-stm32.10.3-2021.10.macos64_1.0.0.202111181127/tools/bin/../lib/gcc/arm-none-eabi/10.3.1/thumb/v7e-m+fp/hard/crtn.o
 *(.fini)
 .fini          0x00000000080105f0        0x4 /Applications/STM32CubeIDE.app/Contents/Eclipse/plugins/com.st.stm32cube.ide.mcu.externaltools.gnu-tools-for-stm32.10.3-2021.10.macos64_1.0.0.202111181127/tools/bin/../lib/gcc/arm-none-eabi/10.3.1/thumb/v7e-m+fp/hard/crti.o
                0x00000000080105f0                _fini
 .fini          0x00000000080105f4        0x8 /Applications/STM32CubeIDE.app/Contents/Eclipse/plugins/com.st.stm32cube.ide.mcu.externaltools.gnu-tools-for-stm32.10.3-2021.10.macos64_1.0.0.202111181127/tools/bin/../lib/gcc/arm-none-eabi/10.3.1/thumb/v7e-m+fp/hard/crtn.o
                0x00000000080105fc                . = ALIGN (0x4)
                0x00000000080105fc                _etext = .

.vfp11_veneer   0x00000000080105fc        0x0
 .vfp11_veneer  0x00000000080105fc        0x0 linker stubs

.v4_bx          0x00000000080105fc        0x0
 .v4_bx         0x00000000080105fc        0x0 linker stubs

.iplt           0x00000000080105fc        0x0
 .iplt          0x00000000080105fc        0x0 /Applications/STM32CubeIDE.app/Contents/Eclipse/plugins/com.st.stm32cube.ide.mcu.externaltools.gnu-tools-for-stm32.10.3-2021.10.macos64_1.0.0.202111181127/tools/bin/../lib/gcc/arm-none-eabi/10.3.1/thumb/v7e-m+fp/hard/crtbegin.o

.rodata         0x00000000080105fc      0xabc
                0x00000000080105fc                . = ALIGN (0x4)
 *(.rodata)
 .rodata        0x00000000080105fc      0x4ea ./Core/Src/File_Handling.o
 *fill*         0x0000000008010ae6        0x2 
 .rodata        0x0000000008010ae8        0x4 ./Middlewares/ST/STM32_USB_Host_Library/Class/MSC/Src/usbh_msc.o
 .rodata        0x0000000008010aec       0x54 ./Middlewares/Third_Party/FatFs/src/ff.o
 .rodata        0x0000000008010b40       0x43 ./USB_HOST/App/usb_host.o
 *(.rodata*)
 *fill*         0x0000000008010b83        0x1 
 .rodata.AHBPrescTable
                0x0000000008010b84       0x10 ./Core/Src/system_stm32l4xx.o
                0x0000000008010b84                AHBPrescTable
 .rodata.APBPrescTable
                0x0000000008010b94        0x8 ./Core/Src/system_stm32l4xx.o
                0x0000000008010b94                APBPrescTable
 .rodata.MSIRangeTable
                0x0000000008010b9c       0x30 ./Core/Src/system_stm32l4xx.o
                0x0000000008010b9c                MSIRangeTable
 .rodata.USBH_Driver
                0x0000000008010bcc       0x14 ./FATFS/Target/usbh_diskio.o
                0x0000000008010bcc                USBH_Driver
 .rodata.ExCvt  0x0000000008010be0       0x80 ./Middlewares/Third_Party/FatFs/src/ff.o
 .rodata.LfnOfs
                0x0000000008010c60        0xd ./Middlewares/Third_Party/FatFs/src/ff.o
 *fill*         0x0000000008010c6d        0x3 
 .rodata.Tbl    0x0000000008010c70      0x100 ./Middlewares/Third_Party/FatFs/src/option/ccsbcs.o
 .rodata.cvt1.1
                0x0000000008010d70      0x1f2 ./Middlewares/Third_Party/FatFs/src/option/ccsbcs.o
 *fill*         0x0000000008010f62        0x2 
 .rodata.cvt2.0
                0x0000000008010f64       0xbc ./Middlewares/Third_Party/FatFs/src/option/ccsbcs.o
 .rodata._global_impure_ptr
                0x0000000008011020        0x4 /Applications/STM32CubeIDE.app/Contents/Eclipse/plugins/com.st.stm32cube.ide.mcu.externaltools.gnu-tools-for-stm32.10.3-2021.10.macos64_1.0.0.202111181127/tools/bin/../lib/gcc/arm-none-eabi/10.3.1/../../../../arm-none-eabi/lib/thumb/v7e-m+fp/hard/libc_nano.a(lib_a-impure.o)
                0x0000000008011020                _global_impure_ptr
 .rodata.__sf_fake_stderr
                0x0000000008011024       0x20 /Applications/STM32CubeIDE.app/Contents/Eclipse/plugins/com.st.stm32cube.ide.mcu.externaltools.gnu-tools-for-stm32.10.3-2021.10.macos64_1.0.0.202111181127/tools/bin/../lib/gcc/arm-none-eabi/10.3.1/../../../../arm-none-eabi/lib/thumb/v7e-m+fp/hard/libc_nano.a(lib_a-findfp.o)
                0x0000000008011024                __sf_fake_stderr
 .rodata.__sf_fake_stdin
                0x0000000008011044       0x20 /Applications/STM32CubeIDE.app/Contents/Eclipse/plugins/com.st.stm32cube.ide.mcu.externaltools.gnu-tools-for-stm32.10.3-2021.10.macos64_1.0.0.202111181127/tools/bin/../lib/gcc/arm-none-eabi/10.3.1/../../../../arm-none-eabi/lib/thumb/v7e-m+fp/hard/libc_nano.a(lib_a-findfp.o)
                0x0000000008011044                __sf_fake_stdin
 .rodata.__sf_fake_stdout
                0x0000000008011064       0x20 /Applications/STM32CubeIDE.app/Contents/Eclipse/plugins/com.st.stm32cube.ide.mcu.externaltools.gnu-tools-for-stm32.10.3-2021.10.macos64_1.0.0.202111181127/tools/bin/../lib/gcc/arm-none-eabi/10.3.1/../../../../arm-none-eabi/lib/thumb/v7e-m+fp/hard/libc_nano.a(lib_a-findfp.o)
                0x0000000008011064                __sf_fake_stdout
 .rodata._svfprintf_r.str1.1
                0x0000000008011084       0x11 /Applications/STM32CubeIDE.app/Contents/Eclipse/plugins/com.st.stm32cube.ide.mcu.externaltools.gnu-tools-for-stm32.10.3-2021.10.macos64_1.0.0.202111181127/tools/bin/../lib/gcc/arm-none-eabi/10.3.1/../../../../arm-none-eabi/lib/thumb/v7e-m+fp/hard/libc_nano.a(lib_a-nano-svfprintf.o)
 .rodata._printf_i.str1.1
                0x0000000008011095       0x22 /Applications/STM32CubeIDE.app/Contents/Eclipse/plugins/com.st.stm32cube.ide.mcu.externaltools.gnu-tools-for-stm32.10.3-2021.10.macos64_1.0.0.202111181127/tools/bin/../lib/gcc/arm-none-eabi/10.3.1/../../../../arm-none-eabi/lib/thumb/v7e-m+fp/hard/libc_nano.a(lib_a-nano-vfprintf_i.o)
                0x00000000080110b8                . = ALIGN (0x4)
 *fill*         0x00000000080110b7        0x1 

.ARM.extab      0x00000000080110b8        0x0
                0x00000000080110b8                . = ALIGN (0x4)
 *(.ARM.extab* .gnu.linkonce.armextab.*)
                0x00000000080110b8                . = ALIGN (0x4)

.ARM            0x00000000080110b8        0x8
                0x00000000080110b8                . = ALIGN (0x4)
                0x00000000080110b8                __exidx_start = .
 *(.ARM.exidx*)
 .ARM.exidx     0x00000000080110b8        0x8 /Applications/STM32CubeIDE.app/Contents/Eclipse/plugins/com.st.stm32cube.ide.mcu.externaltools.gnu-tools-for-stm32.10.3-2021.10.macos64_1.0.0.202111181127/tools/bin/../lib/gcc/arm-none-eabi/10.3.1/thumb/v7e-m+fp/hard/libgcc.a(_udivmoddi4.o)
                0x00000000080110c0                __exidx_end = .
                0x00000000080110c0                . = ALIGN (0x4)

.rel.dyn        0x00000000080110c0        0x0
 .rel.iplt      0x00000000080110c0        0x0 /Applications/STM32CubeIDE.app/Contents/Eclipse/plugins/com.st.stm32cube.ide.mcu.externaltools.gnu-tools-for-stm32.10.3-2021.10.macos64_1.0.0.202111181127/tools/bin/../lib/gcc/arm-none-eabi/10.3.1/thumb/v7e-m+fp/hard/crtbegin.o

.preinit_array  0x00000000080110c0        0x0
                0x00000000080110c0                . = ALIGN (0x4)
                0x00000000080110c0                PROVIDE (__preinit_array_start = .)
 *(.preinit_array*)
                0x00000000080110c0                PROVIDE (__preinit_array_end = .)
                0x00000000080110c0                . = ALIGN (0x4)

.init_array     0x00000000080110c0        0x4
                0x00000000080110c0                . = ALIGN (0x4)
                0x00000000080110c0                PROVIDE (__init_array_start = .)
 *(SORT_BY_NAME(.init_array.*))
 *(.init_array*)